#
# There is insufficient memory for the Java Runtime Environment to continue.
# Native memory allocation (mmap) failed to map 12582912 bytes. Error detail: G1 virtual space
# Possible reasons:
#   The system is out of physical RAM or swap space
#   This process is running with CompressedOops enabled, and the Java Heap may be blocking the growth of the native heap
# Possible solutions:
#   Reduce memory load on the system
#   Increase physical memory or swap space
#   Check if swap backing store is full
#   Decrease Java heap size (-Xmx/-Xms)
#   Decrease number of Java threads
#   Decrease Java thread stack sizes (-Xss)
#   Set larger code cache with -XX:ReservedCodeCacheSize=
#   JVM is running with Unscaled Compressed Oops mode in which the Java heap is
#     placed in the first 4GB address space. The Java Heap base address is the
#     maximum limit for the native heap growth. Please use -XX:HeapBaseMinAddress
#     to set the Java Heap base and to place the Java Heap above 4GB virtual address.
# This output file may be truncated or incomplete.
#
#  Out of Memory Error (os_windows.cpp:3732), pid=16408, tid=19924
#
# JRE version: OpenJDK Runtime Environment Temurin-21.0.12.1+1 (21.0.12.1+1) (build 21.0.12.1+1-LTS)
# Java VM: OpenJDK 64-Bit Server VM Temurin-21.0.12.1+1 (21.0.12.1+1-LTS, mixed mode, sharing, tiered, compressed oops, compressed class ptrs, g1 gc, windows-amd64)
# No core dump will be written. Minidumps are not enabled by default on client versions of Windows
#

---------------  S U M M A R Y ------------

Command Line: -XX:MaxMetaspaceSize=512m --add-opens=java.base/java.util=ALL-UNNAMED --add-opens=java.base/java.lang=ALL-UNNAMED --add-opens=java.base/java.lang.invoke=ALL-UNNAMED --add-opens=java.prefs/java.util.prefs=ALL-UNNAMED --add-opens=java.base/java.nio.charset=ALL-UNNAMED --add-opens=java.base/java.net=ALL-UNNAMED --add-opens=java.base/java.util.concurrent.atomic=ALL-UNNAMED -Xmx2048m -Dfile.encoding=utf8 -Duser.country=US -Duser.language=en -Duser.variant -javaagent:D:\gradle_cache\wrapper\dists\gradle-8.7-bin\bhs2wmbdwecv87pi65oeuq5iu\gradle-8.7\lib\agents\gradle-instrumentation-agent-8.7.jar org.gradle.launcher.daemon.bootstrap.GradleDaemon 8.7

Host: Intel(R) Core(TM) i3-10105 CPU @ 3.70GHz, 8 cores, 15G,  Windows 11 , 64 bit Build 26100 (10.0.26100.8328)
Time: Tue Sep  8 11:47:36 2026 India Standard Time elapsed time: 64.163751 seconds (0d 0h 1m 4s)

---------------  T H R E A D  ---------------

Current thread (0x0000023de736fe80):  VMThread "VM Thread"          [id=19924, stack(0x000000f9ef300000,0x000000f9ef400000) (1024K)]

Stack: [0x000000f9ef300000,0x000000f9ef400000]
Native frames: (J=compiled Java code, j=interpreted, Vv=VM code, C=native code)
V  [jvm.dll+0x6d83e9]
V  [jvm.dll+0x8b5736]
V  [jvm.dll+0x8b7cee]
V  [jvm.dll+0x8b83d3]
V  [jvm.dll+0x284596]
V  [jvm.dll+0x6d4d05]
V  [jvm.dll+0x6c898a]
V  [jvm.dll+0x35f2f8]
V  [jvm.dll+0x366f36]
V  [jvm.dll+0x3b804e]
V  [jvm.dll+0x3b82f8]
V  [jvm.dll+0x33320c]
V  [jvm.dll+0x335a59]
V  [jvm.dll+0x33fcb6]
V  [jvm.dll+0x3753df]
V  [jvm.dll+0x8be0c0]
V  [jvm.dll+0x8bf434]
V  [jvm.dll+0x8bf960]
V  [jvm.dll+0x8bfc03]
V  [jvm.dll+0x8600cd]
V  [jvm.dll+0x6d6c1d]
C  [ucrtbase.dll+0x37b0]
C  [KERNEL32.DLL+0x2e957]
C  [ntdll.dll+0x427c]

VM_Operation (0x000000f9eeeffa40): G1PauseRemark, mode: safepoint, requested by thread 0x0000023dcfc1a370


---------------  P R O C E S S  ---------------

Threads class SMR info:
_java_thread_list=0x0000023df1837e50, length=86, elements={
0x0000023dcd796440, 0x0000023de738f140, 0x0000023de7392720, 0x0000023de73946f0,
0x0000023de7395150, 0x0000023de7395bb0, 0x0000023de7396610, 0x0000023de73973a0,
0x0000023de73a0620, 0x0000023de75ef600, 0x0000023de760a3d0, 0x0000023dece893d0,
0x0000023dec1c4be0, 0x0000023de74f7b10, 0x0000023de7513fc0, 0x0000023de74f8180,
0x0000023decf40e90, 0x0000023de7670ef0, 0x0000023de7968290, 0x0000023de7968920,
0x0000023de7968fb0, 0x0000023de7969640, 0x0000023de796a9f0, 0x0000023de796a360,
0x0000023de7967570, 0x0000023ded20f140, 0x0000023ded20d700, 0x0000023ded20dd90,
0x0000023ded20fe60, 0x0000023ded20e420, 0x0000023ded2104f0, 0x0000023ded20d070,
0x0000023ded211210, 0x0000023ded2125c0, 0x0000023ded212c50, 0x0000023ded2132e0,
0x0000023ded213970, 0x0000023ded214690, 0x0000023def0a0190, 0x0000023def09f470,
0x0000023def0a28f0, 0x0000023def0a1540, 0x0000023def0a0eb0, 0x0000023def0a1bd0,
0x0000023def0a2f80, 0x0000023def09fb00, 0x0000023def0a3ca0, 0x0000023def0a3610,
0x0000023def0a0820, 0x0000023def0a5050, 0x0000023def0a6400, 0x0000023def0a6a90,
0x0000023de7969cd0, 0x0000023def54a4e0, 0x0000023def549130, 0x0000023def548410,
0x0000023def54ab70, 0x0000023def54b200, 0x0000023def54b890, 0x0000023def5497c0,
0x0000023def549e50, 0x0000023def54bf20, 0x0000023def548aa0, 0x0000023def54dff0,
0x0000023def54d960, 0x0000023def54e680, 0x0000023def54ed10, 0x0000023def54f3a0,
0x0000023def54fa30, 0x0000023def54c5b0, 0x0000023def54cc40, 0x0000023def54d2d0,
0x0000023df16d8b60, 0x0000023df16d7120, 0x0000023df16d9880, 0x0000023df16d84d0,
0x0000023df16d91f0, 0x0000023df16d9f10, 0x0000023df16d6a90, 0x0000023df16da5a0,
0x0000023df16d7e40, 0x0000023df16d77b0, 0x0000023df16db2c0, 0x0000023df16dd390,
0x0000023df16dda20, 0x0000023df16db950
}

Java Threads: ( => current thread )
  0x0000023dcd796440 JavaThread "main"                              [_thread_blocked, id=20140, stack(0x000000f9eeb00000,0x000000f9eec00000) (1024K)]
  0x0000023de738f140 JavaThread "Reference Handler"          daemon [_thread_blocked, id=20884, stack(0x000000f9ef400000,0x000000f9ef500000) (1024K)]
  0x0000023de7392720 JavaThread "Finalizer"                  daemon [_thread_blocked, id=4004, stack(0x000000f9ef500000,0x000000f9ef600000) (1024K)]
  0x0000023de73946f0 JavaThread "Signal Dispatcher"          daemon [_thread_blocked, id=16860, stack(0x000000f9ef600000,0x000000f9ef700000) (1024K)]
  0x0000023de7395150 JavaThread "Attach Listener"            daemon [_thread_blocked, id=4596, stack(0x000000f9ef700000,0x000000f9ef800000) (1024K)]
  0x0000023de7395bb0 JavaThread "Service Thread"             daemon [_thread_blocked, id=18968, stack(0x000000f9ef800000,0x000000f9ef900000) (1024K)]
  0x0000023de7396610 JavaThread "Monitor Deflation Thread"   daemon [_thread_blocked, id=19776, stack(0x000000f9ef900000,0x000000f9efa00000) (1024K)]
  0x0000023de73973a0 JavaThread "C2 CompilerThread0"         daemon [_thread_blocked, id=9412, stack(0x000000f9efa00000,0x000000f9efb00000) (1024K)]
  0x0000023de73a0620 JavaThread "C1 CompilerThread0"         daemon [_thread_blocked, id=7720, stack(0x000000f9efb00000,0x000000f9efc00000) (1024K)]
  0x0000023de75ef600 JavaThread "Common-Cleaner"             daemon [_thread_blocked, id=22320, stack(0x000000f9efc00000,0x000000f9efd00000) (1024K)]
  0x0000023de760a3d0 JavaThread "Notification Thread"        daemon [_thread_blocked, id=21884, stack(0x000000f9efd00000,0x000000f9efe00000) (1024K)]
  0x0000023dece893d0 JavaThread "Daemon health stats"               [_thread_blocked, id=19436, stack(0x000000f9f0400000,0x000000f9f0500000) (1024K)]
  0x0000023dec1c4be0 JavaThread "Incoming local TCP Connector on port 61108"        [_thread_in_native, id=11376, stack(0x000000f9f0300000,0x000000f9f0400000) (1024K)]
  0x0000023de74f7b10 JavaThread "Daemon periodic checks"            [_thread_blocked, id=3660, stack(0x000000f9f0500000,0x000000f9f0600000) (1024K)]
  0x0000023de7513fc0 JavaThread "Daemon"                            [_thread_blocked, id=17892, stack(0x000000f9f0600000,0x000000f9f0700000) (1024K)]
  0x0000023de74f8180 JavaThread "Handler for socket connection from /127.0.0.1:61108 to /127.0.0.1:61109"        [_thread_in_native, id=15884, stack(0x000000f9f0700000,0x000000f9f0800000) (1024K)]
  0x0000023decf40e90 JavaThread "Cancel handler"                    [_thread_blocked, id=19584, stack(0x000000f9f0800000,0x000000f9f0900000) (1024K)]
  0x0000023de7670ef0 JavaThread "Daemon worker"                     [_thread_blocked, id=10488, stack(0x000000f9f0900000,0x000000f9f0a00000) (1024K)]
  0x0000023de7968290 JavaThread "Asynchronous log dispatcher for DefaultDaemonConnection: socket connection from /127.0.0.1:61108 to /127.0.0.1:61109"        [_thread_blocked, id=2056, stack(0x000000f9f0a00000,0x000000f9f0b00000) (1024K)]
  0x0000023de7968920 JavaThread "Stdin handler"                     [_thread_blocked, id=9184, stack(0x000000f9f0b00000,0x000000f9f0c00000) (1024K)]
  0x0000023de7968fb0 JavaThread "Daemon client event forwarder"        [_thread_blocked, id=20300, stack(0x000000f9f0c00000,0x000000f9f0d00000) (1024K)]
  0x0000023de7969640 JavaThread "Cache worker for journal cache (D:\gradle_cache\caches\journal-1)"        [_thread_blocked, id=21936, stack(0x000000f9f0d00000,0x000000f9f0e00000) (1024K)]
  0x0000023de796a9f0 JavaThread "File lock request listener"        [_thread_in_native, id=20340, stack(0x000000f9f0e00000,0x000000f9f0f00000) (1024K)]
  0x0000023de796a360 JavaThread "File lock release action executor"        [_thread_blocked, id=12712, stack(0x000000f9f0f00000,0x000000f9f1000000) (1024K)]
  0x0000023de7967570 JavaThread "Cache worker for file hash cache (D:\gradle_cache\caches\8.7\fileHashes)"        [_thread_blocked, id=4552, stack(0x000000f9f1000000,0x000000f9f1100000) (1024K)]
  0x0000023ded20f140 JavaThread "Cache worker for file hash cache (D:\trackboxstudent\android\.gradle\8.7\fileHashes)"        [_thread_blocked, id=22172, stack(0x000000f9f1100000,0x000000f9f1200000) (1024K)]
  0x0000023ded20d700 JavaThread "File watcher server"        daemon [_thread_in_native, id=22580, stack(0x000000f9f1500000,0x000000f9f1600000) (1024K)]
  0x0000023ded20dd90 JavaThread "File watcher consumer"      daemon [_thread_blocked, id=9528, stack(0x000000f9f1600000,0x000000f9f1700000) (1024K)]
  0x0000023ded20fe60 JavaThread "Cache worker for checksums cache (D:\trackboxstudent\android\.gradle\8.7\checksums)"        [_thread_blocked, id=2244, stack(0x000000f9f1700000,0x000000f9f1800000) (1024K)]
  0x0000023ded20e420 JavaThread "Cache worker for cache directory md-supplier (D:\gradle_cache\caches\8.7\md-supplier)"        [_thread_blocked, id=18188, stack(0x000000f9f1800000,0x000000f9f1900000) (1024K)]
  0x0000023ded2104f0 JavaThread "Cache worker for cache directory md-rule (D:\gradle_cache\caches\8.7\md-rule)"        [_thread_blocked, id=19624, stack(0x000000f9f1900000,0x000000f9f1a00000) (1024K)]
  0x0000023ded20d070 JavaThread "Cache worker for file content cache (D:\gradle_cache\caches\8.7\fileContent)"        [_thread_blocked, id=11608, stack(0x000000f9f1a00000,0x000000f9f1b00000) (1024K)]
  0x0000023ded211210 JavaThread "jar transforms"                    [_thread_blocked, id=3524, stack(0x000000f9f1b00000,0x000000f9f1c00000) (1024K)]
  0x0000023ded2125c0 JavaThread "Cache worker for Build Output Cleanup Cache (D:\flutter\packages\flutter_tools\gradle\.gradle\buildOutputCleanup)"        [_thread_blocked, id=8288, stack(0x000000f9f1c00000,0x000000f9f1d00000) (1024K)]
  0x0000023ded212c50 JavaThread "Unconstrained build operations"        [_thread_blocked, id=20556, stack(0x000000f9f1d00000,0x000000f9f1e00000) (1024K)]
  0x0000023ded2132e0 JavaThread "Unconstrained build operations Thread 2"        [_thread_blocked, id=2888, stack(0x000000f9f1e00000,0x000000f9f1f00000) (1024K)]
  0x0000023ded213970 JavaThread "Unconstrained build operations Thread 3"        [_thread_blocked, id=10460, stack(0x000000f9f1f00000,0x000000f9f2000000) (1024K)]
  0x0000023ded214690 JavaThread "Unconstrained build operations Thread 4"        [_thread_blocked, id=4644, stack(0x000000f9f2000000,0x000000f9f2100000) (1024K)]
  0x0000023def0a0190 JavaThread "Unconstrained build operations Thread 5"        [_thread_blocked, id=23368, stack(0x000000f9f2100000,0x000000f9f2200000) (1024K)]
  0x0000023def09f470 JavaThread "Unconstrained build operations Thread 6"        [_thread_blocked, id=19560, stack(0x000000f9f2200000,0x000000f9f2300000) (1024K)]
  0x0000023def0a28f0 JavaThread "Unconstrained build operations Thread 7"        [_thread_blocked, id=17708, stack(0x000000f9f2300000,0x000000f9f2400000) (1024K)]
  0x0000023def0a1540 JavaThread "Unconstrained build operations Thread 8"        [_thread_blocked, id=11788, stack(0x000000f9f2400000,0x000000f9f2500000) (1024K)]
  0x0000023def0a0eb0 JavaThread "Unconstrained build operations Thread 9"        [_thread_blocked, id=17464, stack(0x000000f9f2500000,0x000000f9f2600000) (1024K)]
  0x0000023def0a1bd0 JavaThread "Unconstrained build operations Thread 10"        [_thread_blocked, id=23080, stack(0x000000f9f2600000,0x000000f9f2700000) (1024K)]
  0x0000023def0a2f80 JavaThread "Unconstrained build operations Thread 11"        [_thread_blocked, id=18108, stack(0x000000f9f2700000,0x000000f9f2800000) (1024K)]
  0x0000023def09fb00 JavaThread "Unconstrained build operations Thread 12"        [_thread_blocked, id=15620, stack(0x000000f9f2800000,0x000000f9f2900000) (1024K)]
  0x0000023def0a3ca0 JavaThread "Unconstrained build operations Thread 13"        [_thread_blocked, id=11664, stack(0x000000f9f2900000,0x000000f9f2a00000) (1024K)]
  0x0000023def0a3610 JavaThread "Unconstrained build operations Thread 14"        [_thread_blocked, id=5492, stack(0x000000f9f2a00000,0x000000f9f2b00000) (1024K)]
  0x0000023def0a0820 JavaThread "Memory manager"                    [_thread_blocked, id=23360, stack(0x000000f9f2b00000,0x000000f9f2c00000) (1024K)]
  0x0000023def0a5050 JavaThread "build event listener"              [_thread_blocked, id=22000, stack(0x000000f9f2c00000,0x000000f9f2d00000) (1024K)]
  0x0000023def0a6400 JavaThread "included builds"                   [_thread_blocked, id=14160, stack(0x000000f9eea00000,0x000000f9eeb00000) (1024K)]
  0x0000023def0a6a90 JavaThread "Execution worker"                  [_thread_blocked, id=20476, stack(0x000000f9f2d00000,0x000000f9f2e00000) (1024K)]
  0x0000023de7969cd0 JavaThread "Execution worker Thread 2"         [_thread_blocked, id=2128, stack(0x000000f9f2e00000,0x000000f9f2f00000) (1024K)]
  0x0000023def54a4e0 JavaThread "Execution worker Thread 3"         [_thread_blocked, id=23048, stack(0x000000f9f2f00000,0x000000f9f3000000) (1024K)]
  0x0000023def549130 JavaThread "Execution worker Thread 4"         [_thread_blocked, id=18336, stack(0x000000f9f3000000,0x000000f9f3100000) (1024K)]
  0x0000023def548410 JavaThread "Execution worker Thread 5"         [_thread_blocked, id=18460, stack(0x000000f9f3100000,0x000000f9f3200000) (1024K)]
  0x0000023def54ab70 JavaThread "Execution worker Thread 6"         [_thread_blocked, id=15916, stack(0x000000f9f3200000,0x000000f9f3300000) (1024K)]
  0x0000023def54b200 JavaThread "Execution worker Thread 7"         [_thread_blocked, id=17388, stack(0x000000f9f3300000,0x000000f9f3400000) (1024K)]
  0x0000023def54b890 JavaThread "Cache worker for execution history cache (D:\flutter\packages\flutter_tools\gradle\.gradle\8.7\executionHistory)"        [_thread_blocked, id=21680, stack(0x000000f9f3400000,0x000000f9f3500000) (1024K)]
  0x0000023def5497c0 JavaThread "Unconstrained build operations Thread 15"        [_thread_blocked, id=11948, stack(0x000000f9f3600000,0x000000f9f3700000) (1024K)]
  0x0000023def549e50 JavaThread "Unconstrained build operations Thread 16"        [_thread_blocked, id=15924, stack(0x000000f9f3700000,0x000000f9f3800000) (1024K)]
  0x0000023def54bf20 JavaThread "Unconstrained build operations Thread 17"        [_thread_blocked, id=22900, stack(0x000000f9f3800000,0x000000f9f3900000) (1024K)]
  0x0000023def548aa0 JavaThread "Unconstrained build operations Thread 18"        [_thread_blocked, id=3868, stack(0x000000f9f3900000,0x000000f9f3a00000) (1024K)]
  0x0000023def54dff0 JavaThread "Unconstrained build operations Thread 19"        [_thread_blocked, id=19828, stack(0x000000f9f3a00000,0x000000f9f3b00000) (1024K)]
  0x0000023def54d960 JavaThread "Unconstrained build operations Thread 20"        [_thread_blocked, id=20772, stack(0x000000f9f3b00000,0x000000f9f3c00000) (1024K)]
  0x0000023def54e680 JavaThread "Unconstrained build operations Thread 21"        [_thread_blocked, id=6564, stack(0x000000f9f3c00000,0x000000f9f3d00000) (1024K)]
  0x0000023def54ed10 JavaThread "Unconstrained build operations Thread 22"        [_thread_blocked, id=20764, stack(0x000000f9f3d00000,0x000000f9f3e00000) (1024K)]
  0x0000023def54f3a0 JavaThread "Unconstrained build operations Thread 23"        [_thread_blocked, id=22404, stack(0x000000f9f3e00000,0x000000f9f3f00000) (1024K)]
  0x0000023def54fa30 JavaThread "Unconstrained build operations Thread 24"        [_thread_blocked, id=12092, stack(0x000000f9f3f00000,0x000000f9f4000000) (1024K)]
  0x0000023def54c5b0 JavaThread "Unconstrained build operations Thread 25"        [_thread_blocked, id=17356, stack(0x000000f9f4000000,0x000000f9f4100000) (1024K)]
  0x0000023def54cc40 JavaThread "Unconstrained build operations Thread 26"        [_thread_blocked, id=5264, stack(0x000000f9f4100000,0x000000f9f4200000) (1024K)]
  0x0000023def54d2d0 JavaThread "Unconstrained build operations Thread 27"        [_thread_blocked, id=17628, stack(0x000000f9f4200000,0x000000f9f4300000) (1024K)]
  0x0000023df16d8b60 JavaThread "Unconstrained build operations Thread 28"        [_thread_blocked, id=19848, stack(0x000000f9f4300000,0x000000f9f4400000) (1024K)]
  0x0000023df16d7120 JavaThread "Unconstrained build operations Thread 29"        [_thread_blocked, id=14240, stack(0x000000f9f4400000,0x000000f9f4500000) (1024K)]
  0x0000023df16d9880 JavaThread "Unconstrained build operations Thread 30"        [_thread_blocked, id=19868, stack(0x000000f9f4500000,0x000000f9f4600000) (1024K)]
  0x0000023df16d84d0 JavaThread "Unconstrained build operations Thread 31"        [_thread_blocked, id=17688, stack(0x000000f9f4600000,0x000000f9f4700000) (1024K)]
  0x0000023df16d91f0 JavaThread "Unconstrained build operations Thread 32"        [_thread_blocked, id=10012, stack(0x000000f9f4700000,0x000000f9f4800000) (1024K)]
  0x0000023df16d9f10 JavaThread "Unconstrained build operations Thread 33"        [_thread_blocked, id=14292, stack(0x000000f9f4800000,0x000000f9f4900000) (1024K)]
  0x0000023df16d6a90 JavaThread "Unconstrained build operations Thread 34"        [_thread_blocked, id=8100, stack(0x000000f9f4900000,0x000000f9f4a00000) (1024K)]
  0x0000023df16da5a0 JavaThread "Unconstrained build operations Thread 35"        [_thread_blocked, id=10016, stack(0x000000f9f4a00000,0x000000f9f4b00000) (1024K)]
  0x0000023df16d7e40 JavaThread "Unconstrained build operations Thread 36"        [_thread_blocked, id=8136, stack(0x000000f9f4b00000,0x000000f9f4c00000) (1024K)]
  0x0000023df16d77b0 JavaThread "Unconstrained build operations Thread 37"        [_thread_blocked, id=13596, stack(0x000000f9f4c00000,0x000000f9f4d00000) (1024K)]
  0x0000023df16db2c0 JavaThread "Unconstrained build operations Thread 38"        [_thread_blocked, id=21104, stack(0x000000f9f4d00000,0x000000f9f4e00000) (1024K)]
  0x0000023df16dd390 JavaThread "Unconstrained build operations Thread 39"        [_thread_blocked, id=21096, stack(0x000000f9f4e00000,0x000000f9f4f00000) (1024K)]
  0x0000023df16dda20 JavaThread "Unconstrained build operations Thread 40"        [_thread_blocked, id=10552, stack(0x000000f9f4f00000,0x000000f9f5000000) (1024K)]
  0x0000023df16db950 JavaThread "WorkerExecutor Queue"              [_thread_blocked, id=18800, stack(0x000000f9f3500000,0x000000f9f3600000) (1024K)]
Total: 86

Other Threads:
=>0x0000023de736fe80 VMThread "VM Thread"                           [id=19924, stack(0x000000f9ef300000,0x000000f9ef400000) (1024K)]
  0x0000023de73639e0 WatcherThread "VM Periodic Task Thread"        [id=22680, stack(0x000000f9ef200000,0x000000f9ef300000) (1024K)]
  0x0000023dcfc09570 WorkerThread "GC Thread#0"                     [id=21296, stack(0x000000f9eed00000,0x000000f9eee00000) (1024K)]
  0x0000023de7e170e0 WorkerThread "GC Thread#1"                     [id=4932, stack(0x000000f9efe00000,0x000000f9eff00000) (1024K)]
  0x0000023de7e17490 WorkerThread "GC Thread#2"                     [id=22800, stack(0x000000f9eff00000,0x000000f9f0000000) (1024K)]
  0x0000023de7b4b8f0 WorkerThread "GC Thread#3"                     [id=13356, stack(0x000000f9f0000000,0x000000f9f0100000) (1024K)]
  0x0000023de7b4bca0 WorkerThread "GC Thread#4"                     [id=15984, stack(0x000000f9f0100000,0x000000f9f0200000) (1024K)]
  0x0000023de7ee64c0 WorkerThread "GC Thread#5"                     [id=18212, stack(0x000000f9f0200000,0x000000f9f0300000) (1024K)]
  0x0000023dec29ea00 WorkerThread "GC Thread#6"                     [id=16768, stack(0x000000f9f1200000,0x000000f9f1300000) (1024K)]
  0x0000023ded297f30 WorkerThread "GC Thread#7"                     [id=21800, stack(0x000000f9f1300000,0x000000f9f1400000) (1024K)]
  0x0000023dcfc1a370 ConcurrentGCThread "G1 Main Marker"            [id=17908, stack(0x000000f9eee00000,0x000000f9eef00000) (1024K)]
  0x0000023dcfc1ac90 WorkerThread "G1 Conc#0"                       [id=6764, stack(0x000000f9eef00000,0x000000f9ef000000) (1024K)]
  0x0000023ded297420 WorkerThread "G1 Conc#1"                       [id=17972, stack(0x000000f9f1400000,0x000000f9f1500000) (1024K)]
  0x0000023de722e310 ConcurrentGCThread "G1 Refine#0"               [id=16248, stack(0x000000f9ef000000,0x000000f9ef100000) (1024K)]
  0x0000023de722fb50 ConcurrentGCThread "G1 Service"                [id=6280, stack(0x000000f9ef100000,0x000000f9ef200000) (1024K)]
Total: 15

Threads with active compile tasks:
Total: 0

VM state: at safepoint (normal execution)

VM Mutex/Monitor currently owned by a thread:  ([mutex/lock_event])
[0x00007ff8d3cbf5b0] Threads_lock - owner thread: 0x0000023de736fe80
[0x00007ff8d3cbf6b0] Heap_lock - owner thread: 0x0000023dcfc1a370

Heap address: 0x0000000080000000, size: 2048 MB, Compressed Oops mode: 32-bit

CDS archive(s) mapped at: [0x0000023d80000000-0x0000023d80ba0000-0x0000023d80ba0000), size 12189696, SharedBaseAddress: 0x0000023d80000000, ArchiveRelocationMode: 1.
Compressed class space mapped at: 0x0000023d81000000-0x0000023d9b000000, reserved size: 436207616
Narrow klass base: 0x0000023d80000000, Narrow klass shift: 0, Narrow klass range: 0x100000000

GC Precious Log:
 CardTable entry size: 512
 Card Set container configuration: InlinePtr #cards 5 size 8 Array Of Cards #cards 12 size 40 Howl #buckets 4 coarsen threshold 1843 Howl Bitmap #cards 512 size 80 coarsen threshold 460 Card regions per heap region 1 cards per card region 2048
 CPUs: 8 total, 8 available
 Memory: 16165M
 Large Page Support: Disabled
 NUMA Support: Disabled
 Compressed Oops: Enabled (32-bit)
 Heap Region Size: 1M
 Heap Min Capacity: 8M
 Heap Initial Capacity: 254M
 Heap Max Capacity: 2G
 Pre-touch: Disabled
 Parallel Workers: 8
 Concurrent Workers: 2
 Concurrent Refinement Workers: 8
 Periodic GC: Disabled

Heap:
 garbage-first heap   total 110592K, used 75238K [0x0000000080000000, 0x0000000100000000)
  region size 1024K, 7 young (7168K), 4 survivors (4096K)
 Metaspace       used 72187K, committed 74176K, reserved 491520K
  class space    used 10558K, committed 11520K, reserved 425984K

Heap Regions: E=young(eden), S=young(survivor), O=old, HS=humongous(starts), HC=humongous(continues), CS=collection set, F=free, TAMS=top-at-mark-start, PB=parsable bottom
|   0|0x0000000080000000, 0x0000000080100000, 0x0000000080100000|100%|HS|  |TAMS 0x0000000080100000| PB 0x0000000080000000| Complete 
|   1|0x0000000080100000, 0x0000000080200000, 0x0000000080200000|100%|HC|  |TAMS 0x0000000080200000| PB 0x0000000080100000| Complete 
|   2|0x0000000080200000, 0x0000000080300000, 0x0000000080300000|100%|HC|  |TAMS 0x0000000080300000| PB 0x0000000080200000| Complete 
|   3|0x0000000080300000, 0x0000000080400000, 0x0000000080400000|100%|HC|  |TAMS 0x0000000080400000| PB 0x0000000080300000| Complete 
|   4|0x0000000080400000, 0x0000000080500000, 0x0000000080500000|100%| O|  |TAMS 0x0000000080500000| PB 0x0000000080500000| Untracked 
|   5|0x0000000080500000, 0x0000000080600000, 0x0000000080600000|100%| O|  |TAMS 0x0000000080600000| PB 0x0000000080600000| Untracked 
|   6|0x0000000080600000, 0x0000000080700000, 0x0000000080700000|100%| O|  |TAMS 0x0000000080700000| PB 0x0000000080700000| Untracked 
|   7|0x0000000080700000, 0x0000000080800000, 0x0000000080800000|100%| O|  |TAMS 0x0000000080800000| PB 0x0000000080800000| Untracked 
|   8|0x0000000080800000, 0x0000000080900000, 0x0000000080900000|100%| O|  |TAMS 0x0000000080900000| PB 0x0000000080900000| Untracked 
|   9|0x0000000080900000, 0x0000000080a00000, 0x0000000080a00000|100%| O|  |TAMS 0x0000000080a00000| PB 0x0000000080a00000| Untracked 
|  10|0x0000000080a00000, 0x0000000080b00000, 0x0000000080b00000|100%| O|  |TAMS 0x0000000080b00000| PB 0x0000000080b00000| Untracked 
|  11|0x0000000080b00000, 0x0000000080c00000, 0x0000000080c00000|100%| O|  |TAMS 0x0000000080c00000| PB 0x0000000080c00000| Untracked 
|  12|0x0000000080c00000, 0x0000000080d00000, 0x0000000080d00000|100%| O|  |TAMS 0x0000000080d00000| PB 0x0000000080d00000| Untracked 
|  13|0x0000000080d00000, 0x0000000080e00000, 0x0000000080e00000|100%| O|  |TAMS 0x0000000080e00000| PB 0x0000000080e00000| Untracked 
|  14|0x0000000080e00000, 0x0000000080f00000, 0x0000000080f00000|100%| O|  |TAMS 0x0000000080f00000| PB 0x0000000080f00000| Updating 
|  15|0x0000000080f00000, 0x0000000081000000, 0x0000000081000000|100%| O|  |TAMS 0x0000000081000000| PB 0x0000000081000000| Untracked 
|  16|0x0000000081000000, 0x0000000081100000, 0x0000000081100000|100%| O|  |TAMS 0x0000000081100000| PB 0x0000000081100000| Untracked 
|  17|0x0000000081100000, 0x0000000081200000, 0x0000000081200000|100%| O|  |TAMS 0x0000000081200000| PB 0x0000000081200000| Untracked 
|  18|0x0000000081200000, 0x0000000081300000, 0x0000000081300000|100%| O|  |TAMS 0x0000000081300000| PB 0x0000000081300000| Untracked 
|  19|0x0000000081300000, 0x0000000081400000, 0x0000000081400000|100%| O|  |TAMS 0x0000000081400000| PB 0x0000000081400000| Updating 
|  20|0x0000000081400000, 0x0000000081500000, 0x0000000081500000|100%| O|  |TAMS 0x0000000081500000| PB 0x0000000081500000| Untracked 
|  21|0x0000000081500000, 0x0000000081600000, 0x0000000081600000|100%| O|  |TAMS 0x0000000081600000| PB 0x0000000081600000| Untracked 
|  22|0x0000000081600000, 0x0000000081700000, 0x0000000081700000|100%| O|  |TAMS 0x0000000081700000| PB 0x0000000081700000| Updating 
|  23|0x0000000081700000, 0x0000000081800000, 0x0000000081800000|100%| O|  |TAMS 0x0000000081800000| PB 0x0000000081800000| Updating 
|  24|0x0000000081800000, 0x0000000081900000, 0x0000000081900000|100%| O|  |TAMS 0x0000000081900000| PB 0x0000000081900000| Untracked 
|  25|0x0000000081900000, 0x0000000081a00000, 0x0000000081a00000|100%| O|  |TAMS 0x0000000081a00000| PB 0x0000000081a00000| Untracked 
|  26|0x0000000081a00000, 0x0000000081b00000, 0x0000000081b00000|100%| O|  |TAMS 0x0000000081b00000| PB 0x0000000081b00000| Untracked 
|  27|0x0000000081b00000, 0x0000000081c00000, 0x0000000081c00000|100%| O|  |TAMS 0x0000000081c00000| PB 0x0000000081c00000| Updating 
|  28|0x0000000081c00000, 0x0000000081d00000, 0x0000000081d00000|100%| O|  |TAMS 0x0000000081d00000| PB 0x0000000081d00000| Untracked 
|  29|0x0000000081d00000, 0x0000000081e00000, 0x0000000081e00000|100%| O|  |TAMS 0x0000000081e00000| PB 0x0000000081e00000| Untracked 
|  30|0x0000000081e00000, 0x0000000081f00000, 0x0000000081f00000|100%| O|  |TAMS 0x0000000081f00000| PB 0x0000000081f00000| Untracked 
|  31|0x0000000081f00000, 0x0000000082000000, 0x0000000082000000|100%| O|  |TAMS 0x0000000082000000| PB 0x0000000082000000| Untracked 
|  32|0x0000000082000000, 0x0000000082100000, 0x0000000082100000|100%| O|  |TAMS 0x0000000082100000| PB 0x0000000082100000| Untracked 
|  33|0x0000000082100000, 0x0000000082200000, 0x0000000082200000|100%| O|  |TAMS 0x0000000082200000| PB 0x0000000082200000| Untracked 
|  34|0x0000000082200000, 0x0000000082300000, 0x0000000082300000|100%| O|  |TAMS 0x0000000082300000| PB 0x0000000082300000| Updating 
|  35|0x0000000082300000, 0x0000000082400000, 0x0000000082400000|100%| O|  |TAMS 0x0000000082400000| PB 0x0000000082400000| Untracked 
|  36|0x0000000082400000, 0x0000000082500000, 0x0000000082500000|100%| O|  |TAMS 0x0000000082500000| PB 0x0000000082500000| Updating 
|  37|0x0000000082500000, 0x0000000082600000, 0x0000000082600000|100%| O|  |TAMS 0x0000000082600000| PB 0x0000000082600000| Untracked 
|  38|0x0000000082600000, 0x0000000082700000, 0x0000000082700000|100%|HS|  |TAMS 0x0000000082700000| PB 0x0000000082600000| Complete 
|  39|0x0000000082700000, 0x0000000082800000, 0x0000000082800000|100%|HC|  |TAMS 0x0000000082800000| PB 0x0000000082700000| Complete 
|  40|0x0000000082800000, 0x0000000082900000, 0x0000000082900000|100%| O|  |TAMS 0x0000000082900000| PB 0x0000000082900000| Untracked 
|  41|0x0000000082900000, 0x0000000082a00000, 0x0000000082a00000|100%| O|  |TAMS 0x0000000082a00000| PB 0x0000000082a00000| Untracked 
|  42|0x0000000082a00000, 0x0000000082b00000, 0x0000000082b00000|100%| O|  |TAMS 0x0000000082b00000| PB 0x0000000082b00000| Untracked 
|  43|0x0000000082b00000, 0x0000000082c00000, 0x0000000082c00000|100%| O|  |TAMS 0x0000000082b00000| PB 0x0000000082b00000| Untracked 
|  44|0x0000000082c00000, 0x0000000082d00000, 0x0000000082d00000|100%|HS|  |TAMS 0x0000000082d00000| PB 0x0000000082c00000| Complete 
|  45|0x0000000082d00000, 0x0000000082e00000, 0x0000000082e00000|100%|HC|  |TAMS 0x0000000082e00000| PB 0x0000000082d00000| Complete 
|  46|0x0000000082e00000, 0x0000000082f00000, 0x0000000082f00000|100%| O|  |TAMS 0x0000000082f00000| PB 0x0000000082f00000| Untracked 
|  47|0x0000000082f00000, 0x0000000083000000, 0x0000000083000000|100%| O|  |TAMS 0x0000000083000000| PB 0x0000000083000000| Untracked 
|  48|0x0000000083000000, 0x0000000083100000, 0x0000000083100000|100%| O|  |TAMS 0x0000000083100000| PB 0x0000000083100000| Untracked 
|  49|0x0000000083100000, 0x0000000083200000, 0x0000000083200000|100%| O|  |TAMS 0x0000000083200000| PB 0x0000000083200000| Untracked 
|  50|0x0000000083200000, 0x0000000083300000, 0x0000000083300000|100%|HS|  |TAMS 0x0000000083300000| PB 0x0000000083200000| Complete 
|  51|0x0000000083300000, 0x0000000083400000, 0x0000000083400000|100%|HC|  |TAMS 0x0000000083400000| PB 0x0000000083300000| Complete 
|  52|0x0000000083400000, 0x0000000083500000, 0x0000000083500000|100%|HC|  |TAMS 0x0000000083500000| PB 0x0000000083400000| Complete 
|  53|0x0000000083500000, 0x0000000083600000, 0x0000000083600000|100%|HC|  |TAMS 0x0000000083600000| PB 0x0000000083500000| Complete 
|  54|0x0000000083600000, 0x0000000083700000, 0x0000000083700000|100%|HS|  |TAMS 0x0000000083700000| PB 0x0000000083600000| Complete 
|  55|0x0000000083700000, 0x0000000083800000, 0x0000000083800000|100%|HC|  |TAMS 0x0000000083800000| PB 0x0000000083700000| Complete 
|  56|0x0000000083800000, 0x0000000083900000, 0x0000000083900000|100%|HC|  |TAMS 0x0000000083900000| PB 0x0000000083800000| Complete 
|  57|0x0000000083900000, 0x0000000083a00000, 0x0000000083a00000|100%|HC|  |TAMS 0x0000000083a00000| PB 0x0000000083900000| Complete 
|  58|0x0000000083a00000, 0x0000000083a00000, 0x0000000083b00000|  0%| F|  |TAMS 0x0000000083a00000| PB 0x0000000083a00000| Untracked 
|  59|0x0000000083b00000, 0x0000000083c00000, 0x0000000083c00000|100%| O|  |TAMS 0x0000000083c00000| PB 0x0000000083c00000| Updating 
|  60|0x0000000083c00000, 0x0000000083c00000, 0x0000000083d00000|  0%| F|  |TAMS 0x0000000083c00000| PB 0x0000000083c00000| Untracked 
|  61|0x0000000083d00000, 0x0000000083d00000, 0x0000000083e00000|  0%| F|  |TAMS 0x0000000083d00000| PB 0x0000000083d00000| Untracked 
|  62|0x0000000083e00000, 0x0000000083e00000, 0x0000000083f00000|  0%| F|  |TAMS 0x0000000083e00000| PB 0x0000000083e00000| Untracked 
|  63|0x0000000083f00000, 0x0000000083f00000, 0x0000000084000000|  0%| F|  |TAMS 0x0000000083f00000| PB 0x0000000083f00000| Untracked 
|  64|0x0000000084000000, 0x0000000084100000, 0x0000000084100000|100%| O|  |TAMS 0x0000000084000000| PB 0x0000000084000000| Untracked 
|  65|0x0000000084100000, 0x0000000084200000, 0x0000000084200000|100%| O|  |TAMS 0x0000000084100000| PB 0x0000000084100000| Untracked 
|  66|0x0000000084200000, 0x00000000842de200, 0x0000000084300000| 86%| O|  |TAMS 0x0000000084200000| PB 0x0000000084200000| Untracked 
|  67|0x0000000084300000, 0x0000000084300000, 0x0000000084400000|  0%| F|  |TAMS 0x0000000084300000| PB 0x0000000084300000| Untracked 
|  68|0x0000000084400000, 0x0000000084400000, 0x0000000084500000|  0%| F|  |TAMS 0x0000000084400000| PB 0x0000000084400000| Untracked 
|  69|0x0000000084500000, 0x000000008459b640, 0x0000000084600000| 60%| S|CS|TAMS 0x0000000084500000| PB 0x0000000084500000| Complete 
|  70|0x0000000084600000, 0x0000000084700000, 0x0000000084700000|100%| S|CS|TAMS 0x0000000084600000| PB 0x0000000084600000| Complete 
|  71|0x0000000084700000, 0x0000000084800000, 0x0000000084800000|100%| S|CS|TAMS 0x0000000084700000| PB 0x0000000084700000| Complete 
|  72|0x0000000084800000, 0x0000000084900000, 0x0000000084900000|100%| S|CS|TAMS 0x0000000084800000| PB 0x0000000084800000| Complete 
|  73|0x0000000084900000, 0x0000000084900000, 0x0000000084a00000|  0%| F|  |TAMS 0x0000000084900000| PB 0x0000000084900000| Untracked 
|  74|0x0000000084a00000, 0x0000000084a00000, 0x0000000084b00000|  0%| F|  |TAMS 0x0000000084a00000| PB 0x0000000084a00000| Untracked 
|  75|0x0000000084b00000, 0x0000000084b00000, 0x0000000084c00000|  0%| F|  |TAMS 0x0000000084b00000| PB 0x0000000084b00000| Untracked 
|  76|0x0000000084c00000, 0x0000000084c00000, 0x0000000084d00000|  0%| F|  |TAMS 0x0000000084c00000| PB 0x0000000084c00000| Untracked 
|  77|0x0000000084d00000, 0x0000000084d00000, 0x0000000084e00000|  0%| F|  |TAMS 0x0000000084d00000| PB 0x0000000084d00000| Untracked 
|  78|0x0000000084e00000, 0x0000000084e00000, 0x0000000084f00000|  0%| F|  |TAMS 0x0000000084e00000| PB 0x0000000084e00000| Untracked 
|  79|0x0000000084f00000, 0x0000000084f00000, 0x0000000085000000|  0%| F|  |TAMS 0x0000000084f00000| PB 0x0000000084f00000| Untracked 
|  80|0x0000000085000000, 0x0000000085000000, 0x0000000085100000|  0%| F|  |TAMS 0x0000000085000000| PB 0x0000000085000000| Untracked 
|  81|0x0000000085100000, 0x0000000085100000, 0x0000000085200000|  0%| F|  |TAMS 0x0000000085100000| PB 0x0000000085100000| Untracked 
|  82|0x0000000085200000, 0x0000000085200000, 0x0000000085300000|  0%| F|  |TAMS 0x0000000085200000| PB 0x0000000085200000| Untracked 
|  83|0x0000000085300000, 0x0000000085300000, 0x0000000085400000|  0%| F|  |TAMS 0x0000000085300000| PB 0x0000000085300000| Untracked 
|  84|0x0000000085400000, 0x0000000085400000, 0x0000000085500000|  0%| F|  |TAMS 0x0000000085400000| PB 0x0000000085400000| Untracked 
|  85|0x0000000085500000, 0x0000000085500000, 0x0000000085600000|  0%| F|  |TAMS 0x0000000085500000| PB 0x0000000085500000| Untracked 
| 135|0x0000000088700000, 0x0000000088700000, 0x0000000088800000|  0%| F|  |TAMS 0x0000000088700000| PB 0x0000000088700000| Untracked 
| 136|0x0000000088800000, 0x0000000088800000, 0x0000000088900000|  0%| F|  |TAMS 0x0000000088800000| PB 0x0000000088800000| Untracked 
| 137|0x0000000088900000, 0x0000000088900000, 0x0000000088a00000|  0%| F|  |TAMS 0x0000000088900000| PB 0x0000000088900000| Untracked 
| 138|0x0000000088a00000, 0x0000000088a00000, 0x0000000088b00000|  0%| F|  |TAMS 0x0000000088a00000| PB 0x0000000088a00000| Untracked 
| 139|0x0000000088b00000, 0x0000000088b00000, 0x0000000088c00000|  0%| F|  |TAMS 0x0000000088b00000| PB 0x0000000088b00000| Untracked 
| 140|0x0000000088c00000, 0x0000000088c00000, 0x0000000088d00000|  0%| F|  |TAMS 0x0000000088c00000| PB 0x0000000088c00000| Untracked 
| 141|0x0000000088d00000, 0x0000000088d00000, 0x0000000088e00000|  0%| F|  |TAMS 0x0000000088d00000| PB 0x0000000088d00000| Untracked 
| 142|0x0000000088e00000, 0x0000000088e00000, 0x0000000088f00000|  0%| F|  |TAMS 0x0000000088e00000| PB 0x0000000088e00000| Untracked 
| 143|0x0000000088f00000, 0x0000000088f00000, 0x0000000089000000|  0%| F|  |TAMS 0x0000000088f00000| PB 0x0000000088f00000| Untracked 
| 144|0x0000000089000000, 0x0000000089000000, 0x0000000089100000|  0%| F|  |TAMS 0x0000000089000000| PB 0x0000000089000000| Untracked 
| 145|0x0000000089100000, 0x0000000089100000, 0x0000000089200000|  0%| F|  |TAMS 0x0000000089100000| PB 0x0000000089100000| Untracked 
| 146|0x0000000089200000, 0x0000000089200000, 0x0000000089300000|  0%| F|  |TAMS 0x0000000089200000| PB 0x0000000089200000| Untracked 
| 147|0x0000000089300000, 0x0000000089300000, 0x0000000089400000|  0%| F|  |TAMS 0x0000000089300000| PB 0x0000000089300000| Untracked 
| 251|0x000000008fb00000, 0x000000008fba5d20, 0x000000008fc00000| 64%| E|  |TAMS 0x000000008fb00000| PB 0x000000008fb00000| Complete 
| 252|0x000000008fc00000, 0x000000008fd00000, 0x000000008fd00000|100%| E|CS|TAMS 0x000000008fc00000| PB 0x000000008fc00000| Complete 
| 253|0x000000008fd00000, 0x000000008fe00000, 0x000000008fe00000|100%| E|CS|TAMS 0x000000008fd00000| PB 0x000000008fd00000| Complete 
|2042|0x00000000ffa00000, 0x00000000ffb00000, 0x00000000ffb00000|100%| O|  |TAMS 0x00000000ffac2c40| PB 0x00000000ffac2c40| Updating 
|2043|0x00000000ffb00000, 0x00000000ffc00000, 0x00000000ffc00000|100%| O|  |TAMS 0x00000000ffc00000| PB 0x00000000ffc00000| Untracked 
|2044|0x00000000ffc00000, 0x00000000ffd00000, 0x00000000ffd00000|100%| O|  |TAMS 0x00000000ffd00000| PB 0x00000000ffd00000| Untracked 
|2045|0x00000000ffd00000, 0x00000000ffe00000, 0x00000000ffe00000|100%| O|  |TAMS 0x00000000ffe00000| PB 0x00000000ffe00000| Untracked 
|2046|0x00000000ffe00000, 0x00000000fff00000, 0x00000000fff00000|100%| O|  |TAMS 0x00000000fff00000| PB 0x00000000fff00000| Untracked 
|2047|0x00000000fff00000, 0x0000000100000000, 0x0000000100000000|100%| O|  |TAMS 0x0000000100000000| PB 0x0000000100000000| Untracked 

Card table byte_map: [0x0000023de24e0000,0x0000023de28e0000] _byte_map_base: 0x0000023de20e0000

Marking Bits: (CMBitMap*) 0x0000023dcfc09a90
 Bits: [0x0000023de28e0000, 0x0000023de48e0000)

Polling page: 0x0000023dcdbd0000

Metaspace:

Usage:
  Non-class:     60.19 MB used.
      Class:     10.31 MB used.
       Both:     70.50 MB used.

Virtual space:
  Non-class space:       64.00 MB reserved,      61.19 MB ( 96%) committed,  1 nodes.
      Class space:      416.00 MB reserved,      11.25 MB (  3%) committed,  1 nodes.
             Both:      480.00 MB reserved,      72.44 MB ( 15%) committed. 

Chunk freelists:
   Non-Class:  2.59 MB
       Class:  4.69 MB
        Both:  7.28 MB

MaxMetaspaceSize: 512.00 MB
CompressedClassSpaceSize: 416.00 MB
Initial GC threshold: 21.00 MB
Current GC threshold: 108.56 MB
CDS: on
 - commit_granule_bytes: 65536.
 - commit_granule_words: 8192.
 - virtual_space_node_default_size: 8388608.
 - enlarge_chunks_in_place: 1.
 - use_allocation_guard: 0.


Internal statistics:

num_allocs_failed_limit: 6.
num_arena_births: 3642.
num_arena_deaths: 0.
num_vsnodes_births: 2.
num_vsnodes_deaths: 0.
num_space_committed: 1159.
num_space_uncommitted: 0.
num_chunks_returned_to_freelist: 6.
num_chunks_taken_from_freelist: 7153.
num_chunk_merges: 6.
num_chunk_splits: 4569.
num_chunks_enlarged: 2741.
num_inconsistent_stats: 0.

CodeHeap 'non-profiled nmethods': size=120000Kb used=4397Kb max_used=4499Kb free=115602Kb
 bounds [0x0000023dda880000, 0x0000023ddacf0000, 0x0000023de1db0000]
CodeHeap 'profiled nmethods': size=120000Kb used=15011Kb max_used=15288Kb free=104988Kb
 bounds [0x0000023dd2db0000, 0x0000023dd3ca0000, 0x0000023dda2e0000]
CodeHeap 'non-nmethods': size=5760Kb used=2667Kb max_used=2750Kb free=3092Kb
 bounds [0x0000023dda2e0000, 0x0000023dda5b0000, 0x0000023dda880000]
CodeCache: size=245760Kb, used=22075Kb, max_used=22537Kb, free=223682Kb
 total_blobs=8812, nmethods=7879, adapters=836, full_count=0
Compilation: enabled, stopped_count=0, restarted_count=0

Compilation events (20 events):
Event: 64.112 Thread 0x0000023de73a0620 9145       3       java.lang.reflect.Constructor::getExceptionTypes (11 bytes)
Event: 64.112 Thread 0x0000023de73a0620 nmethod 9145 0x0000023dd3c97710 code [0x0000023dd3c978c0, 0x0000023dd3c97b88]
Event: 64.112 Thread 0x0000023de73a0620 9146       1       java.io.ObjectStreamField::isUnshared (5 bytes)
Event: 64.112 Thread 0x0000023de73a0620 nmethod 9146 0x0000023ddace4590 code [0x0000023ddace4720, 0x0000023ddace47f0]
Event: 64.115 Thread 0x0000023de73a0620 9147       3       java.io.ObjectOutputStream$HandleTable::assign (52 bytes)
Event: 64.115 Thread 0x0000023de73a0620 nmethod 9147 0x0000023dd3c97c90 code [0x0000023dd3c97e60, 0x0000023dd3c980c0]
Event: 64.115 Thread 0x0000023de73a0620 9148       3       java.io.ObjectStreamClass::lookup (26 bytes)
Event: 64.115 Thread 0x0000023de73a0620 nmethod 9148 0x0000023dd3c98210 code [0x0000023dd3c983e0, 0x0000023dd3c98760]
Event: 64.116 Thread 0x0000023de73a0620 9149       3       java.lang.ClassLoader::getSystemClassLoader (96 bytes)
Event: 64.117 Thread 0x0000023de73a0620 nmethod 9149 0x0000023dd3c98810 code [0x0000023dd3c98a00, 0x0000023dd3c98ea8]
Event: 64.117 Thread 0x0000023de73a0620 9150       3       com.google.common.cache.LocalCache$LocalManualCache::getIfPresent (9 bytes)
Event: 64.117 Thread 0x0000023de73a0620 nmethod 9150 0x0000023dd3c99090 code [0x0000023dd3c99240, 0x0000023dd3c99388]
Event: 64.121 Thread 0x0000023de73973a0 9151       4       java.lang.Enum::compareTo (44 bytes)
Event: 64.121 Thread 0x0000023de73973a0 nmethod 9151 0x0000023ddace4890 code [0x0000023ddace4a20, 0x0000023ddace4b18]
Event: 64.121 Thread 0x0000023de73973a0 9152       4       java.util.TreeMap::getFirstEntry (26 bytes)
Event: 64.122 Thread 0x0000023de73973a0 nmethod 9152 0x0000023ddace4c10 code [0x0000023ddace4da0, 0x0000023ddace4e80]
Event: 64.124 Thread 0x0000023de73a0620 9153       3       sun.nio.fs.WindowsPathParser::normalize (233 bytes)
Event: 64.126 Thread 0x0000023de73a0620 nmethod 9153 0x0000023dd3c99490 code [0x0000023dd3c99a40, 0x0000023dd3c9c688]
Event: 64.126 Thread 0x0000023de73a0620 9154       3       org.gradle.internal.operations.DefaultBuildOperationRunner::getCurrentBuildOperation (11 bytes)
Event: 64.126 Thread 0x0000023de73a0620 nmethod 9154 0x0000023dd3c9d910 code [0x0000023dd3c9dae0, 0x0000023dd3c9df18]

GC Heap History (20 events):
Event: 51.970 GC heap before
{Heap before GC invocations=13 (full 0):
 garbage-first heap   total 81920K, used 71680K [0x0000000080000000, 0x0000000100000000)
  region size 1024K, 33 young (33792K), 5 survivors (5120K)
 Metaspace       used 51423K, committed 53248K, reserved 491520K
  class space    used 7619K, committed 8512K, reserved 425984K
}
Event: 51.974 GC heap after
{Heap after GC invocations=14 (full 0):
 garbage-first heap   total 81920K, used 43303K [0x0000000080000000, 0x0000000100000000)
  region size 1024K, 2 young (2048K), 2 survivors (2048K)
 Metaspace       used 51423K, committed 53248K, reserved 491520K
  class space    used 7619K, committed 8512K, reserved 425984K
}
Event: 53.969 GC heap before
{Heap before GC invocations=15 (full 0):
 garbage-first heap   total 81920K, used 76071K [0x0000000080000000, 0x0000000100000000)
  region size 1024K, 30 young (30720K), 2 survivors (2048K)
 Metaspace       used 54893K, committed 56768K, reserved 491520K
  class space    used 8087K, committed 9024K, reserved 425984K
}
Event: 53.972 GC heap after
{Heap after GC invocations=16 (full 0):
 garbage-first heap   total 81920K, used 49375K [0x0000000080000000, 0x0000000100000000)
  region size 1024K, 4 young (4096K), 4 survivors (4096K)
 Metaspace       used 54893K, committed 56768K, reserved 491520K
  class space    used 8087K, committed 9024K, reserved 425984K
}
Event: 55.016 GC heap before
{Heap before GC invocations=16 (full 0):
 garbage-first heap   total 81920K, used 80095K [0x0000000080000000, 0x0000000100000000)
  region size 1024K, 27 young (27648K), 4 survivors (4096K)
 Metaspace       used 56584K, committed 58432K, reserved 491520K
  class space    used 8349K, committed 9280K, reserved 425984K
}
Event: 55.019 GC heap after
{Heap after GC invocations=17 (full 0):
 garbage-first heap   total 88064K, used 58517K [0x0000000080000000, 0x0000000100000000)
  region size 1024K, 4 young (4096K), 4 survivors (4096K)
 Metaspace       used 56584K, committed 58432K, reserved 491520K
  class space    used 8349K, committed 9280K, reserved 425984K
}
Event: 55.777 GC heap before
{Heap before GC invocations=17 (full 0):
 garbage-first heap   total 88064K, used 80021K [0x0000000080000000, 0x0000000100000000)
  region size 1024K, 25 young (25600K), 4 survivors (4096K)
 Metaspace       used 59090K, committed 60928K, reserved 491520K
  class space    used 8673K, committed 9600K, reserved 425984K
}
Event: 55.780 GC heap after
{Heap after GC invocations=18 (full 0):
 garbage-first heap   total 88064K, used 59125K [0x0000000080000000, 0x0000000100000000)
  region size 1024K, 3 young (3072K), 3 survivors (3072K)
 Metaspace       used 59090K, committed 60928K, reserved 491520K
  class space    used 8673K, committed 9600K, reserved 425984K
}
Event: 56.893 GC heap before
{Heap before GC invocations=19 (full 0):
 garbage-first heap   total 101376K, used 80629K [0x0000000080000000, 0x0000000100000000)
  region size 1024K, 24 young (24576K), 3 survivors (3072K)
 Metaspace       used 60861K, committed 62720K, reserved 491520K
  class space    used 8906K, committed 9856K, reserved 425984K
}
Event: 56.896 GC heap after
{Heap after GC invocations=20 (full 0):
 garbage-first heap   total 101376K, used 60705K [0x0000000080000000, 0x0000000100000000)
  region size 1024K, 3 young (3072K), 3 survivors (3072K)
 Metaspace       used 60861K, committed 62720K, reserved 491520K
  class space    used 8906K, committed 9856K, reserved 425984K
}
Event: 58.578 GC heap before
{Heap before GC invocations=20 (full 0):
 garbage-first heap   total 101376K, used 91425K [0x0000000080000000, 0x0000000100000000)
  region size 1024K, 34 young (34816K), 3 survivors (3072K)
 Metaspace       used 63026K, committed 64960K, reserved 491520K
  class space    used 9184K, committed 10176K, reserved 425984K
}
Event: 58.581 GC heap after
{Heap after GC invocations=21 (full 0):
 garbage-first heap   total 101376K, used 60520K [0x0000000080000000, 0x0000000100000000)
  region size 1024K, 4 young (4096K), 4 survivors (4096K)
 Metaspace       used 63026K, committed 64960K, reserved 491520K
  class space    used 9184K, committed 10176K, reserved 425984K
}
Event: 60.197 GC heap before
{Heap before GC invocations=21 (full 0):
 garbage-first heap   total 101376K, used 93288K [0x0000000080000000, 0x0000000100000000)
  region size 1024K, 36 young (36864K), 4 survivors (4096K)
 Metaspace       used 64757K, committed 66624K, reserved 491520K
  class space    used 9417K, committed 10368K, reserved 425984K
}
Event: 60.201 GC heap after
{Heap after GC invocations=22 (full 0):
 garbage-first heap   total 101376K, used 62507K [0x0000000080000000, 0x0000000100000000)
  region size 1024K, 5 young (5120K), 5 survivors (5120K)
 Metaspace       used 64757K, committed 66624K, reserved 491520K
  class space    used 9417K, committed 10368K, reserved 425984K
}
Event: 61.893 GC heap before
{Heap before GC invocations=23 (full 0):
 garbage-first heap   total 106496K, used 93227K [0x0000000080000000, 0x0000000100000000)
  region size 1024K, 35 young (35840K), 5 survivors (5120K)
 Metaspace       used 67259K, committed 69248K, reserved 491520K
  class space    used 9819K, committed 10816K, reserved 425984K
}
Event: 61.899 GC heap after
{Heap after GC invocations=24 (full 0):
 garbage-first heap   total 106496K, used 64206K [0x0000000080000000, 0x0000000100000000)
  region size 1024K, 4 young (4096K), 4 survivors (4096K)
 Metaspace       used 67259K, committed 69248K, reserved 491520K
  class space    used 9819K, committed 10816K, reserved 425984K
}
Event: 63.300 GC heap before
{Heap before GC invocations=24 (full 0):
 garbage-first heap   total 106496K, used 99022K [0x0000000080000000, 0x0000000100000000)
  region size 1024K, 38 young (38912K), 4 survivors (4096K)
 Metaspace       used 69302K, committed 71360K, reserved 491520K
  class space    used 10195K, committed 11200K, reserved 425984K
}
Event: 63.308 GC heap after
{Heap after GC invocations=25 (full 0):
 garbage-first heap   total 110592K, used 70411K [0x0000000080000000, 0x0000000100000000)
  region size 1024K, 5 young (5120K), 5 survivors (5120K)
 Metaspace       used 69302K, committed 71360K, reserved 491520K
  class space    used 10195K, committed 11200K, reserved 425984K
}
Event: 64.069 GC heap before
{Heap before GC invocations=25 (full 0):
 garbage-first heap   total 110592K, used 100107K [0x0000000080000000, 0x0000000100000000)
  region size 1024K, 34 young (34816K), 5 survivors (5120K)
 Metaspace       used 71962K, committed 73920K, reserved 491520K
  class space    used 10522K, committed 11520K, reserved 425984K
}
Event: 64.074 GC heap after
{Heap after GC invocations=26 (full 0):
 garbage-first heap   total 110592K, used 73190K [0x0000000080000000, 0x0000000100000000)
  region size 1024K, 4 young (4096K), 4 survivors (4096K)
 Metaspace       used 71962K, committed 73920K, reserved 491520K
  class space    used 10522K, committed 11520K, reserved 425984K
}

Dll operation events (20 events):
Event: 0.904 Attempting to load shared library C:\Users\USER\.antigravity-ide\extensions\redhat.java-1.56.0-win32-x64\jre\21.0.12.1-win32-x86_64\bin\nio.dll
Event: 0.904 Loaded shared library C:\Users\USER\.antigravity-ide\extensions\redhat.java-1.56.0-win32-x64\jre\21.0.12.1-win32-x86_64\bin\nio.dll
Event: 0.913 Attempting to load shared library C:\Users\USER\.antigravity-ide\extensions\redhat.java-1.56.0-win32-x64\jre\21.0.12.1-win32-x86_64\bin\zip.dll
Event: 0.913 Loaded shared library C:\Users\USER\.antigravity-ide\extensions\redhat.java-1.56.0-win32-x64\jre\21.0.12.1-win32-x86_64\bin\zip.dll
Event: 1.339 Attempting to load shared library C:\Users\USER\.antigravity-ide\extensions\redhat.java-1.56.0-win32-x64\jre\21.0.12.1-win32-x86_64\bin\jimage.dll
Event: 1.339 Loaded shared library C:\Users\USER\.antigravity-ide\extensions\redhat.java-1.56.0-win32-x64\jre\21.0.12.1-win32-x86_64\bin\jimage.dll
Event: 1.485 Attempting to load shared library C:\Users\USER\.antigravity-ide\extensions\redhat.java-1.56.0-win32-x64\jre\21.0.12.1-win32-x86_64\bin\verify.dll
Event: 1.485 Loaded shared library C:\Users\USER\.antigravity-ide\extensions\redhat.java-1.56.0-win32-x64\jre\21.0.12.1-win32-x86_64\bin\verify.dll
Event: 2.078 Attempting to load shared library D:\gradle_cache\native\c067742578af261105cb4f569cf0c3c89f3d7b1fecec35dd04571415982c5e48\windows-amd64\native-platform.dll
Event: 2.079 Loaded shared library D:\gradle_cache\native\c067742578af261105cb4f569cf0c3c89f3d7b1fecec35dd04571415982c5e48\windows-amd64\native-platform.dll
Event: 2.083 Attempting to load shared library D:\gradle_cache\native\38dada09dfb8b06ba9b0570ebf7e218e3eb74d4ef43ca46872605cf95ebc2f47\windows-amd64\native-platform-file-events.dll
Event: 2.084 Loaded shared library D:\gradle_cache\native\38dada09dfb8b06ba9b0570ebf7e218e3eb74d4ef43ca46872605cf95ebc2f47\windows-amd64\native-platform-file-events.dll
Event: 4.995 Attempting to load shared library C:\Users\USER\.antigravity-ide\extensions\redhat.java-1.56.0-win32-x64\jre\21.0.12.1-win32-x86_64\bin\management.dll
Event: 4.995 Loaded shared library C:\Users\USER\.antigravity-ide\extensions\redhat.java-1.56.0-win32-x64\jre\21.0.12.1-win32-x86_64\bin\management.dll
Event: 4.997 Attempting to load shared library C:\Users\USER\.antigravity-ide\extensions\redhat.java-1.56.0-win32-x64\jre\21.0.12.1-win32-x86_64\bin\management_ext.dll
Event: 4.998 Loaded shared library C:\Users\USER\.antigravity-ide\extensions\redhat.java-1.56.0-win32-x64\jre\21.0.12.1-win32-x86_64\bin\management_ext.dll
Event: 6.453 Attempting to load shared library C:\Users\USER\.antigravity-ide\extensions\redhat.java-1.56.0-win32-x64\jre\21.0.12.1-win32-x86_64\bin\extnet.dll
Event: 6.454 Loaded shared library C:\Users\USER\.antigravity-ide\extensions\redhat.java-1.56.0-win32-x64\jre\21.0.12.1-win32-x86_64\bin\extnet.dll
Event: 8.977 Attempting to load shared library C:\Users\USER\.antigravity-ide\extensions\redhat.java-1.56.0-win32-x64\jre\21.0.12.1-win32-x86_64\bin\sunmscapi.dll
Event: 8.980 Loaded shared library C:\Users\USER\.antigravity-ide\extensions\redhat.java-1.56.0-win32-x64\jre\21.0.12.1-win32-x86_64\bin\sunmscapi.dll

Deoptimization events (20 events):
Event: 63.346 Thread 0x0000023def0a6a90 Uncommon trap: trap_request=0xffffffc6 fr.pc=0x0000023dda924c14 relative=0x0000000000001dd4
Event: 63.346 Thread 0x0000023def0a6a90 Uncommon trap: reason=bimorphic_or_optimized_type_check action=maybe_recompile pc=0x0000023dda924c14 method=java.util.HashMap.putVal(ILjava/lang/Object;Ljava/lang/Object;ZZ)Ljava/lang/Object; @ 203 c2
Event: 63.346 Thread 0x0000023def0a6a90 DEOPT PACKING pc=0x0000023dda924c14 sp=0x000000f9f2df9ef0
Event: 63.346 Thread 0x0000023def0a6a90 DEOPT UNPACKING pc=0x0000023dda334422 sp=0x000000f9f2df9da8 mode 2
Event: 63.391 Thread 0x0000023def0a6a90 Uncommon trap: trap_request=0xffffffd6 fr.pc=0x0000023ddac5600c relative=0x00000000000009ac
Event: 63.391 Thread 0x0000023def0a6a90 Uncommon trap: reason=array_check action=maybe_recompile pc=0x0000023ddac5600c method=java.util.TimSort.binarySort([Ljava/lang/Object;IIILjava/util/Comparator;)V @ 183 c2
Event: 63.391 Thread 0x0000023def0a6a90 DEOPT PACKING pc=0x0000023ddac5600c sp=0x000000f9f2dfc840
Event: 63.391 Thread 0x0000023def0a6a90 DEOPT UNPACKING pc=0x0000023dda334422 sp=0x000000f9f2dfc7d8 mode 2
Event: 63.653 Thread 0x0000023def0a6a90 Uncommon trap: trap_request=0xffffff45 fr.pc=0x0000023dda9db308 relative=0x0000000000000f28
Event: 63.653 Thread 0x0000023def0a6a90 Uncommon trap: reason=unstable_if action=reinterpret pc=0x0000023dda9db308 method=java.lang.invoke.MemberName.isResolved()Z @ 4 c2
Event: 63.653 Thread 0x0000023def0a6a90 DEOPT PACKING pc=0x0000023dda9db308 sp=0x000000f9f2df85a0
Event: 63.653 Thread 0x0000023def0a6a90 DEOPT UNPACKING pc=0x0000023dda334422 sp=0x000000f9f2df8500 mode 2
Event: 64.065 Thread 0x0000023def0a6a90 Uncommon trap: trap_request=0xffffff45 fr.pc=0x0000023ddac92af4 relative=0x0000000000000d34
Event: 64.065 Thread 0x0000023def0a6a90 Uncommon trap: reason=unstable_if action=reinterpret pc=0x0000023ddac92af4 method=sun.nio.fs.WindowsPathParser.normalize(Ljava/lang/StringBuilder;Ljava/lang/String;I)Ljava/lang/String; @ 100 c2
Event: 64.065 Thread 0x0000023def0a6a90 DEOPT PACKING pc=0x0000023ddac92af4 sp=0x000000f9f2df9a50
Event: 64.065 Thread 0x0000023def0a6a90 DEOPT UNPACKING pc=0x0000023dda334422 sp=0x000000f9f2df9a30 mode 2
Event: 64.121 Thread 0x0000023def548410 Uncommon trap: trap_request=0xffffffc6 fr.pc=0x0000023dda93e1dc relative=0x000000000000029c
Event: 64.121 Thread 0x0000023def548410 Uncommon trap: reason=bimorphic_or_optimized_type_check action=maybe_recompile pc=0x0000023dda93e1dc method=java.util.stream.StreamOpFlag.fromCharacteristics(Ljava/util/Spliterator;)I @ 14 c2
Event: 64.121 Thread 0x0000023def548410 DEOPT PACKING pc=0x0000023dda93e1dc sp=0x000000f9f31fe400
Event: 64.121 Thread 0x0000023def548410 DEOPT UNPACKING pc=0x0000023dda334422 sp=0x000000f9f31fe2e8 mode 2

Classes loaded (20 events):
Event: 64.052 Loading class java/util/Stack
Event: 64.053 Loading class java/util/Stack done
Event: 64.064 Loading class java/nio/file/TempFileHelper
Event: 64.064 Loading class java/nio/file/TempFileHelper done
Event: 64.092 Loading class jdk/internal/reflect/MethodHandleLongFieldAccessorImpl
Event: 64.093 Loading class jdk/internal/reflect/MethodHandleLongFieldAccessorImpl done
Event: 64.095 Loading class java/io/ObjectStreamClass$ExceptionInfo
Event: 64.095 Loading class java/io/ObjectStreamClass$ExceptionInfo done
Event: 64.099 Loading class java/io/SerialCallbackContext
Event: 64.099 Loading class java/io/SerialCallbackContext done
Event: 64.125 Loading class java/util/stream/ReferencePipeline$4
Event: 64.125 Loading class java/util/stream/IntPipeline$StatelessOp
Event: 64.125 Loading class java/util/stream/IntPipeline$StatelessOp done
Event: 64.125 Loading class java/util/stream/ReferencePipeline$4 done
Event: 64.125 Loading class java/util/stream/ReduceOps$6
Event: 64.125 Loading class java/util/stream/ReduceOps$6 done
Event: 64.126 Loading class java/util/stream/ReduceOps$5ReducingSink
Event: 64.126 Loading class java/util/stream/ReduceOps$5ReducingSink done
Event: 64.126 Loading class java/util/stream/ReferencePipeline$4$1
Event: 64.126 Loading class java/util/stream/ReferencePipeline$4$1 done

Classes unloaded (0 events):
No events

Classes redefined (0 events):
No events

Internal exceptions (20 events):
Event: 60.718 Thread 0x0000023de7670ef0 Implicit null exception at 0x0000023ddab549e0 to 0x0000023ddab54ecc
Event: 60.725 Thread 0x0000023de7670ef0 Exception <a 'java/lang/NoSuchMethodError'{0x0000000088dd4ee8}: 'void java.lang.invoke.DirectMethodHandle$Holder.invokeInterface(java.lang.Object, java.lang.Object, java.lang.Object, java.lang.Object)'> (0x0000000088dd4ee8) 
thrown [s\src\hotspot\share\interpreter\linkResolver.cpp, line 773]
Event: 61.950 Thread 0x0000023de7670ef0 Exception <a 'java/lang/NoSuchMethodError'{0x000000008fc2df58}: 'java.lang.Object java.lang.invoke.DirectMethodHandle$Holder.newInvokeSpecial(java.lang.Object, java.lang.Object, java.lang.Object, java.lang.Object, java.lang.Object, java.lang.Object, int)'> (0x000000008fc2df58) 
thrown [s\src\hotspot\share\interpreter\linkResolver.cpp, line 773]
Event: 61.951 Thread 0x0000023de7670ef0 Exception <a 'java/lang/NoSuchMethodError'{0x000000008fc33188}: 'java.lang.Object java.lang.invoke.DirectMethodHandle$Holder.invokeSpecial(java.lang.Object, java.lang.Object, java.lang.Object, java.lang.Object, java.lang.Object, java.lang.Object, java.lang.Object, int)'> (0x000000008fc33188) 
thrown [s\src\hotspot\share\interpreter\linkResolver.cpp, line 773]
Event: 61.951 Thread 0x0000023de7670ef0 Exception <a 'java/lang/NoSuchMethodError'{0x000000008fc37fb8}: 'java.lang.Object java.lang.invoke.Invokers$Holder.linkToTargetMethod(java.lang.Object, java.lang.Object, java.lang.Object, java.lang.Object, java.lang.Object, int, java.lang.Object)'> (0x000000008fc37fb8) 
thrown [s\src\hotspot\share\interpreter\linkResolver.cpp, line 773]
Event: 62.421 Thread 0x0000023def0a6a90 Exception <a 'java/lang/NoSuchMethodError'{0x0000000088a2d368}: 'java.lang.Object java.lang.invoke.DirectMethodHandle$Holder.invokeVirtual(java.lang.Object, java.lang.Object, java.lang.Object, java.lang.Object, java.lang.Object, java.lang.Object, java.lang.Object, java.lang.Object, java.lang.Object, java.lang.Object, java.lang.Object, java.lang.Object, java.lang.Object, java.lang.Object, java.lang.Object, java.lang.Object, java.lang.Object, java.lang.Object, java.lang.Object)'> (0x0000000088a2d368) 
thrown
Event: 62.617 Thread 0x0000023def0a6a90 Exception <a 'java/lang/NoSuchMethodError'{0x000000008886b198}: 'void java.lang.invoke.DirectMethodHandle$Holder.invokeVirtual(java.lang.Object, java.lang.Object)'> (0x000000008886b198) 
thrown [s\src\hotspot\share\interpreter\linkResolver.cpp, line 773]
Event: 62.643 Thread 0x0000023def0a6a90 Exception <a 'java/lang/NoSuchMethodError'{0x0000000088747470}: 'void java.lang.invoke.DirectMethodHandle$Holder.invokeSpecial(java.lang.Object, java.lang.Object, java.lang.Object, java.lang.Object, int, java.lang.Object, java.lang.Object)'> (0x0000000088747470) 
thrown [s\src\hotspot\share\interpreter\linkResolver.cpp, line 773]
Event: 62.779 Thread 0x0000023def0a6a90 Exception <a 'java/lang/NoSuchMethodError'{0x00000000854bc2a0}: 'int java.lang.invoke.DirectMethodHandle$Holder.invokeSpecial(java.lang.Object, java.lang.Object, java.lang.Object, java.lang.Object, java.lang.Object)'> (0x00000000854bc2a0) 
thrown [s\src\hotspot\share\interpreter\linkResolver.cpp, line 773]
Event: 62.917 Thread 0x0000023def0a6a90 Exception <a 'java/lang/IncompatibleClassChangeError'{0x0000000085200090}: Found class java.lang.Object, but interface was expected> (0x0000000085200090) 
thrown [s\src\hotspot\share\interpreter\linkResolver.cpp, line 840]
Event: 63.425 Thread 0x0000023def0a6a90 Exception <a 'java/lang/NoSuchMethodError'{0x00000000893ee480}: 'int java.lang.invoke.DirectMethodHandle$Holder.invokeStaticInit(java.lang.Object, java.lang.Object, java.lang.Object, java.lang.Object, java.lang.Object)'> (0x00000000893ee480) 
thrown [s\src\hotspot\share\interpreter\linkResolver.cpp, line 773]
Event: 63.653 Thread 0x0000023def0a6a90 Exception <a 'java/lang/NoSuchMethodError'{0x000000008895b3d0}: method resolution failed> (0x000000008895b3d0) 
thrown [s\src\hotspot\share\prims\methodHandles.cpp, line 1136]
Event: 64.038 Thread 0x0000023def0a6a90 Exception <a 'java/lang/NoSuchMethodError'{0x0000000084acd9e8}: 'void java.lang.invoke.DelegatingMethodHandle$Holder.reinvoke_L(java.lang.Object, java.lang.Object, int)'> (0x0000000084acd9e8) 
thrown [s\src\hotspot\share\interpreter\linkResolver.cpp, line 773]
Event: 64.093 Thread 0x0000023def0a6a90 Exception <a 'java/lang/NoSuchMethodError'{0x000000008fde2638}: 'long java.lang.invoke.DirectMethodHandle$Holder.invokeSpecial(java.lang.Object, java.lang.Object)'> (0x000000008fde2638) 
thrown [s\src\hotspot\share\interpreter\linkResolver.cpp, line 773]
Event: 64.093 Thread 0x0000023def0a6a90 Exception <a 'java/lang/NoSuchMethodError'{0x000000008fde6278}: 'long java.lang.invoke.Invokers$Holder.invokeExact_MT(java.lang.Object, java.lang.Object)'> (0x000000008fde6278) 
thrown [s\src\hotspot\share\interpreter\linkResolver.cpp, line 773]
Event: 64.095 Thread 0x0000023def0a6a90 Exception <a 'java/lang/NoSuchMethodError'{0x000000008fdfe540}: static [Ljava/lang/String;.<clinit>()V> (0x000000008fdfe540) 
thrown [s\src\hotspot\share\prims\jni.cpp, line 1111]
Event: 64.106 Thread 0x0000023def0a6a90 Exception <a 'java/lang/NoSuchMethodError'{0x000000008fc6ded8}: static Lorg/jetbrains/kotlin/incremental/ChangedFiles$Unknown;.<clinit>()V> (0x000000008fc6ded8) 
thrown [s\src\hotspot\share\prims\jni.cpp, line 1111]
Event: 64.108 Thread 0x0000023def0a6a90 Exception <a 'java/lang/NoSuchMethodError'{0x000000008fca0ae0}: static Lorg/jetbrains/kotlin/incremental/ClasspathChanges$ClasspathSnapshotEnabled$NotAvailableForNonIncrementalRun;.<clinit>()V> (0x000000008fca0ae0) 
thrown [s\src\hotspot\share\prims\jni.cpp, line 1111]
Event: 64.108 Thread 0x0000023def0a6a90 Exception <a 'java/lang/NoSuchMethodError'{0x000000008fca9a40}: static Lorg/jetbrains/kotlin/incremental/ClasspathChanges$ClasspathSnapshotEnabled;.<clinit>()V> (0x000000008fca9a40) 
thrown [s\src\hotspot\share\prims\jni.cpp, line 1111]
Event: 64.108 Thread 0x0000023def0a6a90 Exception <a 'java/lang/NoSuchMethodError'{0x000000008fcab940}: static Lorg/jetbrains/kotlin/incremental/ClasspathChanges;.<clinit>()V> (0x000000008fcab940) 
thrown [s\src\hotspot\share\prims\jni.cpp, line 1111]

ZGC Phase Switch (0 events):
No events

VM Operations (20 events):
Event: 62.638 Executing non-safepoint VM operation: HandshakeAllThreads (Deoptimize) done
Event: 62.652 Executing non-safepoint VM operation: HandshakeAllThreads (Deoptimize)
Event: 62.652 Executing non-safepoint VM operation: HandshakeAllThreads (Deoptimize) done
Event: 62.778 Executing non-safepoint VM operation: HandshakeAllThreads (Deoptimize)
Event: 62.778 Executing non-safepoint VM operation: HandshakeAllThreads (Deoptimize) done
Event: 62.906 Executing safepoint VM operation: ICBufferFull
Event: 62.906 Executing safepoint VM operation: ICBufferFull done
Event: 62.911 Executing non-safepoint VM operation: HandshakeAllThreads (Deoptimize)
Event: 62.911 Executing non-safepoint VM operation: HandshakeAllThreads (Deoptimize) done
Event: 63.159 Executing safepoint VM operation: ICBufferFull
Event: 63.206 Executing safepoint VM operation: ICBufferFull done
Event: 63.300 Executing safepoint VM operation: G1CollectForAllocation (G1 Evacuation Pause)
Event: 63.308 Executing safepoint VM operation: G1CollectForAllocation (G1 Evacuation Pause) done
Event: 63.811 Executing safepoint VM operation: ICBufferFull
Event: 63.812 Executing safepoint VM operation: ICBufferFull done
Event: 64.052 Executing non-safepoint VM operation: HandshakeAllThreads (Deoptimize)
Event: 64.052 Executing non-safepoint VM operation: HandshakeAllThreads (Deoptimize) done
Event: 64.069 Executing safepoint VM operation: G1CollectForAllocation (G1 Evacuation Pause)
Event: 64.074 Executing safepoint VM operation: G1CollectForAllocation (G1 Evacuation Pause) done
Event: 64.128 Executing safepoint VM operation: G1PauseRemark

Memory protections (0 events):
No events

Nmethod flushes (20 events):
Event: 64.161 Thread 0x0000023de736fe80 flushing  nmethod 0x0000023dd2fdad90
Event: 64.161 Thread 0x0000023de736fe80 flushing  nmethod 0x0000023dd2fdbf10
Event: 64.161 Thread 0x0000023de736fe80 flushing  nmethod 0x0000023dd2fdd090
Event: 64.161 Thread 0x0000023de736fe80 flushing  nmethod 0x0000023dd31ca510
Event: 64.161 Thread 0x0000023de736fe80 flushing  nmethod 0x0000023dd3249510
Event: 64.161 Thread 0x0000023de736fe80 flushing  nmethod 0x0000023dd3777010
Event: 64.161 Thread 0x0000023de736fe80 flushing  nmethod 0x0000023ddab4ae90
Event: 64.161 Thread 0x0000023de736fe80 flushing  nmethod 0x0000023dd2e73190
Event: 64.161 Thread 0x0000023de736fe80 flushing  nmethod 0x0000023dd2fcd310
Event: 64.161 Thread 0x0000023de736fe80 flushing  nmethod 0x0000023dd30f8790
Event: 64.161 Thread 0x0000023de736fe80 flushing  nmethod 0x0000023dd30faa10
Event: 64.161 Thread 0x0000023de736fe80 flushing  nmethod 0x0000023dd327a110
Event: 64.161 Thread 0x0000023de736fe80 flushing  nmethod 0x0000023dd340d310
Event: 64.161 Thread 0x0000023de736fe80 flushing  nmethod 0x0000023dd340e710
Event: 64.161 Thread 0x0000023de736fe80 flushing  nmethod 0x0000023dd3410310
Event: 64.161 Thread 0x0000023de736fe80 flushing  nmethod 0x0000023dd353aa90
Event: 64.161 Thread 0x0000023de736fe80 flushing  nmethod 0x0000023dd35c5c90
Event: 64.161 Thread 0x0000023de736fe80 flushing  nmethod 0x0000023dd38f0890
Event: 64.161 Thread 0x0000023de736fe80 flushing  nmethod 0x0000023dd38f1110
Event: 64.161 Thread 0x0000023de736fe80 flushing  nmethod 0x0000023dd38f5810

Events (20 events):
Event: 63.151 Thread 0x0000023def0a6a90 Thread added: 0x0000023def54f3a0
Event: 63.151 Thread 0x0000023def0a6a90 Thread added: 0x0000023def54fa30
Event: 63.152 Thread 0x0000023def0a6a90 Thread added: 0x0000023def54c5b0
Event: 63.153 Thread 0x0000023def0a6a90 Thread added: 0x0000023def54cc40
Event: 63.158 Thread 0x0000023def0a6a90 Thread added: 0x0000023def54d2d0
Event: 63.207 Thread 0x0000023def0a6a90 Thread added: 0x0000023df16d8b60
Event: 63.352 Thread 0x0000023def0a6a90 Thread added: 0x0000023df16d7120
Event: 63.352 Thread 0x0000023def0a6a90 Thread added: 0x0000023df16d9880
Event: 63.352 Thread 0x0000023def0a6a90 Thread added: 0x0000023df16d84d0
Event: 63.352 Thread 0x0000023def0a6a90 Thread added: 0x0000023df16d91f0
Event: 63.352 Thread 0x0000023def0a6a90 Thread added: 0x0000023df16d9f10
Event: 63.353 Thread 0x0000023def0a6a90 Thread added: 0x0000023df16d6a90
Event: 63.379 Thread 0x0000023def0a6a90 Thread added: 0x0000023df16da5a0
Event: 63.385 Thread 0x0000023def0a6a90 Thread added: 0x0000023df16d7e40
Event: 63.386 Thread 0x0000023def0a6a90 Thread added: 0x0000023df16d77b0
Event: 63.386 Thread 0x0000023def0a6a90 Thread added: 0x0000023df16db2c0
Event: 63.386 Thread 0x0000023def0a6a90 Thread added: 0x0000023df16dd390
Event: 63.386 Thread 0x0000023def0a6a90 Thread added: 0x0000023df16dda20
Event: 63.743 Thread 0x0000023deec435f0 Thread exited: 0x0000023deec435f0
Event: 64.119 Thread 0x0000023def0a6a90 Thread added: 0x0000023df16db950


Dynamic libraries:
0x00007ff7d2e90000 - 0x00007ff7d2e9e000 	C:\Users\USER\.antigravity-ide\extensions\redhat.java-1.56.0-win32-x64\jre\21.0.12.1-win32-x86_64\bin\java.exe
0x00007ff995f60000 - 0x00007ff9961c7000 	C:\WINDOWS\SYSTEM32\ntdll.dll
0x00007ff995170000 - 0x00007ff995239000 	C:\WINDOWS\System32\KERNEL32.DLL
0x00007ff992e80000 - 0x00007ff993277000 	C:\WINDOWS\System32\KERNELBASE.dll
0x00007ff992d30000 - 0x00007ff992e7b000 	C:\WINDOWS\System32\ucrtbase.dll
0x00007ff96f100000 - 0x00007ff96f118000 	C:\Users\USER\.antigravity-ide\extensions\redhat.java-1.56.0-win32-x64\jre\21.0.12.1-win32-x86_64\bin\jli.dll
0x00007ff993db0000 - 0x00007ff993f76000 	C:\WINDOWS\System32\USER32.dll
0x00007ff992c70000 - 0x00007ff992c97000 	C:\WINDOWS\System32\win32u.dll
0x00007ff995a90000 - 0x00007ff995abb000 	C:\WINDOWS\System32\GDI32.dll
0x00007ff993280000 - 0x00007ff9933ac000 	C:\WINDOWS\System32\gdi32full.dll
0x00007ff992bc0000 - 0x00007ff992c63000 	C:\WINDOWS\System32\msvcp_win.dll
0x00007ff974d30000 - 0x00007ff974d4e000 	C:\Users\USER\.antigravity-ide\extensions\redhat.java-1.56.0-win32-x64\jre\21.0.12.1-win32-x86_64\bin\VCRUNTIME140.dll
0x00007ff980750000 - 0x00007ff9809e2000 	C:\WINDOWS\WinSxS\amd64_microsoft.windows.common-controls_6595b64144ccf1df_6.0.26100.8457_none_3e0b2faee331e92d\COMCTL32.dll
0x00007ff9959e0000 - 0x00007ff995a89000 	C:\WINDOWS\System32\msvcrt.dll
0x00007ff995ac0000 - 0x00007ff995af2000 	C:\WINDOWS\System32\IMM32.DLL
0x00007ff98ed30000 - 0x00007ff98ed3c000 	C:\Users\USER\.antigravity-ide\extensions\redhat.java-1.56.0-win32-x64\jre\21.0.12.1-win32-x86_64\bin\vcruntime140_1.dll
0x00007ff968700000 - 0x00007ff96878d000 	C:\Users\USER\.antigravity-ide\extensions\redhat.java-1.56.0-win32-x64\jre\21.0.12.1-win32-x86_64\bin\msvcp140.dll
0x00007ff8d3000000 - 0x00007ff8d3da2000 	C:\Users\USER\.antigravity-ide\extensions\redhat.java-1.56.0-win32-x64\jre\21.0.12.1-win32-x86_64\bin\server\jvm.dll
0x00007ff993ce0000 - 0x00007ff993d96000 	C:\WINDOWS\System32\ADVAPI32.dll
0x00007ff995c00000 - 0x00007ff995ca7000 	C:\WINDOWS\System32\sechost.dll
0x00007ff9952d0000 - 0x00007ff9953e8000 	C:\WINDOWS\System32\RPCRT4.dll
0x00007ff995240000 - 0x00007ff9952c0000 	C:\WINDOWS\System32\WS2_32.dll
0x00007ff9927f0000 - 0x00007ff99284e000 	C:\WINDOWS\SYSTEM32\POWRPROF.dll
0x00007ff977860000 - 0x00007ff977896000 	C:\WINDOWS\SYSTEM32\WINMM.dll
0x00007ff987410000 - 0x00007ff98741b000 	C:\WINDOWS\SYSTEM32\VERSION.dll
0x00007ff9927d0000 - 0x00007ff9927e4000 	C:\WINDOWS\SYSTEM32\UMPDC.dll
0x00007ff9916e0000 - 0x00007ff9916fb000 	C:\WINDOWS\SYSTEM32\kernel.appcore.dll
0x00007ff97d550000 - 0x00007ff97d55a000 	C:\Users\USER\.antigravity-ide\extensions\redhat.java-1.56.0-win32-x64\jre\21.0.12.1-win32-x86_64\bin\jimage.dll
0x00007ff9778a0000 - 0x00007ff977ae2000 	C:\WINDOWS\SYSTEM32\DBGHELP.DLL
0x00007ff9949d0000 - 0x00007ff994d53000 	C:\WINDOWS\System32\combase.dll
0x00007ff994d60000 - 0x00007ff994e39000 	C:\WINDOWS\System32\OLEAUT32.dll
0x00007ff98ed80000 - 0x00007ff98edbb000 	C:\WINDOWS\SYSTEM32\dbgcore.DLL
0x00007ff992b10000 - 0x00007ff992bb8000 	C:\WINDOWS\System32\bcryptPrimitives.dll
0x00007ff97d3e0000 - 0x00007ff97d3ef000 	C:\Users\USER\.antigravity-ide\extensions\redhat.java-1.56.0-win32-x64\jre\21.0.12.1-win32-x86_64\bin\instrument.dll
0x00007ff96b550000 - 0x00007ff96b570000 	C:\Users\USER\.antigravity-ide\extensions\redhat.java-1.56.0-win32-x64\jre\21.0.12.1-win32-x86_64\bin\java.dll
0x00007ff994150000 - 0x00007ff9948be000 	C:\WINDOWS\System32\SHELL32.dll
0x00007ff9933b0000 - 0x00007ff993c1c000 	C:\WINDOWS\System32\windows.storage.dll
0x00007ff9948d0000 - 0x00007ff9949c6000 	C:\WINDOWS\System32\SHCORE.dll
0x00007ff995440000 - 0x00007ff9954a6000 	C:\WINDOWS\System32\shlwapi.dll
0x00007ff9928b0000 - 0x00007ff9928d9000 	C:\WINDOWS\SYSTEM32\profapi.dll
0x00007ff969240000 - 0x00007ff969258000 	C:\Users\USER\.antigravity-ide\extensions\redhat.java-1.56.0-win32-x64\jre\21.0.12.1-win32-x86_64\bin\zip.dll
0x00007ff977af0000 - 0x00007ff977b00000 	C:\Users\USER\.antigravity-ide\extensions\redhat.java-1.56.0-win32-x64\jre\21.0.12.1-win32-x86_64\bin\net.dll
0x00007ff98cc30000 - 0x00007ff98cd59000 	C:\WINDOWS\SYSTEM32\WINHTTP.dll
0x00007ff991c30000 - 0x00007ff991c9c000 	C:\WINDOWS\system32\mswsock.dll
0x00007ff9630b0000 - 0x00007ff9630c6000 	C:\Users\USER\.antigravity-ide\extensions\redhat.java-1.56.0-win32-x64\jre\21.0.12.1-win32-x86_64\bin\nio.dll
0x00007ff974d80000 - 0x00007ff974d90000 	C:\Users\USER\.antigravity-ide\extensions\redhat.java-1.56.0-win32-x64\jre\21.0.12.1-win32-x86_64\bin\verify.dll
0x00007ff9687a0000 - 0x00007ff9687c7000 	D:\gradle_cache\native\c067742578af261105cb4f569cf0c3c89f3d7b1fecec35dd04571415982c5e48\windows-amd64\native-platform.dll
0x00007ff92ce20000 - 0x00007ff92cf64000 	D:\gradle_cache\native\38dada09dfb8b06ba9b0570ebf7e218e3eb74d4ef43ca46872605cf95ebc2f47\windows-amd64\native-platform-file-events.dll
0x00007ff9900d0000 - 0x00007ff9900da000 	C:\Users\USER\.antigravity-ide\extensions\redhat.java-1.56.0-win32-x64\jre\21.0.12.1-win32-x86_64\bin\management.dll
0x00007ff98e060000 - 0x00007ff98e06c000 	C:\Users\USER\.antigravity-ide\extensions\redhat.java-1.56.0-win32-x64\jre\21.0.12.1-win32-x86_64\bin\management_ext.dll
0x00007ff995bf0000 - 0x00007ff995bf8000 	C:\WINDOWS\System32\PSAPI.DLL
0x00007ff992030000 - 0x00007ff99204b000 	C:\WINDOWS\SYSTEM32\CRYPTSP.dll
0x00007ff991640000 - 0x00007ff991679000 	C:\WINDOWS\system32\rsaenh.dll
0x00007ff991ce0000 - 0x00007ff991d13000 	C:\WINDOWS\SYSTEM32\USERENV.dll
0x00007ff992880000 - 0x00007ff9928aa000 	C:\WINDOWS\SYSTEM32\bcrypt.dll
0x00007ff991e90000 - 0x00007ff991e9c000 	C:\WINDOWS\SYSTEM32\CRYPTBASE.dll
0x00007ff9910d0000 - 0x00007ff991102000 	C:\WINDOWS\SYSTEM32\IPHLPAPI.DLL
0x00007ff993da0000 - 0x00007ff993daa000 	C:\WINDOWS\System32\NSI.dll
0x00007ff9900e0000 - 0x00007ff9900e9000 	C:\Users\USER\.antigravity-ide\extensions\redhat.java-1.56.0-win32-x64\jre\21.0.12.1-win32-x86_64\bin\extnet.dll
0x00007ff9900f0000 - 0x00007ff9900fe000 	C:\Users\USER\.antigravity-ide\extensions\redhat.java-1.56.0-win32-x64\jre\21.0.12.1-win32-x86_64\bin\sunmscapi.dll
0x00007ff992990000 - 0x00007ff992b08000 	C:\WINDOWS\System32\CRYPT32.dll
0x00007ff992190000 - 0x00007ff9921c0000 	C:\WINDOWS\SYSTEM32\ncrypt.dll
0x00007ff992140000 - 0x00007ff99217f000 	C:\WINDOWS\SYSTEM32\NTASN1.dll
0x00007ff93c270000 - 0x00007ff93c278000 	C:\WINDOWS\system32\wshunix.dll
0x00007ff92e0f0000 - 0x00007ff92e108000 	C:\WINDOWS\system32\napinsp.dll
0x00007ff991110000 - 0x00007ff991242000 	C:\WINDOWS\SYSTEM32\DNSAPI.dll
0x00007ff92e230000 - 0x00007ff92e243000 	C:\WINDOWS\System32\winrnr.dll
0x00007ff92e110000 - 0x00007ff92e132000 	C:\WINDOWS\system32\nlansp_c.dll
0x00007ff97cb20000 - 0x00007ff97cb36000 	C:\WINDOWS\system32\wshbth.dll
0x00007ff9837c0000 - 0x00007ff9837cb000 	C:\Windows\System32\rasadhlp.dll
0x00007ff98ad60000 - 0x00007ff98ade6000 	C:\WINDOWS\System32\fwpuclnt.dll

JVMTI agents:
D:\gradle_cache\wrapper\dists\gradle-8.7-bin\bhs2wmbdwecv87pi65oeuq5iu\gradle-8.7\lib\agents\gradle-instrumentation-agent-8.7.jar path:C:\Users\USER\.antigravity-ide\extensions\redhat.java-1.56.0-win32-x64\jre\21.0.12.1-win32-x86_64\bin\instrument.dll, loaded, initialized, instrumentlib options:none

dbghelp: loaded successfully - version: 4.0.5 - missing functions: none
symbol engine: initialized successfully - sym options: 0x614 - pdb path: .;C:\Users\USER\.antigravity-ide\extensions\redhat.java-1.56.0-win32-x64\jre\21.0.12.1-win32-x86_64\bin;C:\WINDOWS\SYSTEM32;C:\WINDOWS\WinSxS\amd64_microsoft.windows.common-controls_6595b64144ccf1df_6.0.26100.8457_none_3e0b2faee331e92d;C:\Users\USER\.antigravity-ide\extensions\redhat.java-1.56.0-win32-x64\jre\21.0.12.1-win32-x86_64\bin\server;D:\gradle_cache\native\c067742578af261105cb4f569cf0c3c89f3d7b1fecec35dd04571415982c5e48\windows-amd64;D:\gradle_cache\native\38dada09dfb8b06ba9b0570ebf7e218e3eb74d4ef43ca46872605cf95ebc2f47\windows-amd64

VM Arguments:
jvm_args: -XX:MaxMetaspaceSize=512m --add-opens=java.base/java.util=ALL-UNNAMED --add-opens=java.base/java.lang=ALL-UNNAMED --add-opens=java.base/java.lang.invoke=ALL-UNNAMED --add-opens=java.prefs/java.util.prefs=ALL-UNNAMED --add-opens=java.base/java.nio.charset=ALL-UNNAMED --add-opens=java.base/java.net=ALL-UNNAMED --add-opens=java.base/java.util.concurrent.atomic=ALL-UNNAMED -Xmx2048m -Dfile.encoding=utf8 -Duser.country=US -Duser.language=en -Duser.variant -javaagent:D:\gradle_cache\wrapper\dists\gradle-8.7-bin\bhs2wmbdwecv87pi65oeuq5iu\gradle-8.7\lib\agents\gradle-instrumentation-agent-8.7.jar 
java_command: org.gradle.launcher.daemon.bootstrap.GradleDaemon 8.7
java_class_path (initial): D:\gradle_cache\wrapper\dists\gradle-8.7-bin\bhs2wmbdwecv87pi65oeuq5iu\gradle-8.7\lib\gradle-launcher-8.7.jar
Launcher Type: SUN_STANDARD

[Global flags]
     intx CICompilerCount                          = 4                                         {product} {ergonomic}
   size_t CompressedClassSpaceSize                 = 436207616                                 {product} {ergonomic}
     uint ConcGCThreads                            = 2                                         {product} {ergonomic}
     uint G1ConcRefinementThreads                  = 8                                         {product} {ergonomic}
   size_t G1HeapRegionSize                         = 1048576                                   {product} {ergonomic}
    uintx GCDrainStackTargetSize                   = 64                                        {product} {ergonomic}
   size_t InitialHeapSize                          = 266338304                                 {product} {ergonomic}
   size_t MarkStackSize                            = 4194304                                   {product} {ergonomic}
   size_t MaxHeapSize                              = 2147483648                                {product} {command line}
   size_t MaxMetaspaceSize                         = 536870912                                 {product} {command line}
   size_t MaxNewSize                               = 1287651328                                {product} {ergonomic}
   size_t MinHeapDeltaBytes                        = 1048576                                   {product} {ergonomic}
   size_t MinHeapSize                              = 8388608                                   {product} {ergonomic}
    uintx NonNMethodCodeHeapSize                   = 5839372                                {pd product} {ergonomic}
    uintx NonProfiledCodeHeapSize                  = 122909434                              {pd product} {ergonomic}
    uintx ProfiledCodeHeapSize                     = 122909434                              {pd product} {ergonomic}
    uintx ReservedCodeCacheSize                    = 251658240                              {pd product} {ergonomic}
     bool SegmentedCodeCache                       = true                                      {product} {ergonomic}
   size_t SoftMaxHeapSize                          = 2147483648                             {manageable} {ergonomic}
     bool UseCompressedOops                        = true                           {product lp64_product} {ergonomic}
     bool UseG1GC                                  = true                                      {product} {ergonomic}
     bool UseLargePagesIndividualAllocation        = false                                  {pd product} {ergonomic}

Logging:
Log output configuration:
 #0: stdout all=warning uptime,level,tags foldmultilines=false
 #1: stderr all=off uptime,level,tags foldmultilines=false

Release file:
JAVA_VERSION="21.0.12.1" 
MODULES="java.base java.compiler java.datatransfer java.xml java.prefs java.desktop java.instrument java.logging java.management java.security.sasl java.naming java.rmi java.management.rmi java.net.http java.scripting java.security.jgss java.transaction.xa java.sql java.sql.rowset java.xml.crypto java.se java.smartcardio jdk.accessibility jdk.internal.jvmstat jdk.attach jdk.charsets jdk.internal.opt jdk.zipfs jdk.compiler jdk.crypto.ec jdk.crypto.cryptoki jdk.crypto.mscapi jdk.dynalink jdk.internal.ed jdk.editpad jdk.hotspot.agent jdk.httpserver jdk.internal.le jdk.internal.vm.ci jdk.internal.vm.compiler jdk.internal.vm.compiler.management jdk.jartool jdk.javadoc jdk.jcmd jdk.management jdk.management.agent jdk.jconsole jdk.jdeps jdk.jdwp.agent jdk.jdi jdk.jfr jdk.jshell jdk.jsobject jdk.jstatd jdk.localedata jdk.management.jfr jdk.naming.dns jdk.naming.rmi jdk.net jdk.nio.mapmode jdk.random jdk.sctp jdk.security.auth jdk.security.jgss jdk.unsupported jdk.unsupported.desktop jdk.xml.dom" 

Environment Variables:
PATH=C:\Program Files\Common Files\Oracle\Java\javapath;C:\Program Files (x86)\Common Files\Intel\Shared Libraries\redist\intel64\compiler;C:\WINDOWS\system32;C:\WINDOWS;C:\WINDOWS\System32\Wbem;C:\WINDOWS\System32\WindowsPowerShell\v1.0\;C:\WINDOWS\System32\OpenSSH\;C:\ProgramData\chocolatey\bin;C:\Program Files\Git\cmd;C:\Users\USER\AppData\Roaming\nvm;C:\Program Files\nodejs;C:\Program Files\nodejs\;D:\flutter\bin;C:\Users\USER\AppData\Local\Android\Sdk\platform-tools;D:\Java;C:\Users\USER\AppData\Local\Android\Sdk\tools\bin;C:\Users\USER\AppData\Local\Microsoft\WindowsApps;C:\Users\USER\AppData\Local\Programs\Microsoft VS Code\bin;C:\Program Files\Git\bin;C:\Users\USER\AppData\Roaming\npm;C:\Users\USER\AppData\Local\Pub\Cache\bin;C:\Program Files\Android\Android Studio\bin;D:\cursor\resources\app\bin;C:\Users\USER\AppData\Local\PowerToys\;C:\Users\USER\AppData\Local\Programs\Antigravity IDE\bin
USERNAME=USER
OS=Windows_NT
PROCESSOR_IDENTIFIER=Intel64 Family 6 Model 165 Stepping 3, GenuineIntel
TMP=C:\Users\USER\AppData\Local\Temp
TEMP=C:\Users\USER\AppData\Local\Temp




Periodic native trim disabled

---------------  S Y S T E M  ---------------

OS:
 Windows 11 , 64 bit Build 26100 (10.0.26100.8328)
OS uptime: 0 days 2:20 hours
Hyper-V role detected

CPU: total 8 (initial active 8) (4 cores per cpu, 2 threads per core) family 6 model 165 stepping 3 microcode 0xea, cx8, cmov, fxsr, ht, mmx, 3dnowpref, sse, sse2, sse3, ssse3, sse4.1, sse4.2, popcnt, lzcnt, tsc, tscinvbit, avx, avx2, aes, erms, clmul, bmi1, bmi2, adx, fma, vzeroupper, clflush, clflushopt, hv, rdtscp, f16c
Processor Information for the first 8 processors :
  Max Mhz: 3696, Current Mhz: 3696, Mhz Limit: 3696

Memory: 4k page, system-wide physical 16165M (1054M free)
TotalPageFile size 28462M (AvailPageFile size 2M)
current process WorkingSet (physical memory assigned to process): 340M, peak: 340M
current process commit charge ("private bytes"): 374M, peak: 408M

vm_info: OpenJDK 64-Bit Server VM (21.0.12.1+1-LTS) for windows-amd64 JRE (21.0.12.1+1-LTS), built on 2026-08-18T00:00:00Z by "admin" with MS VC++ 17.12 (VS2022)

END.
