#
# There is insufficient memory for the Java Runtime Environment to continue.
# Native memory allocation (malloc) failed to allocate 436736 bytes. Error detail: Chunk::new
# Possible reasons:
#   The system is out of physical RAM or swap space
#   This process is running with CompressedOops enabled, and the Java Heap may be blocking the growth of the native heap
# Possible solutions:
#   Reduce memory load on the system
#   Increase physical memory or swap space
#   Check if swap backing store is full
#   Decrease Java heap size (-Xmx/-Xms)
#   Decrease number of Java threads
#   Decrease Java thread stack sizes (-Xss)
#   Set larger code cache with -XX:ReservedCodeCacheSize=
#   JVM is running with Unscaled Compressed Oops mode in which the Java heap is
#     placed in the first 4GB address space. The Java Heap base address is the
#     maximum limit for the native heap growth. Please use -XX:HeapBaseMinAddress
#     to set the Java Heap base and to place the Java Heap above 4GB virtual address.
# This output file may be truncated or incomplete.
#
#  Out of Memory Error (arena.cpp:168), pid=16660, tid=14008
#
# JRE version: OpenJDK Runtime Environment Temurin-21.0.12.1+1 (21.0.12.1+1) (build 21.0.12.1+1-LTS)
# Java VM: OpenJDK 64-Bit Server VM Temurin-21.0.12.1+1 (21.0.12.1+1-LTS, mixed mode, sharing, tiered, compressed oops, compressed class ptrs, g1 gc, windows-amd64)
# No core dump will be written. Minidumps are not enabled by default on client versions of Windows
#

---------------  S U M M A R Y ------------

Command Line: -XX:MaxMetaspaceSize=512m --add-opens=java.base/java.util=ALL-UNNAMED --add-opens=java.base/java.lang=ALL-UNNAMED --add-opens=java.base/java.lang.invoke=ALL-UNNAMED --add-opens=java.prefs/java.util.prefs=ALL-UNNAMED --add-opens=java.base/java.nio.charset=ALL-UNNAMED --add-opens=java.base/java.net=ALL-UNNAMED --add-opens=java.base/java.util.concurrent.atomic=ALL-UNNAMED -Xmx2048m -Dfile.encoding=utf8 -Duser.country=US -Duser.language=en -Duser.variant -javaagent:D:\gradle_cache\wrapper\dists\gradle-8.7-bin\bhs2wmbdwecv87pi65oeuq5iu\gradle-8.7\lib\agents\gradle-instrumentation-agent-8.7.jar org.gradle.launcher.daemon.bootstrap.GradleDaemon 8.7

Host: Intel(R) Core(TM) i3-10105 CPU @ 3.70GHz, 8 cores, 15G,  Windows 11 , 64 bit Build 26100 (10.0.26100.8328)
Time: Wed Sep 23 14:56:34 2026 India Standard Time elapsed time: 42.698357 seconds (0d 0h 0m 42s)

---------------  T H R E A D  ---------------

Current thread (0x0000022c67575b40):  JavaThread "C2 CompilerThread0" daemon [_thread_in_native, id=14008, stack(0x000000487d700000,0x000000487d800000) (1024K)]


Current CompileTask:
C2:42698 7634       4       java.util.regex.Pattern::split (325 bytes)

Stack: [0x000000487d700000,0x000000487d800000]
Native frames: (J=compiled Java code, j=interpreted, Vv=VM code, C=native code)
V  [jvm.dll+0x6d83e9]
V  [jvm.dll+0x8b5736]
V  [jvm.dll+0x8b7cee]
V  [jvm.dll+0x8b83d3]
V  [jvm.dll+0x284596]
V  [jvm.dll+0xc685d]
V  [jvm.dll+0xc6da1]
V  [jvm.dll+0x2fb5ae]
V  [jvm.dll+0x5fee94]
V  [jvm.dll+0x255d67]
V  [jvm.dll+0x24ddab]
V  [jvm.dll+0x24bbe6]
V  [jvm.dll+0x1cb4ae]
V  [jvm.dll+0x25baad]
V  [jvm.dll+0x25a03a]
V  [jvm.dll+0x3f8aae]
V  [jvm.dll+0x8600cd]
V  [jvm.dll+0x6d6c1d]
C  [ucrtbase.dll+0x37b0]
C  [KERNEL32.DLL+0x2e957]
C  [ntdll.dll+0x427c]


---------------  P R O C E S S  ---------------

Threads class SMR info:
_java_thread_list=0x0000022c6d21f6d0, length=50, elements={
0x0000022c4fd6fc90, 0x0000022c6756db80, 0x0000022c6756f300, 0x0000022c67572e90,
0x0000022c675738f0, 0x0000022c67574350, 0x0000022c67574db0, 0x0000022c67575b40,
0x0000022c67578d40, 0x0000022c677a17b0, 0x0000022c67825960, 0x0000022c6cb3b2b0,
0x0000022c6d9c2ac0, 0x0000022c6dac14b0, 0x0000022c6d9c0760, 0x0000022c6cd303d0,
0x0000022c6d6bc960, 0x0000022c6cb68e20, 0x0000022c6d9c3430, 0x0000022c6d9c47e0,
0x0000022c6d9c4150, 0x0000022c6d9c3ac0, 0x0000022c6df69a80, 0x0000022c6df6b4c0,
0x0000022c6df693f0, 0x0000022c6df6bb50, 0x0000022c6df6a110, 0x0000022c6df6a7a0,
0x0000022c6df686d0, 0x0000022c6df6c1e0, 0x0000022c6df6cf00, 0x0000022c6df6fcf0,
0x0000022c6df6e2b0, 0x0000022c6df6f660, 0x0000022c6cc8fa70, 0x0000022c6cc90e20,
0x0000022c6cc92860, 0x0000022c6cc914b0, 0x0000022c6cc90790, 0x0000022c6cc90100,
0x0000022c6cc92ef0, 0x0000022c6cc91b40, 0x0000022c6cc921d0, 0x0000022c70620b10,
0x0000022c706211a0, 0x0000022c7061f760, 0x0000022c70621ec0, 0x0000022c70621830,
0x0000022c7061ea40, 0x0000022c70622550
}

Java Threads: ( => current thread )
  0x0000022c4fd6fc90 JavaThread "main"                              [_thread_blocked, id=14584, stack(0x000000487c900000,0x000000487ca00000) (1024K)]
  0x0000022c6756db80 JavaThread "Reference Handler"          daemon [_thread_blocked, id=16700, stack(0x000000487d100000,0x000000487d200000) (1024K)]
  0x0000022c6756f300 JavaThread "Finalizer"                  daemon [_thread_blocked, id=8776, stack(0x000000487d200000,0x000000487d300000) (1024K)]
  0x0000022c67572e90 JavaThread "Signal Dispatcher"          daemon [_thread_blocked, id=9440, stack(0x000000487d300000,0x000000487d400000) (1024K)]
  0x0000022c675738f0 JavaThread "Attach Listener"            daemon [_thread_blocked, id=1468, stack(0x000000487d400000,0x000000487d500000) (1024K)]
  0x0000022c67574350 JavaThread "Service Thread"             daemon [_thread_blocked, id=15060, stack(0x000000487d500000,0x000000487d600000) (1024K)]
  0x0000022c67574db0 JavaThread "Monitor Deflation Thread"   daemon [_thread_blocked, id=15248, stack(0x000000487d600000,0x000000487d700000) (1024K)]
=>0x0000022c67575b40 JavaThread "C2 CompilerThread0"         daemon [_thread_in_native, id=14008, stack(0x000000487d700000,0x000000487d800000) (1024K)]
  0x0000022c67578d40 JavaThread "C1 CompilerThread0"         daemon [_thread_blocked, id=1760, stack(0x000000487d800000,0x000000487d900000) (1024K)]
  0x0000022c677a17b0 JavaThread "Common-Cleaner"             daemon [_thread_blocked, id=3308, stack(0x000000487d900000,0x000000487da00000) (1024K)]
  0x0000022c67825960 JavaThread "Notification Thread"        daemon [_thread_blocked, id=13080, stack(0x000000487da00000,0x000000487db00000) (1024K)]
  0x0000022c6cb3b2b0 JavaThread "Daemon health stats"               [_thread_blocked, id=3840, stack(0x000000487e200000,0x000000487e300000) (1024K)]
  0x0000022c6d9c2ac0 JavaThread "Incoming local TCP Connector on port 56507"        [_thread_in_native, id=4872, stack(0x000000487db00000,0x000000487dc00000) (1024K)]
  0x0000022c6dac14b0 JavaThread "Daemon periodic checks"            [_thread_blocked, id=15504, stack(0x000000487e100000,0x000000487e200000) (1024K)]
  0x0000022c6d9c0760 JavaThread "Daemon"                            [_thread_blocked, id=17100, stack(0x000000487e300000,0x000000487e400000) (1024K)]
  0x0000022c6cd303d0 JavaThread "Handler for socket connection from /127.0.0.1:56507 to /127.0.0.1:56508"        [_thread_in_native, id=15768, stack(0x000000487e400000,0x000000487e500000) (1024K)]
  0x0000022c6d6bc960 JavaThread "Cancel handler"                    [_thread_blocked, id=15324, stack(0x000000487e500000,0x000000487e600000) (1024K)]
  0x0000022c6cb68e20 JavaThread "Daemon worker"                     [_thread_in_vm, id=16044, stack(0x000000487e600000,0x000000487e700000) (1024K)]
  0x0000022c6d9c3430 JavaThread "Asynchronous log dispatcher for DefaultDaemonConnection: socket connection from /127.0.0.1:56507 to /127.0.0.1:56508"        [_thread_blocked, id=16340, stack(0x000000487e700000,0x000000487e800000) (1024K)]
  0x0000022c6d9c47e0 JavaThread "Stdin handler"                     [_thread_blocked, id=17080, stack(0x000000487e800000,0x000000487e900000) (1024K)]
  0x0000022c6d9c4150 JavaThread "Daemon client event forwarder"        [_thread_blocked, id=15752, stack(0x000000487e900000,0x000000487ea00000) (1024K)]
  0x0000022c6d9c3ac0 JavaThread "Cache worker for journal cache (D:\gradle_cache\caches\journal-1)"        [_thread_blocked, id=17028, stack(0x000000487ea00000,0x000000487eb00000) (1024K)]
  0x0000022c6df69a80 JavaThread "File lock request listener"        [_thread_in_native, id=3004, stack(0x000000487eb00000,0x000000487ec00000) (1024K)]
  0x0000022c6df6b4c0 JavaThread "Cache worker for file hash cache (D:\gradle_cache\caches\8.7\fileHashes)"        [_thread_blocked, id=17180, stack(0x000000487ec00000,0x000000487ed00000) (1024K)]
  0x0000022c6df693f0 JavaThread "File lock release action executor"        [_thread_blocked, id=16336, stack(0x000000487ed00000,0x000000487ee00000) (1024K)]
  0x0000022c6df6bb50 JavaThread "Cache worker for file hash cache (D:\trackboxstudent\android\.gradle\8.7\fileHashes)"        [_thread_blocked, id=5864, stack(0x000000487ee00000,0x000000487ef00000) (1024K)]
  0x0000022c6df6a110 JavaThread "File watcher server"        daemon [_thread_in_native, id=13428, stack(0x000000487f300000,0x000000487f400000) (1024K)]
  0x0000022c6df6a7a0 JavaThread "File watcher consumer"      daemon [_thread_blocked, id=15224, stack(0x000000487f400000,0x000000487f500000) (1024K)]
  0x0000022c6df686d0 JavaThread "Cache worker for checksums cache (D:\trackboxstudent\android\.gradle\8.7\checksums)"        [_thread_blocked, id=17452, stack(0x000000487f500000,0x000000487f600000) (1024K)]
  0x0000022c6df6c1e0 JavaThread "Cache worker for cache directory md-supplier (D:\gradle_cache\caches\8.7\md-supplier)"        [_thread_blocked, id=17544, stack(0x000000487f200000,0x000000487f300000) (1024K)]
  0x0000022c6df6cf00 JavaThread "Cache worker for cache directory md-rule (D:\gradle_cache\caches\8.7\md-rule)"        [_thread_blocked, id=17552, stack(0x000000487f700000,0x000000487f800000) (1024K)]
  0x0000022c6df6fcf0 JavaThread "Cache worker for file content cache (D:\gradle_cache\caches\8.7\fileContent)"        [_thread_blocked, id=17688, stack(0x000000487f600000,0x000000487f700000) (1024K)]
  0x0000022c6df6e2b0 JavaThread "jar transforms"                    [_thread_blocked, id=16736, stack(0x000000487f800000,0x000000487f900000) (1024K)]
  0x0000022c6df6f660 JavaThread "Cache worker for Build Output Cleanup Cache (D:\flutter\packages\flutter_tools\gradle\.gradle\buildOutputCleanup)"        [_thread_blocked, id=3076, stack(0x000000487fa00000,0x000000487fb00000) (1024K)]
  0x0000022c6cc8fa70 JavaThread "Unconstrained build operations"        [_thread_blocked, id=18332, stack(0x000000487f900000,0x000000487fa00000) (1024K)]
  0x0000022c6cc90e20 JavaThread "Unconstrained build operations Thread 2"        [_thread_blocked, id=18300, stack(0x000000487fb00000,0x000000487fc00000) (1024K)]
  0x0000022c6cc92860 JavaThread "Unconstrained build operations Thread 3"        [_thread_blocked, id=12384, stack(0x000000487fc00000,0x000000487fd00000) (1024K)]
  0x0000022c6cc914b0 JavaThread "Unconstrained build operations Thread 4"        [_thread_blocked, id=18292, stack(0x000000487fd00000,0x000000487fe00000) (1024K)]
  0x0000022c6cc90790 JavaThread "Unconstrained build operations Thread 5"        [_thread_blocked, id=18356, stack(0x000000487fe00000,0x000000487ff00000) (1024K)]
  0x0000022c6cc90100 JavaThread "Unconstrained build operations Thread 6"        [_thread_blocked, id=18352, stack(0x000000487ff00000,0x0000004880000000) (1024K)]
  0x0000022c6cc92ef0 JavaThread "Unconstrained build operations Thread 7"        [_thread_blocked, id=15760, stack(0x0000004800000000,0x0000004800100000) (1024K)]
  0x0000022c6cc91b40 JavaThread "Unconstrained build operations Thread 8"        [_thread_blocked, id=18280, stack(0x0000004800100000,0x0000004800200000) (1024K)]
  0x0000022c6cc921d0 JavaThread "Unconstrained build operations Thread 9"        [_thread_blocked, id=8400, stack(0x0000004800200000,0x0000004800300000) (1024K)]
  0x0000022c70620b10 JavaThread "Unconstrained build operations Thread 10"        [_thread_blocked, id=7436, stack(0x0000004800300000,0x0000004800400000) (1024K)]
  0x0000022c706211a0 JavaThread "Unconstrained build operations Thread 11"        [_thread_blocked, id=18436, stack(0x0000004800400000,0x0000004800500000) (1024K)]
  0x0000022c7061f760 JavaThread "Unconstrained build operations Thread 12"        [_thread_blocked, id=18440, stack(0x0000004800500000,0x0000004800600000) (1024K)]
  0x0000022c70621ec0 JavaThread "Unconstrained build operations Thread 13"        [_thread_blocked, id=18444, stack(0x0000004800600000,0x0000004800700000) (1024K)]
  0x0000022c70621830 JavaThread "Unconstrained build operations Thread 14"        [_thread_blocked, id=18448, stack(0x0000004800700000,0x0000004800800000) (1024K)]
  0x0000022c7061ea40 JavaThread "Memory manager"                    [_thread_blocked, id=18684, stack(0x0000004800800000,0x0000004800900000) (1024K)]
  0x0000022c70622550 JavaThread "build event listener"              [_thread_blocked, id=19056, stack(0x0000004800900000,0x0000004800a00000) (1024K)]
Total: 50

Other Threads:
  0x0000022c6754c850 VMThread "VM Thread"                           [id=7520, stack(0x000000487d000000,0x000000487d100000) (1024K)]
  0x0000022c6753e980 WatcherThread "VM Periodic Task Thread"        [id=17004, stack(0x000000487cf00000,0x000000487d000000) (1024K)]
  0x0000022c4fdc8a30 WorkerThread "GC Thread#0"                     [id=16640, stack(0x000000487ca00000,0x000000487cb00000) (1024K)]
  0x0000022c6c61a2f0 WorkerThread "GC Thread#1"                     [id=14708, stack(0x000000487dc00000,0x000000487dd00000) (1024K)]
  0x0000022c6c94bfb0 WorkerThread "GC Thread#2"                     [id=7852, stack(0x000000487dd00000,0x000000487de00000) (1024K)]
  0x0000022c6c94c360 WorkerThread "GC Thread#3"                     [id=4816, stack(0x000000487de00000,0x000000487df00000) (1024K)]
  0x0000022c6c820080 WorkerThread "GC Thread#4"                     [id=14776, stack(0x000000487df00000,0x000000487e000000) (1024K)]
  0x0000022c6c820430 WorkerThread "GC Thread#5"                     [id=13440, stack(0x000000487e000000,0x000000487e100000) (1024K)]
  0x0000022c6dddcd10 WorkerThread "GC Thread#6"                     [id=3864, stack(0x000000487ef00000,0x000000487f000000) (1024K)]
  0x0000022c6dddd0c0 WorkerThread "GC Thread#7"                     [id=15700, stack(0x000000487f000000,0x000000487f100000) (1024K)]
  0x0000022c4fdda840 ConcurrentGCThread "G1 Main Marker"            [id=15884, stack(0x000000487cb00000,0x000000487cc00000) (1024K)]
  0x0000022c4fddb160 WorkerThread "G1 Conc#0"                       [id=5112, stack(0x000000487cc00000,0x000000487cd00000) (1024K)]
  0x0000022c6e2b9d50 WorkerThread "G1 Conc#1"                       [id=16380, stack(0x000000487f100000,0x000000487f200000) (1024K)]
  0x0000022c6740f620 ConcurrentGCThread "G1 Refine#0"               [id=12268, stack(0x000000487cd00000,0x000000487ce00000) (1024K)]
  0x0000022c6740fe50 ConcurrentGCThread "G1 Service"                [id=11176, stack(0x000000487ce00000,0x000000487cf00000) (1024K)]
Total: 15

Threads with active compile tasks:
C2 CompilerThread0  42726 7634       4       java.util.regex.Pattern::split (325 bytes)
Total: 1

VM state: not at safepoint (normal execution)

VM Mutex/Monitor currently owned by a thread:  ([mutex/lock_event])
[0x00007fff3f72d530] Metaspace_lock - owner thread: 0x0000022c6cb68e20

Heap address: 0x0000000080000000, size: 2048 MB, Compressed Oops mode: 32-bit

CDS archive(s) mapped at: [0x0000022c00000000-0x0000022c00ba0000-0x0000022c00ba0000), size 12189696, SharedBaseAddress: 0x0000022c00000000, ArchiveRelocationMode: 1.
Compressed class space mapped at: 0x0000022c01000000-0x0000022c1b000000, reserved size: 436207616
Narrow klass base: 0x0000022c00000000, Narrow klass shift: 0, Narrow klass range: 0x100000000

GC Precious Log:
 CardTable entry size: 512
 Card Set container configuration: InlinePtr #cards 5 size 8 Array Of Cards #cards 12 size 40 Howl #buckets 4 coarsen threshold 1843 Howl Bitmap #cards 512 size 80 coarsen threshold 460 Card regions per heap region 1 cards per card region 2048
 CPUs: 8 total, 8 available
 Memory: 16165M
 Large Page Support: Disabled
 NUMA Support: Disabled
 Compressed Oops: Enabled (32-bit)
 Heap Region Size: 1M
 Heap Min Capacity: 8M
 Heap Initial Capacity: 254M
 Heap Max Capacity: 2G
 Pre-touch: Disabled
 Parallel Workers: 8
 Concurrent Workers: 2
 Concurrent Refinement Workers: 8
 Periodic GC: Disabled

Heap:
 garbage-first heap   total 101376K, used 83716K [0x0000000080000000, 0x0000000100000000)
  region size 1024K, 27 young (27648K), 5 survivors (5120K)
 Metaspace       used 67227K, committed 69120K, reserved 491520K
  class space    used 9730K, committed 10688K, reserved 425984K

Heap Regions: E=young(eden), S=young(survivor), O=old, HS=humongous(starts), HC=humongous(continues), CS=collection set, F=free, TAMS=top-at-mark-start, PB=parsable bottom
|   0|0x0000000080000000, 0x0000000080100000, 0x0000000080100000|100%|HS|  |TAMS 0x0000000080000000| PB 0x0000000080000000| Complete 
|   1|0x0000000080100000, 0x0000000080200000, 0x0000000080200000|100%|HC|  |TAMS 0x0000000080100000| PB 0x0000000080100000| Complete 
|   2|0x0000000080200000, 0x0000000080300000, 0x0000000080300000|100%|HC|  |TAMS 0x0000000080200000| PB 0x0000000080200000| Complete 
|   3|0x0000000080300000, 0x0000000080400000, 0x0000000080400000|100%|HC|  |TAMS 0x0000000080300000| PB 0x0000000080300000| Complete 
|   4|0x0000000080400000, 0x0000000080500000, 0x0000000080500000|100%| O|  |TAMS 0x0000000080400000| PB 0x0000000080400000| Untracked 
|   5|0x0000000080500000, 0x0000000080600000, 0x0000000080600000|100%| O|  |TAMS 0x0000000080500000| PB 0x0000000080500000| Untracked 
|   6|0x0000000080600000, 0x0000000080700000, 0x0000000080700000|100%| O|  |TAMS 0x0000000080600000| PB 0x0000000080600000| Untracked 
|   7|0x0000000080700000, 0x0000000080800000, 0x0000000080800000|100%| O|  |TAMS 0x0000000080700000| PB 0x0000000080700000| Untracked 
|   8|0x0000000080800000, 0x0000000080900000, 0x0000000080900000|100%| O|  |TAMS 0x0000000080800000| PB 0x0000000080800000| Untracked 
|   9|0x0000000080900000, 0x0000000080a00000, 0x0000000080a00000|100%| O|  |TAMS 0x0000000080900000| PB 0x0000000080900000| Untracked 
|  10|0x0000000080a00000, 0x0000000080b00000, 0x0000000080b00000|100%| O|  |TAMS 0x0000000080a00000| PB 0x0000000080a00000| Untracked 
|  11|0x0000000080b00000, 0x0000000080c00000, 0x0000000080c00000|100%| O|  |TAMS 0x0000000080b00000| PB 0x0000000080b00000| Untracked 
|  12|0x0000000080c00000, 0x0000000080d00000, 0x0000000080d00000|100%| O|  |TAMS 0x0000000080c00000| PB 0x0000000080c00000| Untracked 
|  13|0x0000000080d00000, 0x0000000080e00000, 0x0000000080e00000|100%| O|  |TAMS 0x0000000080d00000| PB 0x0000000080d00000| Untracked 
|  14|0x0000000080e00000, 0x0000000080f00000, 0x0000000080f00000|100%| O|  |TAMS 0x0000000080e00000| PB 0x0000000080e00000| Untracked 
|  15|0x0000000080f00000, 0x0000000081000000, 0x0000000081000000|100%| O|  |TAMS 0x0000000080f00000| PB 0x0000000080f00000| Untracked 
|  16|0x0000000081000000, 0x0000000081100000, 0x0000000081100000|100%| O|  |TAMS 0x0000000081000000| PB 0x0000000081000000| Untracked 
|  17|0x0000000081100000, 0x0000000081200000, 0x0000000081200000|100%| O|  |TAMS 0x0000000081100000| PB 0x0000000081100000| Untracked 
|  18|0x0000000081200000, 0x0000000081300000, 0x0000000081300000|100%| O|  |TAMS 0x0000000081200000| PB 0x0000000081200000| Untracked 
|  19|0x0000000081300000, 0x0000000081400000, 0x0000000081400000|100%| O|  |TAMS 0x0000000081300000| PB 0x0000000081300000| Untracked 
|  20|0x0000000081400000, 0x0000000081500000, 0x0000000081500000|100%| O|  |TAMS 0x0000000081400000| PB 0x0000000081400000| Untracked 
|  21|0x0000000081500000, 0x0000000081600000, 0x0000000081600000|100%| O|  |TAMS 0x0000000081500000| PB 0x0000000081500000| Untracked 
|  22|0x0000000081600000, 0x0000000081700000, 0x0000000081700000|100%| O|  |TAMS 0x0000000081600000| PB 0x0000000081600000| Untracked 
|  23|0x0000000081700000, 0x0000000081800000, 0x0000000081800000|100%| O|  |TAMS 0x0000000081700000| PB 0x0000000081700000| Untracked 
|  24|0x0000000081800000, 0x0000000081800000, 0x0000000081900000|  0%| F|  |TAMS 0x0000000081800000| PB 0x0000000081800000| Untracked 
|  25|0x0000000081900000, 0x0000000081a00000, 0x0000000081a00000|100%| O|  |TAMS 0x0000000081900000| PB 0x0000000081900000| Untracked 
|  26|0x0000000081a00000, 0x0000000081b00000, 0x0000000081b00000|100%| O|  |TAMS 0x0000000081a00000| PB 0x0000000081a00000| Untracked 
|  27|0x0000000081b00000, 0x0000000081c00000, 0x0000000081c00000|100%| O|  |TAMS 0x0000000081b00000| PB 0x0000000081b00000| Untracked 
|  28|0x0000000081c00000, 0x0000000081d00000, 0x0000000081d00000|100%| O|  |TAMS 0x0000000081c00000| PB 0x0000000081c00000| Untracked 
|  29|0x0000000081d00000, 0x0000000081dc10f0, 0x0000000081e00000| 75%| O|  |TAMS 0x0000000081d00000| PB 0x0000000081d00000| Untracked 
|  30|0x0000000081e00000, 0x0000000081f00000, 0x0000000081f00000|100%| O|  |TAMS 0x0000000081e00000| PB 0x0000000081e00000| Untracked 
|  31|0x0000000081f00000, 0x0000000082000000, 0x0000000082000000|100%| O|  |TAMS 0x0000000081f00000| PB 0x0000000081f00000| Untracked 
|  32|0x0000000082000000, 0x0000000082100000, 0x0000000082100000|100%| O|  |TAMS 0x0000000082000000| PB 0x0000000082000000| Untracked 
|  33|0x0000000082100000, 0x0000000082200000, 0x0000000082200000|100%| O|  |TAMS 0x0000000082100000| PB 0x0000000082100000| Untracked 
|  34|0x0000000082200000, 0x0000000082300000, 0x0000000082300000|100%| O|  |TAMS 0x0000000082200000| PB 0x0000000082200000| Untracked 
|  35|0x0000000082300000, 0x0000000082400000, 0x0000000082400000|100%| O|  |TAMS 0x0000000082300000| PB 0x0000000082300000| Untracked 
|  36|0x0000000082400000, 0x0000000082500000, 0x0000000082500000|100%| O|  |TAMS 0x0000000082400000| PB 0x0000000082400000| Untracked 
|  37|0x0000000082500000, 0x0000000082600000, 0x0000000082600000|100%|HS|  |TAMS 0x0000000082500000| PB 0x0000000082500000| Complete 
|  38|0x0000000082600000, 0x0000000082700000, 0x0000000082700000|100%|HC|  |TAMS 0x0000000082600000| PB 0x0000000082600000| Complete 
|  39|0x0000000082700000, 0x0000000082800000, 0x0000000082800000|100%|HS|  |TAMS 0x0000000082700000| PB 0x0000000082700000| Complete 
|  40|0x0000000082800000, 0x0000000082900000, 0x0000000082900000|100%|HC|  |TAMS 0x0000000082800000| PB 0x0000000082800000| Complete 
|  41|0x0000000082900000, 0x0000000082a00000, 0x0000000082a00000|100%| O|  |TAMS 0x0000000082900000| PB 0x0000000082900000| Untracked 
|  42|0x0000000082a00000, 0x0000000082b00000, 0x0000000082b00000|100%|HS|  |TAMS 0x0000000082a00000| PB 0x0000000082a00000| Complete 
|  43|0x0000000082b00000, 0x0000000082c00000, 0x0000000082c00000|100%|HC|  |TAMS 0x0000000082b00000| PB 0x0000000082b00000| Complete 
|  44|0x0000000082c00000, 0x0000000082d00000, 0x0000000082d00000|100%|HC|  |TAMS 0x0000000082c00000| PB 0x0000000082c00000| Complete 
|  45|0x0000000082d00000, 0x0000000082e00000, 0x0000000082e00000|100%|HC|  |TAMS 0x0000000082d00000| PB 0x0000000082d00000| Complete 
|  46|0x0000000082e00000, 0x0000000082f00000, 0x0000000082f00000|100%| O|  |TAMS 0x0000000082e00000| PB 0x0000000082e00000| Untracked 
|  47|0x0000000082f00000, 0x0000000083000000, 0x0000000083000000|100%| O|  |TAMS 0x0000000082f00000| PB 0x0000000082f00000| Untracked 
|  48|0x0000000083000000, 0x0000000083100000, 0x0000000083100000|100%| O|  |TAMS 0x0000000083000000| PB 0x0000000083000000| Untracked 
|  49|0x0000000083100000, 0x0000000083200000, 0x0000000083200000|100%| O|  |TAMS 0x0000000083100000| PB 0x0000000083100000| Untracked 
|  50|0x0000000083200000, 0x0000000083300000, 0x0000000083300000|100%| O|  |TAMS 0x0000000083200000| PB 0x0000000083200000| Untracked 
|  51|0x0000000083300000, 0x0000000083300000, 0x0000000083400000|  0%| F|  |TAMS 0x0000000083300000| PB 0x0000000083300000| Untracked 
|  52|0x0000000083400000, 0x0000000083500000, 0x0000000083500000|100%| S|CS|TAMS 0x0000000083400000| PB 0x0000000083400000| Complete 
|  53|0x0000000083500000, 0x0000000083600000, 0x0000000083600000|100%| S|CS|TAMS 0x0000000083500000| PB 0x0000000083500000| Complete 
|  54|0x0000000083600000, 0x0000000083700000, 0x0000000083700000|100%| S|CS|TAMS 0x0000000083600000| PB 0x0000000083600000| Complete 
|  55|0x0000000083700000, 0x0000000083800000, 0x0000000083800000|100%| S|CS|TAMS 0x0000000083700000| PB 0x0000000083700000| Complete 
|  56|0x0000000083800000, 0x0000000083900000, 0x0000000083900000|100%| S|CS|TAMS 0x0000000083800000| PB 0x0000000083800000| Complete 
|  57|0x0000000083900000, 0x0000000083900000, 0x0000000083a00000|  0%| F|  |TAMS 0x0000000083900000| PB 0x0000000083900000| Untracked 
|  58|0x0000000083a00000, 0x0000000083a00000, 0x0000000083b00000|  0%| F|  |TAMS 0x0000000083a00000| PB 0x0000000083a00000| Untracked 
|  59|0x0000000083b00000, 0x0000000083b00000, 0x0000000083c00000|  0%| F|  |TAMS 0x0000000083b00000| PB 0x0000000083b00000| Untracked 
|  60|0x0000000083c00000, 0x0000000083c00000, 0x0000000083d00000|  0%| F|  |TAMS 0x0000000083c00000| PB 0x0000000083c00000| Untracked 
|  61|0x0000000083d00000, 0x0000000083d00000, 0x0000000083e00000|  0%| F|  |TAMS 0x0000000083d00000| PB 0x0000000083d00000| Untracked 
|  62|0x0000000083e00000, 0x0000000083e00000, 0x0000000083f00000|  0%| F|  |TAMS 0x0000000083e00000| PB 0x0000000083e00000| Untracked 
|  63|0x0000000083f00000, 0x0000000083f00000, 0x0000000084000000|  0%| F|  |TAMS 0x0000000083f00000| PB 0x0000000083f00000| Untracked 
|  64|0x0000000084000000, 0x0000000084000000, 0x0000000084100000|  0%| F|  |TAMS 0x0000000084000000| PB 0x0000000084000000| Untracked 
|  65|0x0000000084100000, 0x0000000084100000, 0x0000000084200000|  0%| F|  |TAMS 0x0000000084100000| PB 0x0000000084100000| Untracked 
|  66|0x0000000084200000, 0x0000000084300000, 0x0000000084300000|100%|HS|  |TAMS 0x0000000084200000| PB 0x0000000084200000| Complete 
|  67|0x0000000084300000, 0x0000000084400000, 0x0000000084400000|100%|HC|  |TAMS 0x0000000084300000| PB 0x0000000084300000| Complete 
|  68|0x0000000084400000, 0x0000000084500000, 0x0000000084500000|100%|HC|  |TAMS 0x0000000084400000| PB 0x0000000084400000| Complete 
|  69|0x0000000084500000, 0x0000000084600000, 0x0000000084600000|100%|HC|  |TAMS 0x0000000084500000| PB 0x0000000084500000| Complete 
|  70|0x0000000084600000, 0x0000000084600000, 0x0000000084700000|  0%| F|  |TAMS 0x0000000084600000| PB 0x0000000084600000| Untracked 
|  71|0x0000000084700000, 0x0000000084700000, 0x0000000084800000|  0%| F|  |TAMS 0x0000000084700000| PB 0x0000000084700000| Untracked 
|  72|0x0000000084800000, 0x0000000084800000, 0x0000000084900000|  0%| F|  |TAMS 0x0000000084800000| PB 0x0000000084800000| Untracked 
|  73|0x0000000084900000, 0x0000000084900000, 0x0000000084a00000|  0%| F|  |TAMS 0x0000000084900000| PB 0x0000000084900000| Untracked 
|  74|0x0000000084a00000, 0x0000000084a00000, 0x0000000084b00000|  0%| F|  |TAMS 0x0000000084a00000| PB 0x0000000084a00000| Untracked 
|  75|0x0000000084b00000, 0x0000000084c00000, 0x0000000084c00000|100%| E|  |TAMS 0x0000000084b00000| PB 0x0000000084b00000| Complete 
|  76|0x0000000084c00000, 0x0000000084d00000, 0x0000000084d00000|100%| E|CS|TAMS 0x0000000084c00000| PB 0x0000000084c00000| Complete 
|  77|0x0000000084d00000, 0x0000000084e00000, 0x0000000084e00000|100%| E|CS|TAMS 0x0000000084d00000| PB 0x0000000084d00000| Complete 
|  78|0x0000000084e00000, 0x0000000084f00000, 0x0000000084f00000|100%| E|CS|TAMS 0x0000000084e00000| PB 0x0000000084e00000| Complete 
|  79|0x0000000084f00000, 0x0000000085000000, 0x0000000085000000|100%| E|CS|TAMS 0x0000000084f00000| PB 0x0000000084f00000| Complete 
|  80|0x0000000085000000, 0x0000000085100000, 0x0000000085100000|100%| E|CS|TAMS 0x0000000085000000| PB 0x0000000085000000| Complete 
|  81|0x0000000085100000, 0x0000000085200000, 0x0000000085200000|100%| E|CS|TAMS 0x0000000085100000| PB 0x0000000085100000| Complete 
|  82|0x0000000085200000, 0x0000000085300000, 0x0000000085300000|100%| E|CS|TAMS 0x0000000085200000| PB 0x0000000085200000| Complete 
| 135|0x0000000088700000, 0x0000000088800000, 0x0000000088800000|100%| E|CS|TAMS 0x0000000088700000| PB 0x0000000088700000| Complete 
| 136|0x0000000088800000, 0x0000000088900000, 0x0000000088900000|100%| E|CS|TAMS 0x0000000088800000| PB 0x0000000088800000| Complete 
| 137|0x0000000088900000, 0x0000000088a00000, 0x0000000088a00000|100%| E|CS|TAMS 0x0000000088900000| PB 0x0000000088900000| Complete 
| 138|0x0000000088a00000, 0x0000000088b00000, 0x0000000088b00000|100%| E|CS|TAMS 0x0000000088a00000| PB 0x0000000088a00000| Complete 
| 139|0x0000000088b00000, 0x0000000088c00000, 0x0000000088c00000|100%| E|CS|TAMS 0x0000000088b00000| PB 0x0000000088b00000| Complete 
| 140|0x0000000088c00000, 0x0000000088d00000, 0x0000000088d00000|100%| E|CS|TAMS 0x0000000088c00000| PB 0x0000000088c00000| Complete 
| 141|0x0000000088d00000, 0x0000000088e00000, 0x0000000088e00000|100%| E|CS|TAMS 0x0000000088d00000| PB 0x0000000088d00000| Complete 
| 142|0x0000000088e00000, 0x0000000088f00000, 0x0000000088f00000|100%| E|CS|TAMS 0x0000000088e00000| PB 0x0000000088e00000| Complete 
| 143|0x0000000088f00000, 0x0000000089000000, 0x0000000089000000|100%| E|CS|TAMS 0x0000000088f00000| PB 0x0000000088f00000| Complete 
| 144|0x0000000089000000, 0x0000000089100000, 0x0000000089100000|100%| E|CS|TAMS 0x0000000089000000| PB 0x0000000089000000| Complete 
| 145|0x0000000089100000, 0x0000000089200000, 0x0000000089200000|100%| E|CS|TAMS 0x0000000089100000| PB 0x0000000089100000| Complete 
| 146|0x0000000089200000, 0x0000000089300000, 0x0000000089300000|100%| E|CS|TAMS 0x0000000089200000| PB 0x0000000089200000| Complete 
| 147|0x0000000089300000, 0x0000000089400000, 0x0000000089400000|100%| E|CS|TAMS 0x0000000089300000| PB 0x0000000089300000| Complete 
| 253|0x000000008fd00000, 0x000000008fe00000, 0x000000008fe00000|100%| E|CS|TAMS 0x000000008fd00000| PB 0x000000008fd00000| Complete 
|2046|0x00000000ffe00000, 0x00000000fff00000, 0x00000000fff00000|100%| O|  |TAMS 0x00000000ffe00000| PB 0x00000000ffe00000| Untracked 
|2047|0x00000000fff00000, 0x0000000100000000, 0x0000000100000000|100%| O|  |TAMS 0x00000000fff00000| PB 0x00000000fff00000| Untracked 

Card table byte_map: [0x0000022c626a0000,0x0000022c62aa0000] _byte_map_base: 0x0000022c622a0000

Marking Bits: (CMBitMap*) 0x0000022c4fdc9f60
 Bits: [0x0000022c62aa0000, 0x0000022c64aa0000)

Polling page: 0x0000022c4dbf0000

Metaspace:

Usage:
  Non-class:     56.15 MB used.
      Class:      9.50 MB used.
       Both:     65.65 MB used.

Virtual space:
  Non-class space:       64.00 MB reserved,      57.06 MB ( 89%) committed,  1 nodes.
      Class space:      416.00 MB reserved,      10.44 MB (  3%) committed,  1 nodes.
             Both:      480.00 MB reserved,      67.50 MB ( 14%) committed. 

Chunk freelists:
   Non-Class:  6.84 MB
       Class:  5.59 MB
        Both:  12.44 MB

MaxMetaspaceSize: 512.00 MB
CompressedClassSpaceSize: 416.00 MB
Initial GC threshold: 21.00 MB
Current GC threshold: 101.81 MB
CDS: on
 - commit_granule_bytes: 65536.
 - commit_granule_words: 8192.
 - virtual_space_node_default_size: 8388608.
 - enlarge_chunks_in_place: 1.
 - use_allocation_guard: 0.


Internal statistics:

num_allocs_failed_limit: 6.
num_arena_births: 3408.
num_arena_deaths: 0.
num_vsnodes_births: 2.
num_vsnodes_deaths: 0.
num_space_committed: 1080.
num_space_uncommitted: 0.
num_chunks_returned_to_freelist: 6.
num_chunks_taken_from_freelist: 6565.
num_chunk_merges: 6.
num_chunk_splits: 4232.
num_chunks_enlarged: 2558.
num_inconsistent_stats: 0.

CodeHeap 'non-profiled nmethods': size=120000Kb used=3812Kb max_used=3812Kb free=116187Kb
 bounds [0x0000022c5aa40000, 0x0000022c5ae00000, 0x0000022c61f70000]
CodeHeap 'profiled nmethods': size=120000Kb used=12517Kb max_used=12517Kb free=107482Kb
 bounds [0x0000022c52f70000, 0x0000022c53bb0000, 0x0000022c5a4a0000]
CodeHeap 'non-nmethods': size=5760Kb used=2654Kb max_used=2739Kb free=3105Kb
 bounds [0x0000022c5a4a0000, 0x0000022c5a770000, 0x0000022c5aa40000]
CodeCache: size=245760Kb, used=18983Kb, max_used=19068Kb, free=226774Kb
 total_blobs=7485, nmethods=6564, adapters=825, full_count=0
Compilation: enabled, stopped_count=0, restarted_count=0

Compilation events (20 events):
Event: 42.650 Thread 0x0000022c67578d40 nmethod 7632 0x0000022c53ba4e90 code [0x0000022c53ba5040, 0x0000022c53ba5218]
Event: 42.660 Thread 0x0000022c67578d40 7633       3       java.util.regex.Pattern$NotBehind::match (137 bytes)
Event: 42.660 Thread 0x0000022c67578d40 nmethod 7633 0x0000022c53ba5310 code [0x0000022c53ba5500, 0x0000022c53ba5ad0]
Event: 42.668 Thread 0x0000022c67575b40 7634       4       java.util.regex.Pattern::split (325 bytes)
Event: 42.670 Thread 0x0000022c67578d40 7636       1       sun.security.ssl.SSLCipher::isAvailable (5 bytes)
Event: 42.670 Thread 0x0000022c67578d40 nmethod 7636 0x0000022c5adf8f90 code [0x0000022c5adf9120, 0x0000022c5adf91f0]
Event: 42.670 Thread 0x0000022c67578d40 7637       3       java.util.regex.Pattern::split (8 bytes)
Event: 42.671 Thread 0x0000022c67578d40 nmethod 7637 0x0000022c53ba5c90 code [0x0000022c53ba5e40, 0x0000022c53ba5f88]
Event: 42.671 Thread 0x0000022c67578d40 7639       3       java.util.Arrays$ArrayList::indexOf (62 bytes)
Event: 42.671 Thread 0x0000022c67578d40 nmethod 7639 0x0000022c53ba6010 code [0x0000022c53ba6200, 0x0000022c53ba6658]
Event: 42.671 Thread 0x0000022c67578d40 7638       3       java.util.Arrays$ArrayList::contains (14 bytes)
Event: 42.671 Thread 0x0000022c67578d40 nmethod 7638 0x0000022c53ba6810 code [0x0000022c53ba69c0, 0x0000022c53ba6b68]
Event: 42.671 Thread 0x0000022c67578d40 7640       3       sun.security.ssl.CipherSuite::supports (11 bytes)
Event: 42.671 Thread 0x0000022c67578d40 nmethod 7640 0x0000022c53ba6c10 code [0x0000022c53ba6dc0, 0x0000022c53ba6f98]
Event: 42.676 Thread 0x0000022c67578d40 7641       3       java.util.RegularEnumSet::isEmpty (15 bytes)
Event: 42.676 Thread 0x0000022c67578d40 nmethod 7641 0x0000022c53ba7090 code [0x0000022c53ba7220, 0x0000022c53ba7388]
Event: 42.676 Thread 0x0000022c67578d40 7642       3       sun.security.util.DisabledAlgorithmConstraints::permits (70 bytes)
Event: 42.676 Thread 0x0000022c67578d40 nmethod 7642 0x0000022c53ba7410 code [0x0000022c53ba7640, 0x0000022c53ba7ca8]
Event: 42.676 Thread 0x0000022c67578d40 7643   !   3       sun.security.util.DisabledAlgorithmConstraints::cachedCheckAlgorithm (132 bytes)
Event: 42.677 Thread 0x0000022c67578d40 nmethod 7643 0x0000022c53ba7f10 code [0x0000022c53ba81c0, 0x0000022c53ba91d8]

GC Heap History (20 events):
Event: 23.734 GC heap before
{Heap before GC invocations=10 (full 0):
 garbage-first heap   total 81920K, used 45108K [0x0000000080000000, 0x0000000100000000)
  region size 1024K, 10 young (10240K), 2 survivors (2048K)
 Metaspace       used 41580K, committed 43072K, reserved 491520K
  class space    used 6078K, committed 6784K, reserved 425984K
}
Event: 23.736 GC heap after
{Heap after GC invocations=11 (full 0):
 garbage-first heap   total 81920K, used 38284K [0x0000000080000000, 0x0000000100000000)
  region size 1024K, 2 young (2048K), 2 survivors (2048K)
 Metaspace       used 41580K, committed 43072K, reserved 491520K
  class space    used 6078K, committed 6784K, reserved 425984K
}
Event: 23.738 GC heap before
{Heap before GC invocations=11 (full 0):
 garbage-first heap   total 81920K, used 39308K [0x0000000080000000, 0x0000000100000000)
  region size 1024K, 3 young (3072K), 2 survivors (2048K)
 Metaspace       used 41580K, committed 43072K, reserved 491520K
  class space    used 6078K, committed 6784K, reserved 425984K
}
Event: 23.740 GC heap after
{Heap after GC invocations=12 (full 0):
 garbage-first heap   total 81920K, used 38768K [0x0000000080000000, 0x0000000100000000)
  region size 1024K, 2 young (2048K), 2 survivors (2048K)
 Metaspace       used 41580K, committed 43072K, reserved 491520K
  class space    used 6078K, committed 6784K, reserved 425984K
}
Event: 27.004 GC heap before
{Heap before GC invocations=13 (full 0):
 garbage-first heap   total 81920K, used 74608K [0x0000000080000000, 0x0000000100000000)
  region size 1024K, 36 young (36864K), 2 survivors (2048K)
 Metaspace       used 45846K, committed 47488K, reserved 491520K
  class space    used 6681K, committed 7488K, reserved 425984K
}
Event: 27.006 GC heap after
{Heap after GC invocations=14 (full 0):
 garbage-first heap   total 81920K, used 39106K [0x0000000080000000, 0x0000000100000000)
  region size 1024K, 3 young (3072K), 3 survivors (3072K)
 Metaspace       used 45846K, committed 47488K, reserved 491520K
  class space    used 6681K, committed 7488K, reserved 425984K
}
Event: 29.469 GC heap before
{Heap before GC invocations=14 (full 0):
 garbage-first heap   total 81920K, used 74946K [0x0000000080000000, 0x0000000100000000)
  region size 1024K, 38 young (38912K), 3 survivors (3072K)
 Metaspace       used 49161K, committed 50880K, reserved 491520K
  class space    used 7224K, committed 8064K, reserved 425984K
}
Event: 29.473 GC heap after
{Heap after GC invocations=15 (full 0):
 garbage-first heap   total 81920K, used 41157K [0x0000000080000000, 0x0000000100000000)
  region size 1024K, 5 young (5120K), 5 survivors (5120K)
 Metaspace       used 49161K, committed 50880K, reserved 491520K
  class space    used 7224K, committed 8064K, reserved 425984K
}
Event: 32.232 GC heap before
{Heap before GC invocations=15 (full 0):
 garbage-first heap   total 81920K, used 67781K [0x0000000080000000, 0x0000000100000000)
  region size 1024K, 32 young (32768K), 5 survivors (5120K)
 Metaspace       used 51718K, committed 53504K, reserved 491520K
  class space    used 7668K, committed 8576K, reserved 425984K
}
Event: 32.236 GC heap after
{Heap after GC invocations=16 (full 0):
 garbage-first heap   total 81920K, used 42491K [0x0000000080000000, 0x0000000100000000)
  region size 1024K, 4 young (4096K), 4 survivors (4096K)
 Metaspace       used 51718K, committed 53504K, reserved 491520K
  class space    used 7668K, committed 8576K, reserved 425984K
}
Event: 34.686 GC heap before
{Heap before GC invocations=17 (full 0):
 garbage-first heap   total 86016K, used 84475K [0x0000000080000000, 0x0000000100000000)
  region size 1024K, 34 young (34816K), 4 survivors (4096K)
 Metaspace       used 55263K, committed 57088K, reserved 491520K
  class space    used 8144K, committed 9088K, reserved 425984K
}
Event: 34.691 GC heap after
{Heap after GC invocations=18 (full 0):
 garbage-first heap   total 93184K, used 57627K [0x0000000080000000, 0x0000000100000000)
  region size 1024K, 5 young (5120K), 5 survivors (5120K)
 Metaspace       used 55263K, committed 57088K, reserved 491520K
  class space    used 8144K, committed 9088K, reserved 425984K
}
Event: 37.190 GC heap before
{Heap before GC invocations=18 (full 0):
 garbage-first heap   total 93184K, used 85275K [0x0000000080000000, 0x0000000100000000)
  region size 1024K, 32 young (32768K), 5 survivors (5120K)
 Metaspace       used 57959K, committed 59776K, reserved 491520K
  class space    used 8525K, committed 9408K, reserved 425984K
}
Event: 37.193 GC heap after
{Heap after GC invocations=19 (full 0):
 garbage-first heap   total 93184K, used 57744K [0x0000000080000000, 0x0000000100000000)
  region size 1024K, 2 young (2048K), 2 survivors (2048K)
 Metaspace       used 57959K, committed 59776K, reserved 491520K
  class space    used 8525K, committed 9408K, reserved 425984K
}
Event: 38.497 GC heap before
{Heap before GC invocations=19 (full 0):
 garbage-first heap   total 93184K, used 85392K [0x0000000080000000, 0x0000000100000000)
  region size 1024K, 29 young (29696K), 2 survivors (2048K)
 Metaspace       used 60527K, committed 62400K, reserved 491520K
  class space    used 8856K, committed 9792K, reserved 425984K
}
Event: 38.500 GC heap after
{Heap after GC invocations=20 (full 0):
 garbage-first heap   total 93184K, used 59443K [0x0000000080000000, 0x0000000100000000)
  region size 1024K, 3 young (3072K), 3 survivors (3072K)
 Metaspace       used 60527K, committed 62400K, reserved 491520K
  class space    used 8856K, committed 9792K, reserved 425984K
}
Event: 39.970 GC heap before
{Heap before GC invocations=21 (full 0):
 garbage-first heap   total 101376K, used 86067K [0x0000000080000000, 0x0000000100000000)
  region size 1024K, 29 young (29696K), 3 survivors (3072K)
 Metaspace       used 62509K, committed 64384K, reserved 491520K
  class space    used 9103K, committed 10048K, reserved 425984K
}
Event: 39.973 GC heap after
{Heap after GC invocations=22 (full 0):
 garbage-first heap   total 101376K, used 60127K [0x0000000080000000, 0x0000000100000000)
  region size 1024K, 3 young (3072K), 3 survivors (3072K)
 Metaspace       used 62509K, committed 64384K, reserved 491520K
  class space    used 9103K, committed 10048K, reserved 425984K
}
Event: 41.182 GC heap before
{Heap before GC invocations=22 (full 0):
 garbage-first heap   total 101376K, used 92895K [0x0000000080000000, 0x0000000100000000)
  region size 1024K, 36 young (36864K), 3 survivors (3072K)
 Metaspace       used 64505K, committed 66432K, reserved 491520K
  class space    used 9372K, committed 10304K, reserved 425984K
}
Event: 41.185 GC heap after
{Heap after GC invocations=23 (full 0):
 garbage-first heap   total 101376K, used 62212K [0x0000000080000000, 0x0000000100000000)
  region size 1024K, 5 young (5120K), 5 survivors (5120K)
 Metaspace       used 64505K, committed 66432K, reserved 491520K
  class space    used 9372K, committed 10304K, reserved 425984K
}

Dll operation events (20 events):
Event: 0.166 Attempting to load shared library C:\Users\USER\.antigravity-ide\extensions\redhat.java-1.56.0-win32-x64\jre\21.0.12.1-win32-x86_64\bin\nio.dll
Event: 0.167 Loaded shared library C:\Users\USER\.antigravity-ide\extensions\redhat.java-1.56.0-win32-x64\jre\21.0.12.1-win32-x86_64\bin\nio.dll
Event: 0.171 Attempting to load shared library C:\Users\USER\.antigravity-ide\extensions\redhat.java-1.56.0-win32-x64\jre\21.0.12.1-win32-x86_64\bin\zip.dll
Event: 0.171 Loaded shared library C:\Users\USER\.antigravity-ide\extensions\redhat.java-1.56.0-win32-x64\jre\21.0.12.1-win32-x86_64\bin\zip.dll
Event: 0.378 Attempting to load shared library C:\Users\USER\.antigravity-ide\extensions\redhat.java-1.56.0-win32-x64\jre\21.0.12.1-win32-x86_64\bin\jimage.dll
Event: 0.378 Loaded shared library C:\Users\USER\.antigravity-ide\extensions\redhat.java-1.56.0-win32-x64\jre\21.0.12.1-win32-x86_64\bin\jimage.dll
Event: 0.447 Attempting to load shared library C:\Users\USER\.antigravity-ide\extensions\redhat.java-1.56.0-win32-x64\jre\21.0.12.1-win32-x86_64\bin\verify.dll
Event: 0.447 Loaded shared library C:\Users\USER\.antigravity-ide\extensions\redhat.java-1.56.0-win32-x64\jre\21.0.12.1-win32-x86_64\bin\verify.dll
Event: 0.708 Attempting to load shared library D:\gradle_cache\native\c067742578af261105cb4f569cf0c3c89f3d7b1fecec35dd04571415982c5e48\windows-amd64\native-platform.dll
Event: 0.721 Loaded shared library D:\gradle_cache\native\c067742578af261105cb4f569cf0c3c89f3d7b1fecec35dd04571415982c5e48\windows-amd64\native-platform.dll
Event: 0.727 Attempting to load shared library D:\gradle_cache\native\38dada09dfb8b06ba9b0570ebf7e218e3eb74d4ef43ca46872605cf95ebc2f47\windows-amd64\native-platform-file-events.dll
Event: 0.728 Loaded shared library D:\gradle_cache\native\38dada09dfb8b06ba9b0570ebf7e218e3eb74d4ef43ca46872605cf95ebc2f47\windows-amd64\native-platform-file-events.dll
Event: 1.997 Attempting to load shared library C:\Users\USER\.antigravity-ide\extensions\redhat.java-1.56.0-win32-x64\jre\21.0.12.1-win32-x86_64\bin\management.dll
Event: 1.997 Loaded shared library C:\Users\USER\.antigravity-ide\extensions\redhat.java-1.56.0-win32-x64\jre\21.0.12.1-win32-x86_64\bin\management.dll
Event: 2.019 Attempting to load shared library C:\Users\USER\.antigravity-ide\extensions\redhat.java-1.56.0-win32-x64\jre\21.0.12.1-win32-x86_64\bin\management_ext.dll
Event: 2.020 Loaded shared library C:\Users\USER\.antigravity-ide\extensions\redhat.java-1.56.0-win32-x64\jre\21.0.12.1-win32-x86_64\bin\management_ext.dll
Event: 2.352 Attempting to load shared library C:\Users\USER\.antigravity-ide\extensions\redhat.java-1.56.0-win32-x64\jre\21.0.12.1-win32-x86_64\bin\extnet.dll
Event: 2.352 Loaded shared library C:\Users\USER\.antigravity-ide\extensions\redhat.java-1.56.0-win32-x64\jre\21.0.12.1-win32-x86_64\bin\extnet.dll
Event: 2.966 Attempting to load shared library C:\Users\USER\.antigravity-ide\extensions\redhat.java-1.56.0-win32-x64\jre\21.0.12.1-win32-x86_64\bin\sunmscapi.dll
Event: 2.969 Loaded shared library C:\Users\USER\.antigravity-ide\extensions\redhat.java-1.56.0-win32-x64\jre\21.0.12.1-win32-x86_64\bin\sunmscapi.dll

Deoptimization events (20 events):
Event: 42.108 Thread 0x0000022c6cb68e20 DEOPT PACKING pc=0x0000022c5acb0d94 sp=0x000000487e6f8720
Event: 42.108 Thread 0x0000022c6cb68e20 DEOPT UNPACKING pc=0x0000022c5a4f4422 sp=0x000000487e6f86c0 mode 2
Event: 42.250 Thread 0x0000022c6cb68e20 Uncommon trap: trap_request=0xffffff45 fr.pc=0x0000022c5ad62ab4 relative=0x0000000000000214
Event: 42.250 Thread 0x0000022c6cb68e20 Uncommon trap: reason=unstable_if action=reinterpret pc=0x0000022c5ad62ab4 method=sun.invoke.util.VerifyAccess.isTypeVisible(Ljava/lang/Class;Ljava/lang/Class;)Z @ 77 c2
Event: 42.250 Thread 0x0000022c6cb68e20 DEOPT PACKING pc=0x0000022c5ad62ab4 sp=0x000000487e6f6de0
Event: 42.250 Thread 0x0000022c6cb68e20 DEOPT UNPACKING pc=0x0000022c5a4f4422 sp=0x000000487e6f6ca8 mode 2
Event: 42.363 Thread 0x0000022c6cb68e20 Uncommon trap: trap_request=0xffffff45 fr.pc=0x0000022c5ab96b08 relative=0x0000000000000068
Event: 42.363 Thread 0x0000022c6cb68e20 Uncommon trap: reason=unstable_if action=reinterpret pc=0x0000022c5ab96b08 method=java.util.regex.Pattern.has(I)Z @ 6 c2
Event: 42.363 Thread 0x0000022c6cb68e20 DEOPT PACKING pc=0x0000022c5ab96b08 sp=0x000000487e6f4100
Event: 42.363 Thread 0x0000022c6cb68e20 DEOPT UNPACKING pc=0x0000022c5a4f4422 sp=0x000000487e6f4090 mode 2
Event: 42.371 Thread 0x0000022c6cb68e20 Uncommon trap: trap_request=0xffffff45 fr.pc=0x0000022c5ab434c0 relative=0x00000000000001a0
Event: 42.371 Thread 0x0000022c6cb68e20 Uncommon trap: reason=unstable_if action=reinterpret pc=0x0000022c5ab434c0 method=java.lang.CharacterDataLatin1.equalsIgnoreCase(BB)Z @ 54 c2
Event: 42.371 Thread 0x0000022c6cb68e20 DEOPT PACKING pc=0x0000022c5ab434c0 sp=0x000000487e6f4430
Event: 42.371 Thread 0x0000022c6cb68e20 DEOPT UNPACKING pc=0x0000022c5a4f4422 sp=0x000000487e6f4328 mode 2
Event: 42.371 Thread 0x0000022c6cb68e20 Uncommon trap: trap_request=0xffffff45 fr.pc=0x0000022c5ab1aaa4 relative=0x0000000000000084
Event: 42.371 Thread 0x0000022c6cb68e20 Uncommon trap: reason=unstable_if action=reinterpret pc=0x0000022c5ab1aaa4 method=java.lang.CharacterDataLatin1.equalsIgnoreCase(BB)Z @ 54 c2
Event: 42.371 Thread 0x0000022c6cb68e20 DEOPT PACKING pc=0x0000022c5ab1aaa4 sp=0x000000487e6f4310
Event: 42.371 Thread 0x0000022c6cb68e20 DEOPT UNPACKING pc=0x0000022c5a4f4422 sp=0x000000487e6f42a0 mode 2
Event: 42.381 Thread 0x0000022c6cb68e20 DEOPT PACKING pc=0x0000022c53073684 sp=0x000000487e6f46b0
Event: 42.381 Thread 0x0000022c6cb68e20 DEOPT UNPACKING pc=0x0000022c5a4f4bc2 sp=0x000000487e6f3b78 mode 0

Classes loaded (20 events):
Event: 42.676 Loading class sun/security/ssl/EphemeralKeyManager done
Event: 42.676 Loading class sun/security/ssl/EphemeralKeyManager$EphemeralKeyPair
Event: 42.676 Loading class sun/security/ssl/EphemeralKeyManager$EphemeralKeyPair done
Event: 42.676 Loading class sun/security/ssl/SSLSessionContextImpl
Event: 42.677 Loading class javax/net/ssl/SSLSessionContext
Event: 42.677 Loading class javax/net/ssl/SSLSessionContext done
Event: 42.677 Loading class sun/security/ssl/SSLSessionContextImpl done
Event: 42.677 Loading class sun/security/util/Cache
Event: 42.678 Loading class sun/security/util/Cache done
Event: 42.678 Loading class sun/security/util/MemoryCache
Event: 42.678 Loading class sun/security/util/MemoryCache done
Event: 42.679 Loading class java/security/KeyStore
Event: 42.681 Loading class java/security/KeyStore done
Event: 42.682 Loading class java/security/KeyStoreSpi
Event: 42.682 Loading class java/security/KeyStoreSpi done
Event: 42.682 Loading class sun/security/pkcs12/PKCS12KeyStore$DualFormatPKCS12
Event: 42.682 Loading class sun/security/util/KeyStoreDelegator
Event: 42.682 Loading class sun/security/util/KeyStoreDelegator done
Event: 42.682 Loading class sun/security/pkcs12/PKCS12KeyStore$DualFormatPKCS12 done
Event: 42.683 Loading class sun/security/pkcs12/PKCS12KeyStore

Classes unloaded (0 events):
No events

Classes redefined (0 events):
No events

Internal exceptions (20 events):
Event: 37.342 Thread 0x0000022c6cb68e20 Implicit null exception at 0x0000022c5aa9e9a0 to 0x0000022c5aa9ef58
Event: 38.957 Thread 0x0000022c6cb68e20 Exception <a 'java/lang/NoSuchMethodError'{0x0000000088810378}: 'int java.lang.invoke.DirectMethodHandle$Holder.invokeSpecialIFC(java.lang.Object, java.lang.Object, java.lang.Object, java.lang.Object, java.lang.Object)'> (0x0000000088810378) 
thrown [s\src\hotspot\share\interpreter\linkResolver.cpp, line 773]
Event: 40.053 Thread 0x0000022c6cb68e20 Exception <a 'java/lang/ClassNotFoundException'{0x00000000893cc7e0}: sun/misc/SharedSecrets> (0x00000000893cc7e0) 
thrown [s\src\hotspot\share\classfile\systemDictionary.cpp, line 313]
Event: 40.053 Thread 0x0000022c6cb68e20 Exception <a 'java/lang/ClassNotFoundException'{0x00000000893d2cd8}: org/jetbrains/kotlin/gradle/targets/js/npm/DefaultNpmDependencyExtensionBeanInfo> (0x00000000893d2cd8) 
thrown [s\src\hotspot\share\classfile\systemDictionary.cpp, line 313]
Event: 40.054 Thread 0x0000022c6cb68e20 Exception <a 'java/lang/ClassNotFoundException'{0x00000000893e1ae8}: org/jetbrains/kotlin/gradle/targets/js/npm/DefaultNpmDependencyExtensionCustomizer> (0x00000000893e1ae8) 
thrown [s\src\hotspot\share\classfile\systemDictionary.cpp, line 313]
Event: 40.062 Thread 0x0000022c6cb68e20 Exception <a 'java/lang/ClassNotFoundException'{0x0000000089287920}: org/jetbrains/kotlin/gradle/targets/js/npm/NpmDependencyExtensionKt$defaultNpmDependencyDelegate$1BeanInfo> (0x0000000089287920) 
thrown [s\src\hotspot\share\classfile\systemDictionary.cpp, line 313]
Event: 40.062 Thread 0x0000022c6cb68e20 Exception <a 'java/lang/ClassNotFoundException'{0x0000000089296770}: org/jetbrains/kotlin/gradle/targets/js/npm/NpmDependencyExtensionDelegateBeanInfo> (0x0000000089296770) 
thrown [s\src\hotspot\share\classfile\systemDictionary.cpp, line 313]
Event: 40.063 Thread 0x0000022c6cb68e20 Exception <a 'java/lang/ClassNotFoundException'{0x00000000892a5590}: org/jetbrains/kotlin/gradle/targets/js/npm/NpmDependencyExtensionDelegateCustomizer> (0x00000000892a5590) 
thrown [s\src\hotspot\share\classfile\systemDictionary.cpp, line 313]
Event: 40.073 Thread 0x0000022c6cb68e20 Exception <a 'java/lang/ClassNotFoundException'{0x00000000892e0820}: org/jetbrains/kotlin/gradle/targets/js/npm/NpmDependencyExtensionKt$defaultNpmDependencyDelegate$1Customizer> (0x00000000892e0820) 
thrown [s\src\hotspot\share\classfile\systemDictionary.cpp, line 313]
Event: 40.140 Thread 0x0000022c6cb68e20 Exception <a 'java/lang/ClassNotFoundException'{0x000000008912baf0}: org/jetbrains/kotlin/gradle/targets/js/npm/DefaultDevNpmDependencyExtensionBeanInfo> (0x000000008912baf0) 
thrown [s\src\hotspot\share\classfile\systemDictionary.cpp, line 313]
Event: 40.141 Thread 0x0000022c6cb68e20 Exception <a 'java/lang/ClassNotFoundException'{0x000000008913a918}: org/jetbrains/kotlin/gradle/targets/js/npm/DefaultDevNpmDependencyExtensionCustomizer> (0x000000008913a918) 
thrown [s\src\hotspot\share\classfile\systemDictionary.cpp, line 313]
Event: 40.147 Thread 0x0000022c6cb68e20 Exception <a 'java/lang/ClassNotFoundException'{0x0000000089193618}: org/jetbrains/kotlin/gradle/targets/js/npm/DefaultPeerNpmDependencyExtensionBeanInfo> (0x0000000089193618) 
thrown [s\src\hotspot\share\classfile\systemDictionary.cpp, line 313]
Event: 40.148 Thread 0x0000022c6cb68e20 Exception <a 'java/lang/ClassNotFoundException'{0x00000000891a2448}: org/jetbrains/kotlin/gradle/targets/js/npm/DefaultPeerNpmDependencyExtensionCustomizer> (0x00000000891a2448) 
thrown [s\src\hotspot\share\classfile\systemDictionary.cpp, line 313]
Event: 40.152 Thread 0x0000022c6cb68e20 Exception <a 'java/lang/ClassNotFoundException'{0x0000000089005390}: org/jetbrains/kotlin/gradle/targets/js/npm/DefaultPeerNpmDependencyExtension$delegate$1BeanInfo> (0x0000000089005390) 
thrown [s\src\hotspot\share\classfile\systemDictionary.cpp, line 313]
Event: 40.152 Thread 0x0000022c6cb68e20 Exception <a 'java/lang/ClassNotFoundException'{0x00000000890142b0}: org/jetbrains/kotlin/gradle/targets/js/npm/DefaultPeerNpmDependencyExtension$delegate$1Customizer> (0x00000000890142b0) 
thrown [s\src\hotspot\share\classfile\systemDictionary.cpp, line 313]
Event: 40.197 Thread 0x0000022c6cb68e20 Exception <a 'java/lang/NoSuchMethodError'{0x0000000088f5c9e8}: static Lorg/jetbrains/kotlin/gradle/plugin/internal/DefaultIdeaSyncDetector$createIdeaPropertiesEvaluator$1;.<clinit>()V> (0x0000000088f5c9e8) 
thrown [s\src\hotspot\share\prims\jni.cpp, line 1111]
Event: 41.700 Thread 0x0000022c6cb68e20 Implicit null exception at 0x0000022c5acf2260 to 0x0000022c5acf2758
Event: 41.700 Thread 0x0000022c6cb68e20 Implicit null exception at 0x0000022c5acf1560 to 0x0000022c5acf1a4c
Event: 41.750 Thread 0x0000022c6cb68e20 Exception <a 'java/lang/NoSuchMethodError'{0x000000008898aba8}: 'void java.lang.invoke.DirectMethodHandle$Holder.invokeInterface(java.lang.Object, java.lang.Object, java.lang.Object, java.lang.Object)'> (0x000000008898aba8) 
thrown [s\src\hotspot\share\interpreter\linkResolver.cpp, line 773]
Event: 42.363 Thread 0x0000022c6cb68e20 Exception <a 'sun/nio/fs/WindowsException'{0x0000000084ca57d8}> (0x0000000084ca57d8) 
thrown [s\src\hotspot\share\prims\jni.cpp, line 520]

ZGC Phase Switch (0 events):
No events

VM Operations (20 events):
Event: 39.948 Executing safepoint VM operation: Cleanup
Event: 39.948 Executing safepoint VM operation: Cleanup done
Event: 39.970 Executing safepoint VM operation: G1CollectForAllocation (G1 Evacuation Pause)
Event: 39.973 Executing safepoint VM operation: G1CollectForAllocation (G1 Evacuation Pause) done
Event: 40.927 Executing safepoint VM operation: ICBufferFull
Event: 40.927 Executing safepoint VM operation: ICBufferFull done
Event: 41.181 Executing safepoint VM operation: G1CollectForAllocation (G1 Evacuation Pause)
Event: 41.185 Executing safepoint VM operation: G1CollectForAllocation (G1 Evacuation Pause) done
Event: 41.678 Executing non-safepoint VM operation: HandshakeAllThreads (Deoptimize)
Event: 41.678 Executing non-safepoint VM operation: HandshakeAllThreads (Deoptimize) done
Event: 42.165 Executing non-safepoint VM operation: HandshakeAllThreads (Deoptimize)
Event: 42.165 Executing non-safepoint VM operation: HandshakeAllThreads (Deoptimize) done
Event: 42.365 Executing non-safepoint VM operation: HandshakeAllThreads (Deoptimize)
Event: 42.365 Executing non-safepoint VM operation: HandshakeAllThreads (Deoptimize) done
Event: 42.365 Executing safepoint VM operation: Cleanup
Event: 42.365 Executing safepoint VM operation: Cleanup done
Event: 42.379 Executing non-safepoint VM operation: HandshakeAllThreads (Deoptimize)
Event: 42.379 Executing non-safepoint VM operation: HandshakeAllThreads (Deoptimize) done
Event: 42.382 Executing non-safepoint VM operation: HandshakeAllThreads (Deoptimize)
Event: 42.382 Executing non-safepoint VM operation: HandshakeAllThreads (Deoptimize) done

Memory protections (0 events):
No events

Nmethod flushes (20 events):
Event: 38.543 Thread 0x0000022c6754c850 flushing  nmethod 0x0000022c5334a010
Event: 38.543 Thread 0x0000022c6754c850 flushing  nmethod 0x0000022c5334e190
Event: 38.543 Thread 0x0000022c6754c850 flushing  nmethod 0x0000022c53386390
Event: 38.543 Thread 0x0000022c6754c850 flushing  nmethod 0x0000022c53386710
Event: 38.543 Thread 0x0000022c6754c850 flushing  nmethod 0x0000022c53387f90
Event: 38.543 Thread 0x0000022c6754c850 flushing  nmethod 0x0000022c5338a010
Event: 38.543 Thread 0x0000022c6754c850 flushing  nmethod 0x0000022c5338a990
Event: 38.543 Thread 0x0000022c6754c850 flushing  nmethod 0x0000022c533e4690
Event: 38.543 Thread 0x0000022c6754c850 flushing  nmethod 0x0000022c533e4e10
Event: 38.543 Thread 0x0000022c6754c850 flushing  nmethod 0x0000022c533e8110
Event: 38.543 Thread 0x0000022c6754c850 flushing  nmethod 0x0000022c533e8510
Event: 38.543 Thread 0x0000022c6754c850 flushing  nmethod 0x0000022c533e9d90
Event: 38.543 Thread 0x0000022c6754c850 flushing  nmethod 0x0000022c534a1310
Event: 38.543 Thread 0x0000022c6754c850 flushing  nmethod 0x0000022c535e7d10
Event: 38.543 Thread 0x0000022c6754c850 flushing  nmethod 0x0000022c535e9a90
Event: 38.543 Thread 0x0000022c6754c850 flushing  nmethod 0x0000022c535ebd90
Event: 38.543 Thread 0x0000022c6754c850 flushing  nmethod 0x0000022c5363f690
Event: 38.543 Thread 0x0000022c6754c850 flushing  nmethod 0x0000022c53647d90
Event: 38.543 Thread 0x0000022c6754c850 flushing  nmethod 0x0000022c537d7590
Event: 38.543 Thread 0x0000022c6754c850 flushing  nmethod 0x0000022c537f6890

Events (20 events):
Event: 28.405 Thread 0x0000022c6cb68e20 Thread added: 0x0000022c6cc8fa70
Event: 28.405 Thread 0x0000022c6cb68e20 Thread added: 0x0000022c6cc90e20
Event: 28.406 Thread 0x0000022c6cb68e20 Thread added: 0x0000022c6cc92860
Event: 28.406 Thread 0x0000022c6cb68e20 Thread added: 0x0000022c6cc914b0
Event: 28.406 Thread 0x0000022c6cb68e20 Thread added: 0x0000022c6cc90790
Event: 28.406 Thread 0x0000022c6cb68e20 Thread added: 0x0000022c6cc90100
Event: 28.406 Thread 0x0000022c6cb68e20 Thread added: 0x0000022c6cc92ef0
Event: 28.813 Thread 0x0000022c6cb68e20 Thread added: 0x0000022c6cc91b40
Event: 28.816 Thread 0x0000022c6cb68e20 Thread added: 0x0000022c6cc921d0
Event: 28.822 Thread 0x0000022c6cb68e20 Thread added: 0x0000022c70620b10
Event: 28.824 Thread 0x0000022c6cb68e20 Thread added: 0x0000022c706211a0
Event: 28.825 Thread 0x0000022c6cb68e20 Thread added: 0x0000022c7061f760
Event: 28.828 Thread 0x0000022c6cb68e20 Thread added: 0x0000022c70621ec0
Event: 28.829 Thread 0x0000022c6cb68e20 Thread added: 0x0000022c70621830
Event: 30.258 Thread 0x0000022c6cb68e20 Thread added: 0x0000022c7061ea40
Event: 32.945 Thread 0x0000022c67578d40 Thread added: 0x0000022c6f4be3d0
Event: 33.162 Thread 0x0000022c6f4be3d0 Thread exited: 0x0000022c6f4be3d0
Event: 34.278 Thread 0x0000022c6cb68e20 Thread added: 0x0000022c70622550
Event: 34.694 Thread 0x0000022c67578d40 Thread added: 0x0000022c6c6c8670
Event: 34.948 Thread 0x0000022c6c6c8670 Thread exited: 0x0000022c6c6c8670


Dynamic libraries:
0x00007ff734990000 - 0x00007ff73499e000 	C:\Users\USER\.antigravity-ide\extensions\redhat.java-1.56.0-win32-x64\jre\21.0.12.1-win32-x86_64\bin\java.exe
0x00007fffe6d60000 - 0x00007fffe6fc7000 	C:\WINDOWS\SYSTEM32\ntdll.dll
0x00007fffe5f10000 - 0x00007fffe5fd9000 	C:\WINDOWS\System32\KERNEL32.DLL
0x00007fffe4380000 - 0x00007fffe4777000 	C:\WINDOWS\System32\KERNELBASE.dll
0x00007fffe4230000 - 0x00007fffe437b000 	C:\WINDOWS\System32\ucrtbase.dll
0x00007fffce020000 - 0x00007fffce03e000 	C:\Users\USER\.antigravity-ide\extensions\redhat.java-1.56.0-win32-x64\jre\21.0.12.1-win32-x86_64\bin\VCRUNTIME140.dll
0x00007fffba3e0000 - 0x00007fffba3f8000 	C:\Users\USER\.antigravity-ide\extensions\redhat.java-1.56.0-win32-x64\jre\21.0.12.1-win32-x86_64\bin\jli.dll
0x00007fffe4ae0000 - 0x00007fffe4ca6000 	C:\WINDOWS\System32\USER32.dll
0x00007fffe4090000 - 0x00007fffe40b7000 	C:\WINDOWS\System32\win32u.dll
0x00007fffe6760000 - 0x00007fffe678b000 	C:\WINDOWS\System32\GDI32.dll
0x00007fffe4780000 - 0x00007fffe48ac000 	C:\WINDOWS\System32\gdi32full.dll
0x00007fffe40c0000 - 0x00007fffe4163000 	C:\WINDOWS\System32\msvcp_win.dll
0x00007fffcea00000 - 0x00007fffcec92000 	C:\WINDOWS\WinSxS\amd64_microsoft.windows.common-controls_6595b64144ccf1df_6.0.26100.8457_none_3e0b2faee331e92d\COMCTL32.dll
0x00007fffe5040000 - 0x00007fffe50e9000 	C:\WINDOWS\System32\msvcrt.dll
0x00007fffe50f0000 - 0x00007fffe5122000 	C:\WINDOWS\System32\IMM32.DLL
0x00007fffd5960000 - 0x00007fffd596c000 	C:\Users\USER\.antigravity-ide\extensions\redhat.java-1.56.0-win32-x64\jre\21.0.12.1-win32-x86_64\bin\vcruntime140_1.dll
0x00007fff822e0000 - 0x00007fff8236d000 	C:\Users\USER\.antigravity-ide\extensions\redhat.java-1.56.0-win32-x64\jre\21.0.12.1-win32-x86_64\bin\msvcp140.dll
0x00007fff3ea70000 - 0x00007fff3f812000 	C:\Users\USER\.antigravity-ide\extensions\redhat.java-1.56.0-win32-x64\jre\21.0.12.1-win32-x86_64\bin\server\jvm.dll
0x00007fffe4f00000 - 0x00007fffe4fb6000 	C:\WINDOWS\System32\ADVAPI32.dll
0x00007fffe6b10000 - 0x00007fffe6bb7000 	C:\WINDOWS\System32\sechost.dll
0x00007fffe4de0000 - 0x00007fffe4ef8000 	C:\WINDOWS\System32\RPCRT4.dll
0x00007fffe6a70000 - 0x00007fffe6af0000 	C:\WINDOWS\System32\WS2_32.dll
0x00007fffe35f0000 - 0x00007fffe364e000 	C:\WINDOWS\SYSTEM32\POWRPROF.dll
0x00007fffceca0000 - 0x00007fffcecd6000 	C:\WINDOWS\SYSTEM32\WINMM.dll
0x00007fffd8260000 - 0x00007fffd826b000 	C:\WINDOWS\SYSTEM32\VERSION.dll
0x00007fffe35d0000 - 0x00007fffe35e4000 	C:\WINDOWS\SYSTEM32\UMPDC.dll
0x00007fffe24e0000 - 0x00007fffe24fb000 	C:\WINDOWS\SYSTEM32\kernel.appcore.dll
0x00007fffd5aa0000 - 0x00007fffd5aaa000 	C:\Users\USER\.antigravity-ide\extensions\redhat.java-1.56.0-win32-x64\jre\21.0.12.1-win32-x86_64\bin\jimage.dll
0x00007fffced00000 - 0x00007fffcef42000 	C:\WINDOWS\SYSTEM32\DBGHELP.DLL
0x00007fffe52d0000 - 0x00007fffe5653000 	C:\WINDOWS\System32\combase.dll
0x00007fffe5e30000 - 0x00007fffe5f09000 	C:\WINDOWS\System32\OLEAUT32.dll
0x00007fffd3060000 - 0x00007fffd309b000 	C:\WINDOWS\SYSTEM32\dbgcore.DLL
0x00007fffe4a30000 - 0x00007fffe4ad8000 	C:\WINDOWS\System32\bcryptPrimitives.dll
0x00007fffd4f30000 - 0x00007fffd4f3f000 	C:\Users\USER\.antigravity-ide\extensions\redhat.java-1.56.0-win32-x64\jre\21.0.12.1-win32-x86_64\bin\instrument.dll
0x00007fffb9a60000 - 0x00007fffb9a80000 	C:\Users\USER\.antigravity-ide\extensions\redhat.java-1.56.0-win32-x64\jre\21.0.12.1-win32-x86_64\bin\java.dll
0x00007fffe5fe0000 - 0x00007fffe674e000 	C:\WINDOWS\System32\SHELL32.dll
0x00007fffe3820000 - 0x00007fffe408c000 	C:\WINDOWS\System32\windows.storage.dll
0x00007fffe6c20000 - 0x00007fffe6d16000 	C:\WINDOWS\System32\SHCORE.dll
0x00007fffe4d40000 - 0x00007fffe4da6000 	C:\WINDOWS\System32\shlwapi.dll
0x00007fffe36b0000 - 0x00007fffe36d9000 	C:\WINDOWS\SYSTEM32\profapi.dll
0x00007fffb8c70000 - 0x00007fffb8c88000 	C:\Users\USER\.antigravity-ide\extensions\redhat.java-1.56.0-win32-x64\jre\21.0.12.1-win32-x86_64\bin\zip.dll
0x00007fffd1fe0000 - 0x00007fffd1ff0000 	C:\Users\USER\.antigravity-ide\extensions\redhat.java-1.56.0-win32-x64\jre\21.0.12.1-win32-x86_64\bin\net.dll
0x00007fffddc80000 - 0x00007fffddda9000 	C:\WINDOWS\SYSTEM32\WINHTTP.dll
0x00007fffe2a30000 - 0x00007fffe2a9c000 	C:\WINDOWS\system32\mswsock.dll
0x00007fffae0b0000 - 0x00007fffae0c6000 	C:\Users\USER\.antigravity-ide\extensions\redhat.java-1.56.0-win32-x64\jre\21.0.12.1-win32-x86_64\bin\nio.dll
0x00007fffd2060000 - 0x00007fffd2070000 	C:\Users\USER\.antigravity-ide\extensions\redhat.java-1.56.0-win32-x64\jre\21.0.12.1-win32-x86_64\bin\verify.dll
0x00007fffb23b0000 - 0x00007fffb23d7000 	D:\gradle_cache\native\c067742578af261105cb4f569cf0c3c89f3d7b1fecec35dd04571415982c5e48\windows-amd64\native-platform.dll
0x00007fff59970000 - 0x00007fff59ab4000 	D:\gradle_cache\native\38dada09dfb8b06ba9b0570ebf7e218e3eb74d4ef43ca46872605cf95ebc2f47\windows-amd64\native-platform-file-events.dll
0x00007fffdf150000 - 0x00007fffdf15a000 	C:\Users\USER\.antigravity-ide\extensions\redhat.java-1.56.0-win32-x64\jre\21.0.12.1-win32-x86_64\bin\management.dll
0x00007fffd54b0000 - 0x00007fffd54bc000 	C:\Users\USER\.antigravity-ide\extensions\redhat.java-1.56.0-win32-x64\jre\21.0.12.1-win32-x86_64\bin\management_ext.dll
0x00007fffe6b00000 - 0x00007fffe6b08000 	C:\WINDOWS\System32\PSAPI.DLL
0x00007fffe2e30000 - 0x00007fffe2e4b000 	C:\WINDOWS\SYSTEM32\CRYPTSP.dll
0x00007fffe2440000 - 0x00007fffe2479000 	C:\WINDOWS\system32\rsaenh.dll
0x00007fffe2ae0000 - 0x00007fffe2b13000 	C:\WINDOWS\SYSTEM32\USERENV.dll
0x00007fffe3680000 - 0x00007fffe36aa000 	C:\WINDOWS\SYSTEM32\bcrypt.dll
0x00007fffe2c90000 - 0x00007fffe2c9c000 	C:\WINDOWS\SYSTEM32\CRYPTBASE.dll
0x00007fffe1ed0000 - 0x00007fffe1f02000 	C:\WINDOWS\SYSTEM32\IPHLPAPI.DLL
0x00007fffe6bc0000 - 0x00007fffe6bca000 	C:\WINDOWS\System32\NSI.dll
0x00007fffd54a0000 - 0x00007fffd54a9000 	C:\Users\USER\.antigravity-ide\extensions\redhat.java-1.56.0-win32-x64\jre\21.0.12.1-win32-x86_64\bin\extnet.dll
0x00007fffd2080000 - 0x00007fffd208e000 	C:\Users\USER\.antigravity-ide\extensions\redhat.java-1.56.0-win32-x64\jre\21.0.12.1-win32-x86_64\bin\sunmscapi.dll
0x00007fffe48b0000 - 0x00007fffe4a28000 	C:\WINDOWS\System32\CRYPT32.dll
0x00007fffe2f90000 - 0x00007fffe2fc0000 	C:\WINDOWS\SYSTEM32\ncrypt.dll
0x00007fffe2f40000 - 0x00007fffe2f7f000 	C:\WINDOWS\SYSTEM32\NTASN1.dll
0x00007fffd5f40000 - 0x00007fffd5f48000 	C:\WINDOWS\system32\wshunix.dll
0x00007fff8ed10000 - 0x00007fff8ed28000 	C:\WINDOWS\system32\napinsp.dll
0x00007fffe1f10000 - 0x00007fffe2042000 	C:\WINDOWS\SYSTEM32\DNSAPI.dll
0x00007fffbdee0000 - 0x00007fffbdef3000 	C:\WINDOWS\System32\winrnr.dll
0x00007fff80940000 - 0x00007fff80962000 	C:\WINDOWS\system32\nlansp_c.dll
0x00007fffb9fd0000 - 0x00007fffb9fe6000 	C:\WINDOWS\system32\wshbth.dll
0x00007fffd2af0000 - 0x00007fffd2afb000 	C:\Windows\System32\rasadhlp.dll
0x00007fffdbbb0000 - 0x00007fffdbc36000 	C:\WINDOWS\System32\fwpuclnt.dll

JVMTI agents:
D:\gradle_cache\wrapper\dists\gradle-8.7-bin\bhs2wmbdwecv87pi65oeuq5iu\gradle-8.7\lib\agents\gradle-instrumentation-agent-8.7.jar path:C:\Users\USER\.antigravity-ide\extensions\redhat.java-1.56.0-win32-x64\jre\21.0.12.1-win32-x86_64\bin\instrument.dll, loaded, initialized, instrumentlib options:none

dbghelp: loaded successfully - version: 4.0.5 - missing functions: none
symbol engine: initialized successfully - sym options: 0x614 - pdb path: .;C:\Users\USER\.antigravity-ide\extensions\redhat.java-1.56.0-win32-x64\jre\21.0.12.1-win32-x86_64\bin;C:\WINDOWS\SYSTEM32;C:\WINDOWS\WinSxS\amd64_microsoft.windows.common-controls_6595b64144ccf1df_6.0.26100.8457_none_3e0b2faee331e92d;C:\Users\USER\.antigravity-ide\extensions\redhat.java-1.56.0-win32-x64\jre\21.0.12.1-win32-x86_64\bin\server;D:\gradle_cache\native\c067742578af261105cb4f569cf0c3c89f3d7b1fecec35dd04571415982c5e48\windows-amd64;D:\gradle_cache\native\38dada09dfb8b06ba9b0570ebf7e218e3eb74d4ef43ca46872605cf95ebc2f47\windows-amd64

VM Arguments:
jvm_args: -XX:MaxMetaspaceSize=512m --add-opens=java.base/java.util=ALL-UNNAMED --add-opens=java.base/java.lang=ALL-UNNAMED --add-opens=java.base/java.lang.invoke=ALL-UNNAMED --add-opens=java.prefs/java.util.prefs=ALL-UNNAMED --add-opens=java.base/java.nio.charset=ALL-UNNAMED --add-opens=java.base/java.net=ALL-UNNAMED --add-opens=java.base/java.util.concurrent.atomic=ALL-UNNAMED -Xmx2048m -Dfile.encoding=utf8 -Duser.country=US -Duser.language=en -Duser.variant -javaagent:D:\gradle_cache\wrapper\dists\gradle-8.7-bin\bhs2wmbdwecv87pi65oeuq5iu\gradle-8.7\lib\agents\gradle-instrumentation-agent-8.7.jar 
java_command: org.gradle.launcher.daemon.bootstrap.GradleDaemon 8.7
java_class_path (initial): D:\gradle_cache\wrapper\dists\gradle-8.7-bin\bhs2wmbdwecv87pi65oeuq5iu\gradle-8.7\lib\gradle-launcher-8.7.jar
Launcher Type: SUN_STANDARD

[Global flags]
     intx CICompilerCount                          = 4                                         {product} {ergonomic}
   size_t CompressedClassSpaceSize                 = 436207616                                 {product} {ergonomic}
     uint ConcGCThreads                            = 2                                         {product} {ergonomic}
     uint G1ConcRefinementThreads                  = 8                                         {product} {ergonomic}
   size_t G1HeapRegionSize                         = 1048576                                   {product} {ergonomic}
    uintx GCDrainStackTargetSize                   = 64                                        {product} {ergonomic}
   size_t InitialHeapSize                          = 266338304                                 {product} {ergonomic}
   size_t MarkStackSize                            = 4194304                                   {product} {ergonomic}
   size_t MaxHeapSize                              = 2147483648                                {product} {command line}
   size_t MaxMetaspaceSize                         = 536870912                                 {product} {command line}
   size_t MaxNewSize                               = 1287651328                                {product} {ergonomic}
   size_t MinHeapDeltaBytes                        = 1048576                                   {product} {ergonomic}
   size_t MinHeapSize                              = 8388608                                   {product} {ergonomic}
    uintx NonNMethodCodeHeapSize                   = 5839372                                {pd product} {ergonomic}
    uintx NonProfiledCodeHeapSize                  = 122909434                              {pd product} {ergonomic}
    uintx ProfiledCodeHeapSize                     = 122909434                              {pd product} {ergonomic}
    uintx ReservedCodeCacheSize                    = 251658240                              {pd product} {ergonomic}
     bool SegmentedCodeCache                       = true                                      {product} {ergonomic}
   size_t SoftMaxHeapSize                          = 2147483648                             {manageable} {ergonomic}
     bool UseCompressedOops                        = true                           {product lp64_product} {ergonomic}
     bool UseG1GC                                  = true                                      {product} {ergonomic}
     bool UseLargePagesIndividualAllocation        = false                                  {pd product} {ergonomic}

Logging:
Log output configuration:
 #0: stdout all=warning uptime,level,tags foldmultilines=false
 #1: stderr all=off uptime,level,tags foldmultilines=false

Release file:
JAVA_VERSION="21.0.12.1" 
MODULES="java.base java.compiler java.datatransfer java.xml java.prefs java.desktop java.instrument java.logging java.management java.security.sasl java.naming java.rmi java.management.rmi java.net.http java.scripting java.security.jgss java.transaction.xa java.sql java.sql.rowset java.xml.crypto java.se java.smartcardio jdk.accessibility jdk.internal.jvmstat jdk.attach jdk.charsets jdk.internal.opt jdk.zipfs jdk.compiler jdk.crypto.ec jdk.crypto.cryptoki jdk.crypto.mscapi jdk.dynalink jdk.internal.ed jdk.editpad jdk.hotspot.agent jdk.httpserver jdk.internal.le jdk.internal.vm.ci jdk.internal.vm.compiler jdk.internal.vm.compiler.management jdk.jartool jdk.javadoc jdk.jcmd jdk.management jdk.management.agent jdk.jconsole jdk.jdeps jdk.jdwp.agent jdk.jdi jdk.jfr jdk.jshell jdk.jsobject jdk.jstatd jdk.localedata jdk.management.jfr jdk.naming.dns jdk.naming.rmi jdk.net jdk.nio.mapmode jdk.random jdk.sctp jdk.security.auth jdk.security.jgss jdk.unsupported jdk.unsupported.desktop jdk.xml.dom" 

Environment Variables:
PATH=C:\Program Files\Common Files\Oracle\Java\javapath;C:\Program Files (x86)\Common Files\Intel\Shared Libraries\redist\intel64\compiler;C:\WINDOWS\system32;C:\WINDOWS;C:\WINDOWS\System32\Wbem;C:\WINDOWS\System32\WindowsPowerShell\v1.0\;C:\WINDOWS\System32\OpenSSH\;C:\ProgramData\chocolatey\bin;C:\Program Files\Git\cmd;C:\Users\USER\AppData\Roaming\nvm;C:\Program Files\nodejs;C:\Program Files\nodejs\;D:\flutter\bin;C:\Users\USER\AppData\Local\Android\Sdk\platform-tools;D:\Java;C:\Users\USER\AppData\Local\Android\Sdk\tools\bin;C:\Users\USER\AppData\Local\Microsoft\WindowsApps;C:\Users\USER\AppData\Local\Programs\Microsoft VS Code\bin;C:\Program Files\Git\bin;C:\Program Files\Git\cmd;C:\Users\USER\AppData\Roaming\nvm;C:\Program Files\nodejs;C:\Users\USER\AppData\Roaming\npm;C:\Users\USER\AppData\Local\Pub\Cache\bin;C:\Program Files\Android\Android Studio\bin;D:\flutter\bin;C:\Users\USER\AppData\Local\Android\Sdk\platform-tools;D:\cursor\resources\app\bin;C:\Users\USER\AppData\Local\PowerToys\;C:\Users\USER\AppData\Local\Programs\Antigravity IDE\bin
USERNAME=USER
OS=Windows_NT
PROCESSOR_IDENTIFIER=Intel64 Family 6 Model 165 Stepping 3, GenuineIntel
TMP=C:\Users\USER\AppData\Local\Temp
TEMP=C:\Users\USER\AppData\Local\Temp




Periodic native trim disabled

---------------  S Y S T E M  ---------------

OS:
 Windows 11 , 64 bit Build 26100 (10.0.26100.8328)
OS uptime: 0 days 0:15 hours
Hyper-V role detected

CPU: total 8 (initial active 8) (4 cores per cpu, 2 threads per core) family 6 model 165 stepping 3 microcode 0xea, cx8, cmov, fxsr, ht, mmx, 3dnowpref, sse, sse2, sse3, ssse3, sse4.1, sse4.2, popcnt, lzcnt, tsc, tscinvbit, avx, avx2, aes, erms, clmul, bmi1, bmi2, adx, fma, vzeroupper, clflush, clflushopt, hv, rdtscp, f16c
Processor Information for the first 8 processors :
  Max Mhz: 3696, Current Mhz: 3696, Mhz Limit: 3696

Memory: 4k page, system-wide physical 16165M (2073M free)
TotalPageFile size 16690M (AvailPageFile size 0M)
current process WorkingSet (physical memory assigned to process): 312M, peak: 318M
current process commit charge ("private bytes"): 344M, peak: 416M

vm_info: OpenJDK 64-Bit Server VM (21.0.12.1+1-LTS) for windows-amd64 JRE (21.0.12.1+1-LTS), built on 2026-08-18T00:00:00Z by "admin" with MS VC++ 17.12 (VS2022)

END.
