#
# There is insufficient memory for the Java Runtime Environment to continue.
# Native memory allocation (mmap) failed to map 65536 bytes. Error detail: Failed to commit metaspace.
# Possible reasons:
#   The system is out of physical RAM or swap space
#   This process is running with CompressedOops enabled, and the Java Heap may be blocking the growth of the native heap
# Possible solutions:
#   Reduce memory load on the system
#   Increase physical memory or swap space
#   Check if swap backing store is full
#   Decrease Java heap size (-Xmx/-Xms)
#   Decrease number of Java threads
#   Decrease Java thread stack sizes (-Xss)
#   Set larger code cache with -XX:ReservedCodeCacheSize=
#   JVM is running with Zero Based Compressed Oops mode in which the Java heap is
#     placed in the first 32GB address space. The Java Heap base address is the
#     maximum limit for the native heap growth. Please use -XX:HeapBaseMinAddress
#     to set the Java Heap base and to place the Java Heap above 32GB virtual address.
# This output file may be truncated or incomplete.
#
#  Out of Memory Error (virtualSpaceNode.cpp:113), pid=21788, tid=17656
#
# JRE version: OpenJDK Runtime Environment Temurin-21.0.12.1+1 (21.0.12.1+1) (build 21.0.12.1+1-LTS)
# Java VM: OpenJDK 64-Bit Server VM Temurin-21.0.12.1+1 (21.0.12.1+1-LTS, mixed mode, sharing, tiered, compressed oops, compressed class ptrs, g1 gc, windows-amd64)
# No core dump will be written. Minidumps are not enabled by default on client versions of Windows
#

---------------  S U M M A R Y ------------

Command Line: org.jetbrains.kotlin.cli.jvm.K2JVMCompiler @D:\flutter\packages\flutter_tools\gradle\build\20260908_15068966865132869976.compiler.options

Host: Intel(R) Core(TM) i3-10105 CPU @ 3.70GHz, 8 cores, 15G,  Windows 11 , 64 bit Build 26100 (10.0.26100.8328)
Time: Tue Sep  8 15:19:16 2026 India Standard Time elapsed time: 4.333390 seconds (0d 0h 0m 4s)

---------------  T H R E A D  ---------------

Current thread (0x000001d2ff704ba0):  JavaThread "main"             [_thread_in_vm, id=17656, stack(0x00000072a7400000,0x00000072a7500000) (1024K)]

Stack: [0x00000072a7400000,0x00000072a7500000]
Native frames: (J=compiled Java code, j=interpreted, Vv=VM code, C=native code)
V  [jvm.dll+0x6d83e9]
V  [jvm.dll+0x8b5736]
V  [jvm.dll+0x8b7cee]
V  [jvm.dll+0x8b83d3]
V  [jvm.dll+0x284596]
V  [jvm.dll+0x8b147e]
V  [jvm.dll+0x679ad4]
V  [jvm.dll+0x1e849b]
V  [jvm.dll+0x1e825e]
V  [jvm.dll+0x67c3d2]
V  [jvm.dll+0x67c202]
V  [jvm.dll+0x67a4ae]
V  [jvm.dll+0x26f864]
V  [jvm.dll+0x21a11f]
V  [jvm.dll+0x20f80e]
V  [jvm.dll+0x5b6a7f]
V  [jvm.dll+0x82f606]
V  [jvm.dll+0x4792f8]
V  [jvm.dll+0x47f128]
C  [java.dll+0x17ec]

Java frames: (J=compiled Java code, j=interpreted, Vv=VM code)
J 291  java.lang.ClassLoader.defineClass1(Ljava/lang/ClassLoader;Ljava/lang/String;[BIILjava/security/ProtectionDomain;Ljava/lang/String;)Ljava/lang/Class; java.base@21.0.12.1 (0 bytes) @ 0x000001d28c93a191 [0x000001d28c93a0c0+0x00000000000000d1]
J 751 c1 java.lang.ClassLoader.defineClass(Ljava/lang/String;[BIILjava/security/ProtectionDomain;)Ljava/lang/Class; java.base@21.0.12.1 (43 bytes) @ 0x000001d284f8e7fc [0x000001d284f8e4a0+0x000000000000035c]
J 724 c1 java.security.SecureClassLoader.defineClass(Ljava/lang/String;[BIILjava/security/CodeSource;)Ljava/lang/Class; java.base@21.0.12.1 (16 bytes) @ 0x000001d284f7ea1c [0x000001d284f7e940+0x00000000000000dc]
J 667 c1 jdk.internal.loader.BuiltinClassLoader.defineClass(Ljava/lang/String;Ljdk/internal/loader/Resource;)Ljava/lang/Class; java.base@21.0.12.1 (121 bytes) @ 0x000001d284f580cc [0x000001d284f56e00+0x00000000000012cc]
J 516 c1 jdk.internal.loader.BuiltinClassLoader.findClassOnClassPathOrNull(Ljava/lang/String;)Ljava/lang/Class; java.base@21.0.12.1 (64 bytes) @ 0x000001d284f06bfc [0x000001d284f05f20+0x0000000000000cdc]
J 245 c1 jdk.internal.loader.BuiltinClassLoader.loadClassOrNull(Ljava/lang/String;Z)Ljava/lang/Class; java.base@21.0.12.1 (143 bytes) @ 0x000001d284e97c0c [0x000001d284e971e0+0x0000000000000a2c]
J 404 c1 jdk.internal.loader.ClassLoaders$AppClassLoader.loadClass(Ljava/lang/String;Z)Ljava/lang/Class; java.base@21.0.12.1 (40 bytes) @ 0x000001d284ed92e4 [0x000001d284ed9100+0x00000000000001e4]
J 403 c1 java.lang.ClassLoader.loadClass(Ljava/lang/String;)Ljava/lang/Class; java.base@21.0.12.1 (7 bytes) @ 0x000001d284ed8dd4 [0x000001d284ed8cc0+0x0000000000000114]
v  ~StubRoutines::call_stub 0x000001d28c38100d
j  kotlin.collections.CollectionsKt__CollectionsKt.asCollection([Ljava/lang/Object;)Ljava/util/Collection;+6
j  kotlin.collections.ArraysKt___ArraysKt.toMutableList([Ljava/lang/Object;)Ljava/util/List;+11
j  org.jetbrains.kotlin.cli.common.CLICompiler.loadPlugins(Lorg/jetbrains/kotlin/utils/KotlinPaths;Lorg/jetbrains/kotlin/cli/common/arguments/CommonCompilerArguments;Lorg/jetbrains/kotlin/config/CompilerConfiguration;)Lorg/jetbrains/kotlin/cli/common/ExitCode;+37
j  org.jetbrains.kotlin.cli.jvm.K2JVMCompiler.doExecute(Lorg/jetbrains/kotlin/cli/common/arguments/K2JVMCompilerArguments;Lorg/jetbrains/kotlin/config/CompilerConfiguration;Lorg/jetbrains/kotlin/com/intellij/openapi/Disposable;Lorg/jetbrains/kotlin/utils/KotlinPaths;)Lorg/jetbrains/kotlin/cli/common/ExitCode;+115
j  org.jetbrains.kotlin.cli.jvm.K2JVMCompiler.doExecute(Lorg/jetbrains/kotlin/cli/common/arguments/CommonCompilerArguments;Lorg/jetbrains/kotlin/config/CompilerConfiguration;Lorg/jetbrains/kotlin/com/intellij/openapi/Disposable;Lorg/jetbrains/kotlin/utils/KotlinPaths;)Lorg/jetbrains/kotlin/cli/common/ExitCode;+9
j  org.jetbrains.kotlin.cli.common.CLICompiler.execImpl(Lorg/jetbrains/kotlin/cli/common/messages/MessageCollector;Lorg/jetbrains/kotlin/config/Services;Lorg/jetbrains/kotlin/cli/common/arguments/CommonCompilerArguments;)Lorg/jetbrains/kotlin/cli/common/ExitCode;+220
j  org.jetbrains.kotlin.cli.common.CLICompiler.execImpl(Lorg/jetbrains/kotlin/cli/common/messages/MessageCollector;Lorg/jetbrains/kotlin/config/Services;Lorg/jetbrains/kotlin/cli/common/arguments/CommonToolArguments;)Lorg/jetbrains/kotlin/cli/common/ExitCode;+7
j  org.jetbrains.kotlin.cli.common.CLITool.exec(Lorg/jetbrains/kotlin/cli/common/messages/MessageCollector;Lorg/jetbrains/kotlin/config/Services;Lorg/jetbrains/kotlin/cli/common/arguments/CommonToolArguments;)Lorg/jetbrains/kotlin/cli/common/ExitCode;+76
j  org.jetbrains.kotlin.cli.common.CLITool.exec(Ljava/io/PrintStream;Lorg/jetbrains/kotlin/config/Services;Lorg/jetbrains/kotlin/cli/common/messages/MessageRenderer;[Ljava/lang/String;)Lorg/jetbrains/kotlin/cli/common/ExitCode;+239
j  org.jetbrains.kotlin.cli.common.CLITool.exec(Ljava/io/PrintStream;Lorg/jetbrains/kotlin/cli/common/messages/MessageRenderer;[Ljava/lang/String;)Lorg/jetbrains/kotlin/cli/common/ExitCode;+25
j  org.jetbrains.kotlin.cli.common.CLITool$Companion.doMainNoExit(Lorg/jetbrains/kotlin/cli/common/CLITool;[Ljava/lang/String;Lorg/jetbrains/kotlin/cli/common/messages/MessageRenderer;)Lorg/jetbrains/kotlin/cli/common/ExitCode;+39
j  org.jetbrains.kotlin.cli.common.CLITool$Companion.doMainNoExit$default(Lorg/jetbrains/kotlin/cli/common/CLITool$Companion;Lorg/jetbrains/kotlin/cli/common/CLITool;[Ljava/lang/String;Lorg/jetbrains/kotlin/cli/common/messages/MessageRenderer;ILjava/lang/Object;)Lorg/jetbrains/kotlin/cli/common/ExitCode;+16
j  org.jetbrains.kotlin.cli.common.CLITool$Companion.doMain(Lorg/jetbrains/kotlin/cli/common/CLITool;[Ljava/lang/String;)V+54
j  org.jetbrains.kotlin.cli.jvm.K2JVMCompiler$Companion.main([Ljava/lang/String;)V+20
j  org.jetbrains.kotlin.cli.jvm.K2JVMCompiler.main([Ljava/lang/String;)V+4
v  ~StubRoutines::call_stub 0x000001d28c38100d

Compiled method (n/a) 4353  291     n 0       java.lang.ClassLoader::defineClass1 (native)
 total in heap  [0x000001d28c939f10,0x000001d28c93a4a8] = 1432
 relocation     [0x000001d28c93a070,0x000001d28c93a0a8] = 56
 main code      [0x000001d28c93a0c0,0x000001d28c93a4a1] = 993
 stub code      [0x000001d28c93a4a1,0x000001d28c93a4a8] = 7

[Constant Pool (empty)]

[MachCode]
[Entry Point]
  # {method} {0x000001d29c434c38} 'defineClass1' '(Ljava/lang/ClassLoader;Ljava/lang/String;[BIILjava/security/ProtectionDomain;Ljava/lang/String;)Ljava/lang/Class;' in 'java/lang/ClassLoader'
  # parm0:    rdx:rdx   = 'java/lang/ClassLoader'
  # parm1:    r8:r8     = 'java/lang/String'
  # parm2:    r9:r9     = '[B'
  # parm3:    rdi       = int
  # parm4:    rsi       = int
  # parm5:    rcx:rcx   = 'java/security/ProtectionDomain'
  # parm6:    [sp+0xa0]   = 'java/lang/String'  (sp of caller)
  0x000001d28c93a0c0: 448b 5208 | 49bb 0000 | 009c d201 | 0000 4d03 | d349 3bc2 | 0f84 0600 

  0x000001d28c93a0d8: ;   {runtime_call ic_miss_stub}
  0x000001d28c93a0d8: 0000 e9a1 | 46a9 ff90 
[Verified Entry Point]
  0x000001d28c93a0e0: 8984 2400 | 80ff ff55 | 488b ec48 | 81ec 9000 | 0000 6690 | 4181 7f20 | 0100 0000 

  0x000001d28c93a0fc: ;   {runtime_call StubRoutines (final stubs)}
  0x000001d28c93a0fc: 7405 e8dd | c3a7 ff48 | 837d 1000 | 488d 4510 | 480f 4445 | 1048 8944 | 2440 4889 | 4c24 7048 
  0x000001d28c93a11c: 83f9 0048 | 8d44 2470 | 480f 4444 | 2470 4889 | 4424 3848 | 8974 2430 | 4889 7c24 | 284c 894c 
  0x000001d28c93a13c: 2458 4983 | f900 488d | 4424 5848 | 0f44 4424 | 5848 8944 | 2420 4c89 | 4424 5049 | 83f8 004c 
  0x000001d28c93a15c: 8d4c 2450 | 4c0f 444c | 2450 4889 | 5424 4848 | 83fa 004c | 8d44 2448 | 4c0f 4444 

  0x000001d28c93a178: ;   {oop(a 'java/lang/Class'{0x0000000713201450} = 'java/lang/ClassLoader')}
  0x000001d28c93a178: 2448 49be | 5014 2013 | 0700 0000 | 4c89 7424 | 784c 8d74 | 2478 498b | d6c5 f877 

  0x000001d28c93a194: ;   {internal_word}
  0x000001d28c93a194: 49ba 91a1 | 938c d201 | 0000 4d89 | 97a8 0300 | 0049 89a7 | a003 0000 

  0x000001d28c93a1ac: ;   {external_word}
  0x000001d28c93a1ac: 49ba 066d | cad3 f87f | 0000 4180 | 3a00 0f84 | 4e00 0000 | 5241 5041 

  0x000001d28c93a1c4: ;   {metadata({method} {0x000001d29c434c38} 'defineClass1' '(Ljava/lang/ClassLoader;Ljava/lang/String;[BIILjava/security/ProtectionDomain;Ljava/lang/String;)Ljava/lang/Class;' in 'java/lang/ClassLoader')}
  0x000001d28c93a1c4: 5148 ba30 | 4c43 9cd2 | 0100 0049 | 8bcf 4883 | ec20 40f6 | c40f 0f84 | 1900 0000 | 4883 ec08 
  0x000001d28c93a1e4: ;   {runtime_call}
  0x000001d28c93a1e4: 48b8 e0ea | 73d3 f87f | 0000 ffd0 | 4883 c408 | e90c 0000 

  0x000001d28c93a1f8: ;   {runtime_call}
  0x000001d28c93a1f8: 0048 b8e0 | ea73 d3f8 | 7f00 00ff | d048 83c4 | 2041 5941 | 585a 498d | 8fc0 0300 | 0041 c787 
  0x000001d28c93a218: 4c04 0000 | 0400 0000 

  0x000001d28c93a220: ;   {runtime_call}
  0x000001d28c93a220: 48b8 ac16 | 556b f97f | 0000 ffd0 | c5f8 7741 | c787 4c04 | 0000 0500 | 0000 f083 | 4424 c000 
  0x000001d28c93a240: 493b af50 | 0400 000f | 870e 0000 | 0041 83bf | 4804 0000 | 000f 842b | 0000 00c5 | f877 4889 
  0x000001d28c93a260: 45f8 498b | cf4c 8be4 | 4883 ec20 | 4883 e4f0 

  0x000001d28c93a270: ;   {runtime_call}
  0x000001d28c93a270: 48b8 0058 | 3fd3 f87f | 0000 ffd0 | 498b e44d | 33e4 488b | 45f8 41c7 | 874c 0400 | 0008 0000 
  0x000001d28c93a290: 0041 83bf | c804 0000 | 020f 84d5 

  0x000001d28c93a29c: ;   {external_word}
  0x000001d28c93a29c: 0100 0049 | ba06 6dca | d3f8 7f00 | 0041 803a | 000f 844c | 0000 0048 

  0x000001d28c93a2b4: ;   {metadata({method} {0x000001d29c434c38} 'defineClass1' '(Ljava/lang/ClassLoader;Ljava/lang/String;[BIILjava/security/ProtectionDomain;Ljava/lang/String;)Ljava/lang/Class;' in 'java/lang/ClassLoader')}
  0x000001d28c93a2b4: 8945 f848 | ba30 4c43 | 9cd2 0100 | 0049 8bcf | 4883 ec20 | 40f6 c40f | 0f84 1900 | 0000 4883 
  0x000001d28c93a2d4: ;   {runtime_call}
  0x000001d28c93a2d4: ec08 48b8 | e0ea 73d3 | f87f 0000 | ffd0 4883 | c408 e90c 

  0x000001d28c93a2e8: ;   {runtime_call}
  0x000001d28c93a2e8: 0000 0048 | b8e0 ea73 | d3f8 7f00 | 00ff d048 | 83c4 2048 | 8b45 f849 | c787 a003 | 0000 0000 
  0x000001d28c93a308: 0000 49c7 | 87a8 0300 | 0000 0000 | 00c5 f877 | 4885 c00f | 8430 0100 | 00a8 030f | 8508 0000 
  0x000001d28c93a328: 0048 8b00 | e920 0100 | 00a8 010f | 8509 0000 | 0048 8b40 | fee9 0f01 | 0000 488b | 40ff 4180 
  0x000001d28c93a348: 7f40 000f | 8400 0100 | 0048 83f8 | 000f 84f6 | 0000 0049 | 8b4f 2848 | 83f9 000f | 8414 0000 
  0x000001d28c93a368: 0048 83e9 | 0849 894f | 2849 034f | 3848 8901 | e9d4 0000 | 0048 83ec | 7048 8904 | 2448 894c 
  0x000001d28c93a388: 2408 4889 | 5424 104c | 8944 2418 | 4c89 4c24 | 204c 8954 | 2428 4c89 | 5c24 30c5 | fb11 4424 
  0x000001d28c93a3a8: 40c5 fb11 | 4c24 48c5 | fb11 5424 | 50c5 fb11 | 5c24 58c5 | fb11 6424 | 60c5 fb11 | 6c24 6849 
  0x000001d28c93a3c8: 8bd7 488b | c848 83ec | 2040 f6c4 | 0f0f 8419 | 0000 0048 

  0x000001d28c93a3dc: ;   {runtime_call}
  0x000001d28c93a3dc: 83ec 0848 | b820 a432 | d3f8 7f00 | 00ff d048 | 83c4 08e9 | 0c00 0000 

  0x000001d28c93a3f4: ;   {runtime_call}
  0x000001d28c93a3f4: 48b8 20a4 | 32d3 f87f | 0000 ffd0 | 4883 c420 | c5fb 106c | 2468 c5fb | 1064 2460 | c5fb 105c 
  0x000001d28c93a414: 2458 c5fb | 1054 2450 | c5fb 104c | 2448 c5fb | 1044 2440 | 4c8b 5c24 | 304c 8b54 | 2428 4c8b 
  0x000001d28c93a434: 4c24 204c | 8b44 2418 | 488b 5424 | 1048 8b4c | 2408 488b | 0424 4883 | c470 c5f8 | 7749 8b8f 
  0x000001d28c93a454: 3004 0000 | c781 0001 | 0000 0000 | 0000 c949 | 837f 0800 | 0f85 0100 

  0x000001d28c93a46c: ;   {runtime_call StubRoutines (initial stubs)}
  0x000001d28c93a46c: 0000 c3e9 | 8c6a a4ff | c5f8 7748 | 8945 f84c | 8be4 4883 | ec20 4883 

  0x000001d28c93a484: ;   {runtime_call}
  0x000001d28c93a484: e4f0 48b8 | 3022 74d3 | f87f 0000 | ffd0 498b | e44d 33e4 | 488b 45f8 | e9fe fdff | fff4 f4f4 
  0x000001d28c93a4a4: f4f4 f4f4 
[/MachCode]


Compiled method (c1) 4361  751       3       java.lang.ClassLoader::defineClass (43 bytes)
 total in heap  [0x000001d284f8e290,0x000001d284f8ebe8] = 2392
 relocation     [0x000001d284f8e3f0,0x000001d284f8e490] = 160
 main code      [0x000001d284f8e4a0,0x000001d284f8e940] = 1184
 stub code      [0x000001d284f8e940,0x000001d284f8e9b8] = 120
 metadata       [0x000001d284f8e9b8,0x000001d284f8e9e8] = 48
 scopes data    [0x000001d284f8e9e8,0x000001d284f8ead8] = 240
 scopes pcs     [0x000001d284f8ead8,0x000001d284f8ebb8] = 224
 dependencies   [0x000001d284f8ebb8,0x000001d284f8ebc0] = 8
 nul chk table  [0x000001d284f8ebc0,0x000001d284f8ebe8] = 40

[Constant Pool (empty)]

[MachCode]
[Entry Point]
  # {method} {0x000001d29c434fb8} 'defineClass' '(Ljava/lang/String;[BIILjava/security/ProtectionDomain;)Ljava/lang/Class;' in 'java/lang/ClassLoader'
  # this:     rdx:rdx   = 'java/lang/ClassLoader'
  # parm0:    r8:r8     = 'java/lang/String'
  # parm1:    r9:r9     = '[B'
  # parm2:    rdi       = int
  # parm3:    rsi       = int
  # parm4:    rcx:rcx   = 'java/security/ProtectionDomain'
  #           [sp+0xc0]  (sp of caller)
  0x000001d284f8e4a0: 448b 5208 | 49bb 0000 | 009c d201 | 0000 4d03 | d34c 3bd0 

  0x000001d284f8e4b4: ;   {runtime_call ic_miss_stub}
  0x000001d284f8e4b4: 0f85 c602 | 4407 660f | 1f44 0000 
[Verified Entry Point]
  0x000001d284f8e4c0: 8984 2400 | 80ff ff55 | 4881 ecb0 | 0000 0090 | 4181 7f20 | 0100 0000 

  0x000001d284f8e4d8: ;   {runtime_call StubRoutines (final stubs)}
  0x000001d284f8e4d8: 7405 e801 | 8042 0748 | 8954 2478 

  0x000001d284f8e4e4: ;   {metadata(method data for {method} {0x000001d29c434fb8} 'defineClass' '(Ljava/lang/String;[BIILjava/security/ProtectionDomain;)Ljava/lang/Class;' in 'java/lang/ClassLoader')}
  0x000001d284f8e4e4: 48bb 6011 | 11dd d201 | 0000 8b83 | cc00 0000 | 83c0 0289 | 83cc 0000 | 0025 fe07 | 0000 85c0 
  0x000001d284f8e504: 0f84 5803 | 0000 89b4 | 2494 0000 | 0089 bc24 | 9000 0000 | 4c89 8c24 | 8800 0000 

  0x000001d284f8e520: ;   {metadata(method data for {method} {0x000001d29c434fb8} 'defineClass' '(Ljava/lang/String;[BIILjava/security/ProtectionDomain;)Ljava/lang/Class;' in 'java/lang/ClassLoader')}
  0x000001d284f8e520: 488b da48 | b860 1111 | ddd2 0100 | 0048 8380 | 1001 0000 | 0149 8bd8 | 4c8b c34c | 8bc9 488b 
  0x000001d284f8e540: ca48 8bd1 | 4889 9c24 | 8000 0000 

  0x000001d284f8e54c: ;   {optimized virtual_call}
  0x000001d284f8e54c: 6666 90e8 

  0x000001d284f8e550: ; ImmutableOopMap {[120]=Oop [128]=Oop [136]=Oop }
                      ;*invokevirtual preDefineClass {reexecute=0 rethrow=0 return_oop=0}
                      ; - java.lang.ClassLoader::defineClass@4
  0x000001d284f8e550: 4c95 ffff 

  0x000001d284f8e554: ;   {other}
  0x000001d284f8e554: 0f1f 8400 | c402 0000 | 4889 8424 | 9800 0000 | 488b 5424 

  0x000001d284f8e568: ;   {metadata(method data for {method} {0x000001d29c434fb8} 'defineClass' '(Ljava/lang/String;[BIILjava/security/ProtectionDomain;)Ljava/lang/Class;' in 'java/lang/ClassLoader')}
  0x000001d284f8e568: 7849 b860 | 1111 ddd2 | 0100 0049 | 8380 4801 

  0x000001d284f8e578: ;   {metadata(method data for {method} {0x000001d29c434ca0} 'defineClassSourceLocation' '(Ljava/security/ProtectionDomain;)Ljava/lang/String;' in 'java/lang/ClassLoader')}
  0x000001d284f8e578: 0000 0149 | b8e8 4d11 | ddd2 0100 | 0041 8b90 | cc00 0000 | 83c2 0241 | 8990 cc00 | 0000 81e2 
  0x000001d284f8e598: feff 1f00 | 85d2 0f84 | df02 0000 

  0x000001d284f8e5a4: ; implicit exception: dispatches to 0x000001d284f8e8a4
  0x000001d284f8e5a4: 483b 004c 

  0x000001d284f8e5a8: ;   {metadata(method data for {method} {0x000001d29c434ca0} 'defineClassSourceLocation' '(Ljava/security/ProtectionDomain;)Ljava/lang/String;' in 'java/lang/ClassLoader')}
  0x000001d284f8e5a8: 8bc0 48ba | e84d 11dd | d201 0000 | 4883 8210 | 0100 0001 | 448b 4010 | 49c1 e003 

  0x000001d284f8e5c4: ;   {metadata(method data for {method} {0x000001d29c434ca0} 'defineClassSourceLocation' '(Ljava/security/ProtectionDomain;)Ljava/lang/String;' in 'java/lang/ClassLoader')}
  0x000001d284f8e5c4: 4d85 c048 | bae8 4d11 | ddd2 0100 | 0048 c7c6 | 5801 0000 | 7507 48c7 | c648 0100 | 0048 8b3c 
  0x000001d284f8e5e4: 3248 8d7f | 0148 893c | 320f 850f 

  0x000001d284f8e5f0: ;   {oop(nullptr)}
  0x000001d284f8e5f0: 0000 0048 | bb00 0000 | 0000 0000 | 00e9 a501 | 0000 493b | 0049 8bd0 

  0x000001d284f8e608: ;   {metadata(method data for {method} {0x000001d29c434ca0} 'defineClassSourceLocation' '(Ljava/security/ProtectionDomain;)Ljava/lang/String;' in 'java/lang/ClassLoader')}
  0x000001d284f8e608: 48be e84d | 11dd d201 | 0000 4883 | 8668 0100 | 0001 418b | 500c 48c1 | e203 4885 

  0x000001d284f8e624: ;   {metadata(method data for {method} {0x000001d29c434ca0} 'defineClassSourceLocation' '(Ljava/security/ProtectionDomain;)Ljava/lang/String;' in 'java/lang/ClassLoader')}
  0x000001d284f8e624: d248 bee8 | 4d11 ddd2 | 0100 0048 | c7c7 b001 | 0000 7507 | 48c7 c7a0 | 0100 0048 | 8b1c 3e48 
  0x000001d284f8e644: 8d5b 0148 | 891c 3e0f | 850f 0000 

  0x000001d284f8e650: ;   {oop(nullptr)}
  0x000001d284f8e650: 0048 bb00 | 0000 0000 | 0000 00e9 | 4701 0000 

  0x000001d284f8e660: ;   {metadata(method data for {method} {0x000001d29c434ca0} 'defineClassSourceLocation' '(Ljava/security/ProtectionDomain;)Ljava/lang/String;' in 'java/lang/ClassLoader')}
  0x000001d284f8e660: 48be e84d | 11dd d201 | 0000 4883 | 86c0 0100 | 0001 483b | 024c 8bc2 

  0x000001d284f8e678: ;   {metadata(method data for {method} {0x000001d29c434ca0} 'defineClassSourceLocation' '(Ljava/security/ProtectionDomain;)Ljava/lang/String;' in 'java/lang/ClassLoader')}
  0x000001d284f8e678: 48be e84d | 11dd d201 | 0000 4883 | 86f8 0100 

  0x000001d284f8e688: ;   {metadata(method data for {method} {0x000001d29c01abf0} 'toString' '()Ljava/lang/String;' in 'java/net/URL')}
  0x000001d284f8e688: 0001 49b8 | e0c8 0ddd | d201 0000 | 418b b0cc | 0000 0083 | c602 4189 | b0cc 0000 | 0081 e6fe 
  0x000001d284f8e6a8: ff1f 0085 | f60f 8400 | 0200 004c 

  0x000001d284f8e6b4: ;   {metadata(method data for {method} {0x000001d29c01abf0} 'toString' '()Ljava/lang/String;' in 'java/net/URL')}
  0x000001d284f8e6b4: 8bc2 48be | e0c8 0ddd | d201 0000 | 4883 8610 | 0100 0001 

  0x000001d284f8e6c8: ;   {metadata(method data for {method} {0x000001d29c428840} 'toExternalForm' '()Ljava/lang/String;' in 'java/net/URL')}
  0x000001d284f8e6c8: 49b8 68ca | 0ddd d201 | 0000 418b | b0cc 0000 | 0083 c602 | 4189 b0cc | 0000 0081 | e6fe ff1f 
  0x000001d284f8e6e8: 0085 f60f | 84e3 0100 | 008b 7238 | 48c1 e603 

  0x000001d284f8e6f8: ; implicit exception: dispatches to 0x000001d284f8e8f5
  0x000001d284f8e6f8: 483b 064c 

  0x000001d284f8e6fc: ;   {metadata(method data for {method} {0x000001d29c428840} 'toExternalForm' '()Ljava/lang/String;' in 'java/net/URL')}
  0x000001d284f8e6fc: 8bc6 48bf | 68ca 0ddd | d201 0000 | 458b 4008 | 49ba 0000 | 009c d201 | 0000 4d03 | c24c 3b87 
  0x000001d284f8e71c: 2001 0000 | 750d 4883 | 8728 0100 | 0001 e960 | 0000 004c | 3b87 3001 | 0000 750d | 4883 8738 
  0x000001d284f8e73c: 0100 0001 | e94a 0000 | 0048 83bf | 2001 0000 | 0075 174c | 8987 2001 | 0000 48c7 | 8728 0100 
  0x000001d284f8e75c: 0001 0000 | 00e9 2900 | 0000 4883 | bf30 0100 | 0000 7517 | 4c89 8730 | 0100 0048 | c787 3801 
  0x000001d284f8e77c: 0000 0100 | 0000 e908 | 0000 0048 | 8387 1001 | 0000 014c | 8bc2 488b 

  0x000001d284f8e794: ;   {optimized virtual_call}
  0x000001d284f8e794: d666 90e8 

  0x000001d284f8e798: ; ImmutableOopMap {[120]=Oop [128]=Oop [136]=Oop [152]=Oop }
                      ;*invokevirtual toExternalForm {reexecute=0 rethrow=0 return_oop=0}
                      ; - java.net.URL::toExternalForm@5
                      ; - java.net.URL::toString@1
                      ; - java.lang.ClassLoader::defineClassSourceLocation@22
                      ; - java.lang.ClassLoader::defineClass@12
  0x000001d284f8e798: 8428 fdff 

  0x000001d284f8e79c: ;   {other}
  0x000001d284f8e79c: 0f1f 8400 | 0c05 0001 | 488b d848 | 8b84 2498 | 0000 008b | b424 9400 | 0000 8bbc | 2490 0000 
  0x000001d284f8e7bc: 004c 8b8c | 2488 0000 | 004c 8b84 | 2480 0000 | 0048 8b54 

  0x000001d284f8e7d0: ;   {metadata(method data for {method} {0x000001d29c434fb8} 'defineClass' '(Ljava/lang/String;[BIILjava/security/ProtectionDomain;)Ljava/lang/Class;' in 'java/lang/ClassLoader')}
  0x000001d284f8e7d0: 2478 48b9 | 6011 11dd | d201 0000 | 4883 8180 | 0100 0001 | 4c8b da49 | 8bd3 488b | c848 891c 
  0x000001d284f8e7f0: 2466 0f1f 

  0x000001d284f8e7f4: ;   {static_call}
  0x000001d284f8e7f4: 4400 00e8 

  0x000001d284f8e7f8: ; ImmutableOopMap {[120]=Oop [152]=Oop }
                      ;*invokestatic defineClass1 {reexecute=0 rethrow=0 return_oop=0}
                      ; - java.lang.ClassLoader::defineClass@27
  0x000001d284f8e7f8: e4b8 9a07 

  0x000001d284f8e7fc: ;   {other}
  0x000001d284f8e7fc: 0f1f 8400 | 6c05 0002 | 488b 5424 

  0x000001d284f8e808: ;   {metadata(method data for {method} {0x000001d29c434fb8} 'defineClass' '(Ljava/lang/String;[BIILjava/security/ProtectionDomain;)Ljava/lang/Class;' in 'java/lang/ClassLoader')}
  0x000001d284f8e808: 7849 b860 | 1111 ddd2 | 0100 0049 | 8380 9001 | 0000 014c | 8bc0 4c8b | 8c24 9800 | 0000 488b 
  0x000001d284f8e828: 5424 7848 | 8984 24a0 | 0000 000f 

  0x000001d284f8e834: ;   {optimized virtual_call}
  0x000001d284f8e834: 1f40 00e8 

  0x000001d284f8e838: ; ImmutableOopMap {[160]=Oop }
                      ;*invokevirtual postDefineClass {reexecute=0 rethrow=0 return_oop=0}
                      ; - java.lang.ClassLoader::defineClass@37
  0x000001d284f8e838: 64b8 fdff 

  0x000001d284f8e83c: ;   {other}
  0x000001d284f8e83c: 0f1f 8400 | ac05 0003 | 488b 8424 | a000 0000 | 4881 c4b0 | 0000 005d 

  0x000001d284f8e854: ;   {poll_return}
  0x000001d284f8e854: 493b a750 | 0400 000f | 8799 0000 

  0x000001d284f8e860: ;   {metadata({method} {0x000001d29c434fb8} 'defineClass' '(Ljava/lang/String;[BIILjava/security/ProtectionDomain;)Ljava/lang/Class;' in 'java/lang/ClassLoader')}
  0x000001d284f8e860: 00c3 49ba | b04f 439c | d201 0000 | 4c89 5424 | 0848 c704 | 24ff ffff 

  0x000001d284f8e878: ;   {runtime_call counter_overflow Runtime1 stub}
  0x000001d284f8e878: ffe8 8200 

  0x000001d284f8e87c: ; ImmutableOopMap {rdx=Oop r8=Oop r9=Oop rcx=Oop [120]=Oop }
                      ;*synchronization entry
                      ; - java.lang.ClassLoader::defineClass@-1
  0x000001d284f8e87c: 5107 e987 

  0x000001d284f8e880: ;   {metadata({method} {0x000001d29c434ca0} 'defineClassSourceLocation' '(Ljava/security/ProtectionDomain;)Ljava/lang/String;' in 'java/lang/ClassLoader')}
  0x000001d284f8e880: fcff ff49 | ba98 4c43 | 9cd2 0100 | 004c 8954 | 2408 48c7 | 0424 ffff 

  0x000001d284f8e898: ;   {runtime_call counter_overflow Runtime1 stub}
  0x000001d284f8e898: ffff e861 

  0x000001d284f8e89c: ; ImmutableOopMap {rax=Oop [120]=Oop [128]=Oop [136]=Oop [152]=Oop }
                      ;*synchronization entry
                      ; - java.lang.ClassLoader::defineClassSourceLocation@-1
                      ; - java.lang.ClassLoader::defineClass@12
  0x000001d284f8e89c: 0051 07e9 | 00fd ffff 

  0x000001d284f8e8a4: ;   {runtime_call throw_null_pointer_exception Runtime1 stub}
  0x000001d284f8e8a4: e8d7 c347 

  0x000001d284f8e8a8: ; ImmutableOopMap {rax=Oop [120]=Oop [128]=Oop [136]=Oop [152]=Oop }
                      ;*invokevirtual getCodeSource {reexecute=0 rethrow=0 return_oop=0}
                      ; - java.lang.ClassLoader::defineClassSourceLocation@1
                      ; - java.lang.ClassLoader::defineClass@12
                      ;   {runtime_call throw_null_pointer_exception Runtime1 stub}
  0x000001d284f8e8a8: 07e8 d2c3 

  0x000001d284f8e8ac: ; ImmutableOopMap {rax=Oop r8=Oop [120]=Oop [128]=Oop [136]=Oop [152]=Oop }
                      ;*invokevirtual getLocation {reexecute=0 rethrow=0 return_oop=0}
                      ; - java.lang.ClassLoader::defineClassSourceLocation@12
                      ; - java.lang.ClassLoader::defineClass@12
                      ;   {runtime_call throw_null_pointer_exception Runtime1 stub}
  0x000001d284f8e8ac: 4707 e8cd 

  0x000001d284f8e8b0: ; ImmutableOopMap {rdx=Oop [120]=Oop [128]=Oop [136]=Oop [152]=Oop }
                      ;*invokevirtual toString {reexecute=0 rethrow=0 return_oop=0}
                      ; - java.lang.ClassLoader::defineClassSourceLocation@22
                      ; - java.lang.ClassLoader::defineClass@12
                      ;   {metadata({method} {0x000001d29c01abf0} 'toString' '()Ljava/lang/String;' in 'java/net/URL')}
  0x000001d284f8e8b0: c347 0749 | bae8 ab01 | 9cd2 0100 | 004c 8954 | 2408 48c7 | 0424 ffff 

  0x000001d284f8e8c8: ;   {runtime_call counter_overflow Runtime1 stub}
  0x000001d284f8e8c8: ffff e831 

  0x000001d284f8e8cc: ; ImmutableOopMap {rdx=Oop [120]=Oop [128]=Oop [136]=Oop [152]=Oop }
                      ;*synchronization entry
                      ; - java.net.URL::toString@-1
                      ; - java.lang.ClassLoader::defineClassSourceLocation@22
                      ; - java.lang.ClassLoader::defineClass@12
  0x000001d284f8e8cc: 0051 07e9 | dffd ffff 

  0x000001d284f8e8d4: ;   {metadata({method} {0x000001d29c428840} 'toExternalForm' '()Ljava/lang/String;' in 'java/net/URL')}
  0x000001d284f8e8d4: 49ba 3888 | 429c d201 | 0000 4c89 | 5424 0848 | c704 24ff 

  0x000001d284f8e8e8: ;   {runtime_call counter_overflow Runtime1 stub}
  0x000001d284f8e8e8: ffff ffe8 

  0x000001d284f8e8ec: ; ImmutableOopMap {rdx=Oop [120]=Oop [128]=Oop [136]=Oop [152]=Oop }
                      ;*synchronization entry
                      ; - java.net.URL::toExternalForm@-1
                      ; - java.net.URL::toString@1
                      ; - java.lang.ClassLoader::defineClassSourceLocation@22
                      ; - java.lang.ClassLoader::defineClass@12
  0x000001d284f8e8ec: 1000 5107 | e9fc fdff 

  0x000001d284f8e8f4: ;   {runtime_call throw_null_pointer_exception Runtime1 stub}
  0x000001d284f8e8f4: ffe8 86c3 

  0x000001d284f8e8f8: ; ImmutableOopMap {rdx=Oop rsi=Oop [120]=Oop [128]=Oop [136]=Oop [152]=Oop }
                      ;*invokevirtual toExternalForm {reexecute=0 rethrow=0 return_oop=0}
                      ; - java.net.URL::toExternalForm@5
                      ; - java.net.URL::toString@1
                      ; - java.lang.ClassLoader::defineClassSourceLocation@22
                      ; - java.lang.ClassLoader::defineClass@12
                      ;   {internal_word}
  0x000001d284f8e8f8: 4707 49ba | 54e8 f884 | d201 0000 | 4d89 9768 

  0x000001d284f8e908: ;   {runtime_call SafepointBlob}
  0x000001d284f8e908: 0400 00e9 | 706b 4407 | 498b 8700 | 0500 0049 | c787 0005 | 0000 0000 | 0000 49c7 | 8708 0500 
  0x000001d284f8e928: 0000 0000 | 0048 81c4 | b000 0000 

  0x000001d284f8e934: ;   {runtime_call unwind_exception Runtime1 stub}
  0x000001d284f8e934: 5de9 46d2 | 4707 f4f4 | f4f4 f4f4 
[Stub Code]
  0x000001d284f8e940: ;   {no_reloc}
  0x000001d284f8e940: 0f1f 4400 

  0x000001d284f8e944: ;   {static_stub}
  0x000001d284f8e944: 0048 bb00 | 0000 0000 

  0x000001d284f8e94c: ;   {runtime_call nmethod}
  0x000001d284f8e94c: 0000 00e9 | fbff ffff 

  0x000001d284f8e954: ;   {static_stub}
  0x000001d284f8e954: 48bb 0000 | 0000 0000 

  0x000001d284f8e95c: ;   {runtime_call nmethod}
  0x000001d284f8e95c: 0000 e9fb 

  0x000001d284f8e960: ;   {static_stub}
  0x000001d284f8e960: ffff ff48 | bb00 0000 | 0000 0000 

  0x000001d284f8e96c: ;   {runtime_call nmethod}
  0x000001d284f8e96c: 00e9 fbff 

  0x000001d284f8e970: ;   {static_stub}
  0x000001d284f8e970: ffff 48bb | 0000 0000 | 0000 0000 

  0x000001d284f8e97c: ;   {runtime_call nmethod}
  0x000001d284f8e97c: e9fb ffff 

  0x000001d284f8e980: ;   {runtime_call handle_exception_from_callee Runtime1 stub}
  0x000001d284f8e980: ffe8 faa4 

  0x000001d284f8e984: ;   {external_word}
  0x000001d284f8e984: 4707 48b9 | 5063 a0d3 | f87f 0000 | 4883 e4f0 

  0x000001d284f8e994: ;   {runtime_call}
  0x000001d284f8e994: 48b8 c0c9 | 62d3 f87f | 0000 ffd0 

  0x000001d284f8e9a0: ;   {section_word}
  0x000001d284f8e9a0: f449 baa1 | e9f8 84d2 | 0100 0041 

  0x000001d284f8e9ac: ;   {runtime_call DeoptimizationBlob}
  0x000001d284f8e9ac: 52e9 6e5d | 4407 f4f4 | f4f4 f4f4 
[/MachCode]


Compiled method (c1) 4385  724       3       java.security.SecureClassLoader::defineClass (16 bytes)
 total in heap  [0x000001d284f7e790,0x000001d284f7eb90] = 1024
 relocation     [0x000001d284f7e8f0,0x000001d284f7e940] = 80
 main code      [0x000001d284f7e940,0x000001d284f7ea98] = 344
 stub code      [0x000001d284f7ea98,0x000001d284f7eae8] = 80
 metadata       [0x000001d284f7eae8,0x000001d284f7eaf0] = 8
 scopes data    [0x000001d284f7eaf0,0x000001d284f7eb38] = 72
 scopes pcs     [0x000001d284f7eb38,0x000001d284f7eb88] = 80
 dependencies   [0x000001d284f7eb88,0x000001d284f7eb90] = 8

[Constant Pool (empty)]

[MachCode]
[Entry Point]
  # {method} {0x000001d29c04e0e8} 'defineClass' '(Ljava/lang/String;[BIILjava/security/CodeSource;)Ljava/lang/Class;' in 'java/security/SecureClassLoader'
  # this:     rdx:rdx   = 'java/security/SecureClassLoader'
  # parm0:    r8:r8     = 'java/lang/String'
  # parm1:    r9:r9     = '[B'
  # parm2:    rdi       = int
  # parm3:    rsi       = int
  # parm4:    rcx:rcx   = 'java/security/CodeSource'
  #           [sp+0x80]  (sp of caller)
  0x000001d284f7e940: 448b 5208 | 49bb 0000 | 009c d201 | 0000 4d03 | d34c 3bd0 

  0x000001d284f7e954: ;   {runtime_call ic_miss_stub}
  0x000001d284f7e954: 0f85 26fe | 4407 660f | 1f44 0000 
[Verified Entry Point]
  0x000001d284f7e960: 8984 2400 | 80ff ff55 | 4883 ec70 | 4181 7f20 | 0100 0000 

  0x000001d284f7e974: ;   {runtime_call StubRoutines (final stubs)}
  0x000001d284f7e974: 7405 e865 

  0x000001d284f7e978: ;   {metadata(method data for {method} {0x000001d29c04e0e8} 'defineClass' '(Ljava/lang/String;[BIILjava/security/CodeSource;)Ljava/lang/Class;' in 'java/security/SecureClassLoader')}
  0x000001d284f7e978: 7b43 0748 | bbf8 ff0f | ddd2 0100 | 008b 83cc | 0000 0083 | c002 8983 | cc00 0000 | 25fe 0700 
  0x000001d284f7e998: 0085 c00f | 8496 0000 | 0089 7424 | 5c89 7c24 | 584c 894c | 2450 4c89 | 4424 4848 

  0x000001d284f7e9b4: ;   {metadata(method data for {method} {0x000001d29c04e0e8} 'defineClass' '(Ljava/lang/String;[BIILjava/security/CodeSource;)Ljava/lang/Class;' in 'java/security/SecureClassLoader')}
  0x000001d284f7e9b4: 8bda 48b8 | f8ff 0fdd | d201 0000 | 4883 8010 | 0100 0001 | 4c8b c148 | 8bc2 488b | d048 8944 
  0x000001d284f7e9d4: ;   {optimized virtual_call}
  0x000001d284f7e9d4: 2440 90e8 

  0x000001d284f7e9d8: ; ImmutableOopMap {[64]=Oop [72]=Oop [80]=Oop }
                      ;*invokevirtual getProtectionDomain {reexecute=0 rethrow=0 return_oop=0}
                      ; - java.security.SecureClassLoader::defineClass@9
  0x000001d284f7e9d8: 44f0 0000 

  0x000001d284f7e9dc: ;   {other}
  0x000001d284f7e9dc: 0f1f 8400 | 4c02 0000 | 488b 5424 

  0x000001d284f7e9e8: ;   {metadata(method data for {method} {0x000001d29c04e0e8} 'defineClass' '(Ljava/lang/String;[BIILjava/security/CodeSource;)Ljava/lang/Class;' in 'java/security/SecureClassLoader')}
  0x000001d284f7e9e8: 4049 b8f8 | ff0f ddd2 | 0100 0049 | 8380 4801 | 0000 014c | 8b44 2448 | 4c8b 4c24 | 508b 7c24 
  0x000001d284f7ea08: 588b 7424 | 5c48 8bc8 | 488b 5424 

  0x000001d284f7ea14: ;   {optimized virtual_call}
  0x000001d284f7ea14: 4066 90e8 

  0x000001d284f7ea18: ; ImmutableOopMap {}
                      ;*invokevirtual defineClass {reexecute=0 rethrow=0 return_oop=0}
                      ; - java.security.SecureClassLoader::defineClass@12
  0x000001d284f7ea18: a4fa 0000 

  0x000001d284f7ea1c: ;   {other}
  0x000001d284f7ea1c: 0f1f 8400 | 8c02 0001 | 4883 c470 

  0x000001d284f7ea28: ;   {poll_return}
  0x000001d284f7ea28: 5d49 3ba7 | 5004 0000 | 0f87 2200 

  0x000001d284f7ea34: ;   {metadata({method} {0x000001d29c04e0e8} 'defineClass' '(Ljava/lang/String;[BIILjava/security/CodeSource;)Ljava/lang/Class;' in 'java/security/SecureClassLoader')}
  0x000001d284f7ea34: 0000 c349 | bae0 e004 | 9cd2 0100 | 004c 8954 | 2408 48c7 | 0424 ffff 

  0x000001d284f7ea4c: ;   {runtime_call counter_overflow Runtime1 stub}
  0x000001d284f7ea4c: ffff e8ad 

  0x000001d284f7ea50: ; ImmutableOopMap {rdx=Oop r8=Oop r9=Oop rcx=Oop }
                      ;*synchronization entry
                      ; - java.security.SecureClassLoader::defineClass@-1
  0x000001d284f7ea50: fe51 07e9 | 49ff ffff 

  0x000001d284f7ea58: ;   {internal_word}
  0x000001d284f7ea58: 49ba 29ea | f784 d201 | 0000 4d89 | 9768 0400 

  0x000001d284f7ea68: ;   {runtime_call SafepointBlob}
  0x000001d284f7ea68: 00e9 126a | 4507 498b | 8700 0500 | 0049 c787 | 0005 0000 | 0000 0000 | 49c7 8708 | 0500 0000 
  0x000001d284f7ea88: 0000 0048 | 83c4 705d 

  0x000001d284f7ea90: ;   {runtime_call unwind_exception Runtime1 stub}
  0x000001d284f7ea90: e9eb d048 | 07f4 f4f4 
[Stub Code]
  0x000001d284f7ea98: ;   {no_reloc}
  0x000001d284f7ea98: 48bb 30e0 | 049c d201 

  0x000001d284f7eaa0: ;   {runtime_call I2C/C2I adapters}
  0x000001d284f7eaa0: 0000 e940 

  0x000001d284f7eaa4: ;   {static_stub}
  0x000001d284f7eaa4: 5545 0748 | bbb0 4f43 | 9cd2 0100 

  0x000001d284f7eab0: ;   {runtime_call I2C/C2I adapters}
  0x000001d284f7eab0: 00e9 3f3b 

  0x000001d284f7eab4: ;   {runtime_call handle_exception_from_callee Runtime1 stub}
  0x000001d284f7eab4: 4407 e8c5 

  0x000001d284f7eab8: ;   {external_word}
  0x000001d284f7eab8: a348 0748 | b950 63a0 | d3f8 7f00 | 0048 83e4 

  0x000001d284f7eac8: ;   {runtime_call}
  0x000001d284f7eac8: f048 b8c0 | c962 d3f8 | 7f00 00ff 

  0x000001d284f7ead4: ;   {section_word}
  0x000001d284f7ead4: d0f4 49ba | d6ea f784 | d201 0000 

  0x000001d284f7eae0: ;   {runtime_call DeoptimizationBlob}
  0x000001d284f7eae0: 4152 e939 | 5c45 07f4 
[/MachCode]


---------------  P R O C E S S  ---------------

Threads class SMR info:
_java_thread_list=0x000001d29be33d00, length=11, elements={
0x000001d2ff704ba0, 0x000001d29bac5170, 0x000001d29bac7900, 0x000001d29bacd0a0,
0x000001d29bacdb00, 0x000001d29bace560, 0x000001d29bacefc0, 0x000001d29bacfd50,
0x000001d29bad7f60, 0x000001d29bb69010, 0x000001d29bb74c60
}

Java Threads: ( => current thread )
=>0x000001d2ff704ba0 JavaThread "main"                              [_thread_in_vm, id=17656, stack(0x00000072a7400000,0x00000072a7500000) (1024K)]
  0x000001d29bac5170 JavaThread "Reference Handler"          daemon [_thread_blocked, id=15276, stack(0x00000072a7d00000,0x00000072a7e00000) (1024K)]
  0x000001d29bac7900 JavaThread "Finalizer"                  daemon [_thread_blocked, id=2116, stack(0x00000072a7e00000,0x00000072a7f00000) (1024K)]
  0x000001d29bacd0a0 JavaThread "Signal Dispatcher"          daemon [_thread_blocked, id=9364, stack(0x00000072a7f00000,0x00000072a8000000) (1024K)]
  0x000001d29bacdb00 JavaThread "Attach Listener"            daemon [_thread_blocked, id=6380, stack(0x00000072a8000000,0x00000072a8100000) (1024K)]
  0x000001d29bace560 JavaThread "Service Thread"             daemon [_thread_blocked, id=6772, stack(0x00000072a8100000,0x00000072a8200000) (1024K)]
  0x000001d29bacefc0 JavaThread "Monitor Deflation Thread"   daemon [_thread_blocked, id=18124, stack(0x00000072a8200000,0x00000072a8300000) (1024K)]
  0x000001d29bacfd50 JavaThread "C2 CompilerThread0"         daemon [_thread_blocked, id=2996, stack(0x00000072a8300000,0x00000072a8400000) (1024K)]
  0x000001d29bad7f60 JavaThread "C1 CompilerThread0"         daemon [_thread_blocked, id=20524, stack(0x00000072a8400000,0x00000072a8500000) (1024K)]
  0x000001d29bb69010 JavaThread "Notification Thread"        daemon [_thread_blocked, id=2456, stack(0x00000072a8500000,0x00000072a8600000) (1024K)]
  0x000001d29bb74c60 JavaThread "Common-Cleaner"             daemon [_thread_blocked, id=21696, stack(0x00000072a8600000,0x00000072a8700000) (1024K)]
Total: 11

Other Threads:
  0x000001d29baa20b0 VMThread "VM Thread"                           [id=1888, stack(0x00000072a7c00000,0x00000072a7d00000) (1024K)]
  0x000001d29ba8d770 WatcherThread "VM Periodic Task Thread"        [id=15560, stack(0x00000072a7b00000,0x00000072a7c00000) (1024K)]
  0x000001d281cb3870 WorkerThread "GC Thread#0"                     [id=10940, stack(0x00000072a7600000,0x00000072a7700000) (1024K)]
  0x000001d281cc43f0 ConcurrentGCThread "G1 Main Marker"            [id=17428, stack(0x00000072a7700000,0x00000072a7800000) (1024K)]
  0x000001d281cc5c80 WorkerThread "G1 Conc#0"                       [id=20608, stack(0x00000072a7800000,0x00000072a7900000) (1024K)]
  0x000001d281d0ea10 ConcurrentGCThread "G1 Refine#0"               [id=17972, stack(0x00000072a7900000,0x00000072a7a00000) (1024K)]
  0x000001d29b962d70 ConcurrentGCThread "G1 Service"                [id=22204, stack(0x00000072a7a00000,0x00000072a7b00000) (1024K)]
Total: 7

Threads with active compile tasks:
Total: 0

VM state: not at safepoint (normal execution)

VM Mutex/Monitor currently owned by a thread:  ([mutex/lock_event])
[0x00007ff8d3cbd530] Metaspace_lock - owner thread: 0x000001d2ff704ba0

Heap address: 0x0000000703600000, size: 4042 MB, Compressed Oops mode: Zero based, Oop shift amount: 3

CDS archive(s) mapped at: [0x000001d29c000000-0x000001d29cba0000-0x000001d29cba0000), size 12189696, SharedBaseAddress: 0x000001d29c000000, ArchiveRelocationMode: 1.
Compressed class space mapped at: 0x000001d29d000000-0x000001d2dd000000, reserved size: 1073741824
Narrow klass base: 0x000001d29c000000, Narrow klass shift: 0, Narrow klass range: 0x100000000

GC Precious Log:
 CardTable entry size: 512
 Card Set container configuration: InlinePtr #cards 4 size 8 Array Of Cards #cards 16 size 48 Howl #buckets 8 coarsen threshold 3686 Howl Bitmap #cards 512 size 80 coarsen threshold 460 Card regions per heap region 1 cards per card region 4096
 CPUs: 8 total, 8 available
 Memory: 16165M
 Large Page Support: Disabled
 NUMA Support: Disabled
 Compressed Oops: Enabled (Zero based)
 Heap Region Size: 2M
 Heap Min Capacity: 8M
 Heap Initial Capacity: 254M
 Heap Max Capacity: 4042M
 Pre-touch: Disabled
 Parallel Workers: 8
 Concurrent Workers: 2
 Concurrent Refinement Workers: 8
 Periodic GC: Disabled

Heap:
 garbage-first heap   total 260096K, used 20480K [0x0000000703600000, 0x0000000800000000)
  region size 2048K, 10 young (20480K), 0 survivors (0K)
 Metaspace       used 5908K, committed 6016K, reserved 1114112K
  class space    used 615K, committed 704K, reserved 1048576K

Heap Regions: E=young(eden), S=young(survivor), O=old, HS=humongous(starts), HC=humongous(continues), CS=collection set, F=free, TAMS=top-at-mark-start, PB=parsable bottom
|   0|0x0000000703600000, 0x0000000703800000, 0x0000000703800000|100%|HS|  |TAMS 0x0000000703600000| PB 0x0000000703600000| Complete 
|   1|0x0000000703800000, 0x0000000703a00000, 0x0000000703a00000|100%|HC|  |TAMS 0x0000000703800000| PB 0x0000000703800000| Complete 
|   2|0x0000000703a00000, 0x0000000703a00000, 0x0000000703c00000|  0%| F|  |TAMS 0x0000000703a00000| PB 0x0000000703a00000| Untracked 
|   3|0x0000000703c00000, 0x0000000703c00000, 0x0000000703e00000|  0%| F|  |TAMS 0x0000000703c00000| PB 0x0000000703c00000| Untracked 
|   4|0x0000000703e00000, 0x0000000703e00000, 0x0000000704000000|  0%| F|  |TAMS 0x0000000703e00000| PB 0x0000000703e00000| Untracked 
|   5|0x0000000704000000, 0x0000000704000000, 0x0000000704200000|  0%| F|  |TAMS 0x0000000704000000| PB 0x0000000704000000| Untracked 
|   6|0x0000000704200000, 0x0000000704200000, 0x0000000704400000|  0%| F|  |TAMS 0x0000000704200000| PB 0x0000000704200000| Untracked 
|   7|0x0000000704400000, 0x0000000704400000, 0x0000000704600000|  0%| F|  |TAMS 0x0000000704400000| PB 0x0000000704400000| Untracked 
|   8|0x0000000704600000, 0x0000000704600000, 0x0000000704800000|  0%| F|  |TAMS 0x0000000704600000| PB 0x0000000704600000| Untracked 
|   9|0x0000000704800000, 0x0000000704800000, 0x0000000704a00000|  0%| F|  |TAMS 0x0000000704800000| PB 0x0000000704800000| Untracked 
|  10|0x0000000704a00000, 0x0000000704a00000, 0x0000000704c00000|  0%| F|  |TAMS 0x0000000704a00000| PB 0x0000000704a00000| Untracked 
|  11|0x0000000704c00000, 0x0000000704c00000, 0x0000000704e00000|  0%| F|  |TAMS 0x0000000704c00000| PB 0x0000000704c00000| Untracked 
|  12|0x0000000704e00000, 0x0000000704e00000, 0x0000000705000000|  0%| F|  |TAMS 0x0000000704e00000| PB 0x0000000704e00000| Untracked 
|  13|0x0000000705000000, 0x0000000705000000, 0x0000000705200000|  0%| F|  |TAMS 0x0000000705000000| PB 0x0000000705000000| Untracked 
|  14|0x0000000705200000, 0x0000000705200000, 0x0000000705400000|  0%| F|  |TAMS 0x0000000705200000| PB 0x0000000705200000| Untracked 
|  15|0x0000000705400000, 0x0000000705400000, 0x0000000705600000|  0%| F|  |TAMS 0x0000000705400000| PB 0x0000000705400000| Untracked 
|  16|0x0000000705600000, 0x0000000705600000, 0x0000000705800000|  0%| F|  |TAMS 0x0000000705600000| PB 0x0000000705600000| Untracked 
|  17|0x0000000705800000, 0x0000000705800000, 0x0000000705a00000|  0%| F|  |TAMS 0x0000000705800000| PB 0x0000000705800000| Untracked 
|  18|0x0000000705a00000, 0x0000000705a00000, 0x0000000705c00000|  0%| F|  |TAMS 0x0000000705a00000| PB 0x0000000705a00000| Untracked 
|  19|0x0000000705c00000, 0x0000000705c00000, 0x0000000705e00000|  0%| F|  |TAMS 0x0000000705c00000| PB 0x0000000705c00000| Untracked 
|  20|0x0000000705e00000, 0x0000000705e00000, 0x0000000706000000|  0%| F|  |TAMS 0x0000000705e00000| PB 0x0000000705e00000| Untracked 
|  21|0x0000000706000000, 0x0000000706000000, 0x0000000706200000|  0%| F|  |TAMS 0x0000000706000000| PB 0x0000000706000000| Untracked 
|  22|0x0000000706200000, 0x0000000706200000, 0x0000000706400000|  0%| F|  |TAMS 0x0000000706200000| PB 0x0000000706200000| Untracked 
|  23|0x0000000706400000, 0x0000000706400000, 0x0000000706600000|  0%| F|  |TAMS 0x0000000706400000| PB 0x0000000706400000| Untracked 
|  24|0x0000000706600000, 0x0000000706600000, 0x0000000706800000|  0%| F|  |TAMS 0x0000000706600000| PB 0x0000000706600000| Untracked 
|  25|0x0000000706800000, 0x0000000706800000, 0x0000000706a00000|  0%| F|  |TAMS 0x0000000706800000| PB 0x0000000706800000| Untracked 
|  26|0x0000000706a00000, 0x0000000706a00000, 0x0000000706c00000|  0%| F|  |TAMS 0x0000000706a00000| PB 0x0000000706a00000| Untracked 
|  27|0x0000000706c00000, 0x0000000706c00000, 0x0000000706e00000|  0%| F|  |TAMS 0x0000000706c00000| PB 0x0000000706c00000| Untracked 
|  28|0x0000000706e00000, 0x0000000706e00000, 0x0000000707000000|  0%| F|  |TAMS 0x0000000706e00000| PB 0x0000000706e00000| Untracked 
|  29|0x0000000707000000, 0x0000000707000000, 0x0000000707200000|  0%| F|  |TAMS 0x0000000707000000| PB 0x0000000707000000| Untracked 
|  30|0x0000000707200000, 0x0000000707200000, 0x0000000707400000|  0%| F|  |TAMS 0x0000000707200000| PB 0x0000000707200000| Untracked 
|  31|0x0000000707400000, 0x0000000707400000, 0x0000000707600000|  0%| F|  |TAMS 0x0000000707400000| PB 0x0000000707400000| Untracked 
|  32|0x0000000707600000, 0x0000000707600000, 0x0000000707800000|  0%| F|  |TAMS 0x0000000707600000| PB 0x0000000707600000| Untracked 
|  33|0x0000000707800000, 0x0000000707800000, 0x0000000707a00000|  0%| F|  |TAMS 0x0000000707800000| PB 0x0000000707800000| Untracked 
|  34|0x0000000707a00000, 0x0000000707a00000, 0x0000000707c00000|  0%| F|  |TAMS 0x0000000707a00000| PB 0x0000000707a00000| Untracked 
|  35|0x0000000707c00000, 0x0000000707c00000, 0x0000000707e00000|  0%| F|  |TAMS 0x0000000707c00000| PB 0x0000000707c00000| Untracked 
|  36|0x0000000707e00000, 0x0000000707e00000, 0x0000000708000000|  0%| F|  |TAMS 0x0000000707e00000| PB 0x0000000707e00000| Untracked 
|  37|0x0000000708000000, 0x0000000708000000, 0x0000000708200000|  0%| F|  |TAMS 0x0000000708000000| PB 0x0000000708000000| Untracked 
|  38|0x0000000708200000, 0x0000000708200000, 0x0000000708400000|  0%| F|  |TAMS 0x0000000708200000| PB 0x0000000708200000| Untracked 
|  39|0x0000000708400000, 0x0000000708400000, 0x0000000708600000|  0%| F|  |TAMS 0x0000000708400000| PB 0x0000000708400000| Untracked 
|  40|0x0000000708600000, 0x0000000708600000, 0x0000000708800000|  0%| F|  |TAMS 0x0000000708600000| PB 0x0000000708600000| Untracked 
|  41|0x0000000708800000, 0x0000000708800000, 0x0000000708a00000|  0%| F|  |TAMS 0x0000000708800000| PB 0x0000000708800000| Untracked 
|  42|0x0000000708a00000, 0x0000000708a00000, 0x0000000708c00000|  0%| F|  |TAMS 0x0000000708a00000| PB 0x0000000708a00000| Untracked 
|  43|0x0000000708c00000, 0x0000000708c00000, 0x0000000708e00000|  0%| F|  |TAMS 0x0000000708c00000| PB 0x0000000708c00000| Untracked 
|  44|0x0000000708e00000, 0x0000000708e00000, 0x0000000709000000|  0%| F|  |TAMS 0x0000000708e00000| PB 0x0000000708e00000| Untracked 
|  45|0x0000000709000000, 0x0000000709000000, 0x0000000709200000|  0%| F|  |TAMS 0x0000000709000000| PB 0x0000000709000000| Untracked 
|  46|0x0000000709200000, 0x0000000709200000, 0x0000000709400000|  0%| F|  |TAMS 0x0000000709200000| PB 0x0000000709200000| Untracked 
|  47|0x0000000709400000, 0x0000000709400000, 0x0000000709600000|  0%| F|  |TAMS 0x0000000709400000| PB 0x0000000709400000| Untracked 
|  48|0x0000000709600000, 0x0000000709600000, 0x0000000709800000|  0%| F|  |TAMS 0x0000000709600000| PB 0x0000000709600000| Untracked 
|  49|0x0000000709800000, 0x0000000709800000, 0x0000000709a00000|  0%| F|  |TAMS 0x0000000709800000| PB 0x0000000709800000| Untracked 
|  50|0x0000000709a00000, 0x0000000709a00000, 0x0000000709c00000|  0%| F|  |TAMS 0x0000000709a00000| PB 0x0000000709a00000| Untracked 
|  51|0x0000000709c00000, 0x0000000709c00000, 0x0000000709e00000|  0%| F|  |TAMS 0x0000000709c00000| PB 0x0000000709c00000| Untracked 
|  52|0x0000000709e00000, 0x0000000709e00000, 0x000000070a000000|  0%| F|  |TAMS 0x0000000709e00000| PB 0x0000000709e00000| Untracked 
|  53|0x000000070a000000, 0x000000070a000000, 0x000000070a200000|  0%| F|  |TAMS 0x000000070a000000| PB 0x000000070a000000| Untracked 
|  54|0x000000070a200000, 0x000000070a200000, 0x000000070a400000|  0%| F|  |TAMS 0x000000070a200000| PB 0x000000070a200000| Untracked 
|  55|0x000000070a400000, 0x000000070a400000, 0x000000070a600000|  0%| F|  |TAMS 0x000000070a400000| PB 0x000000070a400000| Untracked 
|  56|0x000000070a600000, 0x000000070a600000, 0x000000070a800000|  0%| F|  |TAMS 0x000000070a600000| PB 0x000000070a600000| Untracked 
|  57|0x000000070a800000, 0x000000070a800000, 0x000000070aa00000|  0%| F|  |TAMS 0x000000070a800000| PB 0x000000070a800000| Untracked 
|  58|0x000000070aa00000, 0x000000070aa00000, 0x000000070ac00000|  0%| F|  |TAMS 0x000000070aa00000| PB 0x000000070aa00000| Untracked 
|  59|0x000000070ac00000, 0x000000070ac00000, 0x000000070ae00000|  0%| F|  |TAMS 0x000000070ac00000| PB 0x000000070ac00000| Untracked 
|  60|0x000000070ae00000, 0x000000070ae00000, 0x000000070b000000|  0%| F|  |TAMS 0x000000070ae00000| PB 0x000000070ae00000| Untracked 
|  61|0x000000070b000000, 0x000000070b000000, 0x000000070b200000|  0%| F|  |TAMS 0x000000070b000000| PB 0x000000070b000000| Untracked 
|  62|0x000000070b200000, 0x000000070b200000, 0x000000070b400000|  0%| F|  |TAMS 0x000000070b200000| PB 0x000000070b200000| Untracked 
|  63|0x000000070b400000, 0x000000070b400000, 0x000000070b600000|  0%| F|  |TAMS 0x000000070b400000| PB 0x000000070b400000| Untracked 
|  64|0x000000070b600000, 0x000000070b600000, 0x000000070b800000|  0%| F|  |TAMS 0x000000070b600000| PB 0x000000070b600000| Untracked 
|  65|0x000000070b800000, 0x000000070b800000, 0x000000070ba00000|  0%| F|  |TAMS 0x000000070b800000| PB 0x000000070b800000| Untracked 
|  66|0x000000070ba00000, 0x000000070ba00000, 0x000000070bc00000|  0%| F|  |TAMS 0x000000070ba00000| PB 0x000000070ba00000| Untracked 
|  67|0x000000070bc00000, 0x000000070bc00000, 0x000000070be00000|  0%| F|  |TAMS 0x000000070bc00000| PB 0x000000070bc00000| Untracked 
|  68|0x000000070be00000, 0x000000070be00000, 0x000000070c000000|  0%| F|  |TAMS 0x000000070be00000| PB 0x000000070be00000| Untracked 
|  69|0x000000070c000000, 0x000000070c000000, 0x000000070c200000|  0%| F|  |TAMS 0x000000070c000000| PB 0x000000070c000000| Untracked 
|  70|0x000000070c200000, 0x000000070c200000, 0x000000070c400000|  0%| F|  |TAMS 0x000000070c200000| PB 0x000000070c200000| Untracked 
|  71|0x000000070c400000, 0x000000070c400000, 0x000000070c600000|  0%| F|  |TAMS 0x000000070c400000| PB 0x000000070c400000| Untracked 
|  72|0x000000070c600000, 0x000000070c600000, 0x000000070c800000|  0%| F|  |TAMS 0x000000070c600000| PB 0x000000070c600000| Untracked 
|  73|0x000000070c800000, 0x000000070c800000, 0x000000070ca00000|  0%| F|  |TAMS 0x000000070c800000| PB 0x000000070c800000| Untracked 
|  74|0x000000070ca00000, 0x000000070ca00000, 0x000000070cc00000|  0%| F|  |TAMS 0x000000070ca00000| PB 0x000000070ca00000| Untracked 
|  75|0x000000070cc00000, 0x000000070cc00000, 0x000000070ce00000|  0%| F|  |TAMS 0x000000070cc00000| PB 0x000000070cc00000| Untracked 
|  76|0x000000070ce00000, 0x000000070ce00000, 0x000000070d000000|  0%| F|  |TAMS 0x000000070ce00000| PB 0x000000070ce00000| Untracked 
|  77|0x000000070d000000, 0x000000070d000000, 0x000000070d200000|  0%| F|  |TAMS 0x000000070d000000| PB 0x000000070d000000| Untracked 
|  78|0x000000070d200000, 0x000000070d200000, 0x000000070d400000|  0%| F|  |TAMS 0x000000070d200000| PB 0x000000070d200000| Untracked 
|  79|0x000000070d400000, 0x000000070d400000, 0x000000070d600000|  0%| F|  |TAMS 0x000000070d400000| PB 0x000000070d400000| Untracked 
|  80|0x000000070d600000, 0x000000070d600000, 0x000000070d800000|  0%| F|  |TAMS 0x000000070d600000| PB 0x000000070d600000| Untracked 
|  81|0x000000070d800000, 0x000000070d800000, 0x000000070da00000|  0%| F|  |TAMS 0x000000070d800000| PB 0x000000070d800000| Untracked 
|  82|0x000000070da00000, 0x000000070da00000, 0x000000070dc00000|  0%| F|  |TAMS 0x000000070da00000| PB 0x000000070da00000| Untracked 
|  83|0x000000070dc00000, 0x000000070dc00000, 0x000000070de00000|  0%| F|  |TAMS 0x000000070dc00000| PB 0x000000070dc00000| Untracked 
|  84|0x000000070de00000, 0x000000070de00000, 0x000000070e000000|  0%| F|  |TAMS 0x000000070de00000| PB 0x000000070de00000| Untracked 
|  85|0x000000070e000000, 0x000000070e000000, 0x000000070e200000|  0%| F|  |TAMS 0x000000070e000000| PB 0x000000070e000000| Untracked 
|  86|0x000000070e200000, 0x000000070e200000, 0x000000070e400000|  0%| F|  |TAMS 0x000000070e200000| PB 0x000000070e200000| Untracked 
|  87|0x000000070e400000, 0x000000070e400000, 0x000000070e600000|  0%| F|  |TAMS 0x000000070e400000| PB 0x000000070e400000| Untracked 
|  88|0x000000070e600000, 0x000000070e600000, 0x000000070e800000|  0%| F|  |TAMS 0x000000070e600000| PB 0x000000070e600000| Untracked 
|  89|0x000000070e800000, 0x000000070e800000, 0x000000070ea00000|  0%| F|  |TAMS 0x000000070e800000| PB 0x000000070e800000| Untracked 
|  90|0x000000070ea00000, 0x000000070ea00000, 0x000000070ec00000|  0%| F|  |TAMS 0x000000070ea00000| PB 0x000000070ea00000| Untracked 
|  91|0x000000070ec00000, 0x000000070ec00000, 0x000000070ee00000|  0%| F|  |TAMS 0x000000070ec00000| PB 0x000000070ec00000| Untracked 
|  92|0x000000070ee00000, 0x000000070ee00000, 0x000000070f000000|  0%| F|  |TAMS 0x000000070ee00000| PB 0x000000070ee00000| Untracked 
|  93|0x000000070f000000, 0x000000070f000000, 0x000000070f200000|  0%| F|  |TAMS 0x000000070f000000| PB 0x000000070f000000| Untracked 
|  94|0x000000070f200000, 0x000000070f200000, 0x000000070f400000|  0%| F|  |TAMS 0x000000070f200000| PB 0x000000070f200000| Untracked 
|  95|0x000000070f400000, 0x000000070f400000, 0x000000070f600000|  0%| F|  |TAMS 0x000000070f400000| PB 0x000000070f400000| Untracked 
|  96|0x000000070f600000, 0x000000070f600000, 0x000000070f800000|  0%| F|  |TAMS 0x000000070f600000| PB 0x000000070f600000| Untracked 
|  97|0x000000070f800000, 0x000000070f800000, 0x000000070fa00000|  0%| F|  |TAMS 0x000000070f800000| PB 0x000000070f800000| Untracked 
|  98|0x000000070fa00000, 0x000000070fa00000, 0x000000070fc00000|  0%| F|  |TAMS 0x000000070fa00000| PB 0x000000070fa00000| Untracked 
|  99|0x000000070fc00000, 0x000000070fc00000, 0x000000070fe00000|  0%| F|  |TAMS 0x000000070fc00000| PB 0x000000070fc00000| Untracked 
| 100|0x000000070fe00000, 0x000000070fe00000, 0x0000000710000000|  0%| F|  |TAMS 0x000000070fe00000| PB 0x000000070fe00000| Untracked 
| 101|0x0000000710000000, 0x0000000710000000, 0x0000000710200000|  0%| F|  |TAMS 0x0000000710000000| PB 0x0000000710000000| Untracked 
| 102|0x0000000710200000, 0x0000000710200000, 0x0000000710400000|  0%| F|  |TAMS 0x0000000710200000| PB 0x0000000710200000| Untracked 
| 103|0x0000000710400000, 0x0000000710400000, 0x0000000710600000|  0%| F|  |TAMS 0x0000000710400000| PB 0x0000000710400000| Untracked 
| 104|0x0000000710600000, 0x0000000710600000, 0x0000000710800000|  0%| F|  |TAMS 0x0000000710600000| PB 0x0000000710600000| Untracked 
| 105|0x0000000710800000, 0x0000000710800000, 0x0000000710a00000|  0%| F|  |TAMS 0x0000000710800000| PB 0x0000000710800000| Untracked 
| 106|0x0000000710a00000, 0x0000000710a00000, 0x0000000710c00000|  0%| F|  |TAMS 0x0000000710a00000| PB 0x0000000710a00000| Untracked 
| 107|0x0000000710c00000, 0x0000000710c00000, 0x0000000710e00000|  0%| F|  |TAMS 0x0000000710c00000| PB 0x0000000710c00000| Untracked 
| 108|0x0000000710e00000, 0x0000000710e00000, 0x0000000711000000|  0%| F|  |TAMS 0x0000000710e00000| PB 0x0000000710e00000| Untracked 
| 109|0x0000000711000000, 0x0000000711000000, 0x0000000711200000|  0%| F|  |TAMS 0x0000000711000000| PB 0x0000000711000000| Untracked 
| 110|0x0000000711200000, 0x0000000711200000, 0x0000000711400000|  0%| F|  |TAMS 0x0000000711200000| PB 0x0000000711200000| Untracked 
| 111|0x0000000711400000, 0x0000000711400000, 0x0000000711600000|  0%| F|  |TAMS 0x0000000711400000| PB 0x0000000711400000| Untracked 
| 112|0x0000000711600000, 0x0000000711600000, 0x0000000711800000|  0%| F|  |TAMS 0x0000000711600000| PB 0x0000000711600000| Untracked 
| 113|0x0000000711800000, 0x0000000711800000, 0x0000000711a00000|  0%| F|  |TAMS 0x0000000711800000| PB 0x0000000711800000| Untracked 
| 114|0x0000000711a00000, 0x0000000711a00000, 0x0000000711c00000|  0%| F|  |TAMS 0x0000000711a00000| PB 0x0000000711a00000| Untracked 
| 115|0x0000000711c00000, 0x0000000711c00000, 0x0000000711e00000|  0%| F|  |TAMS 0x0000000711c00000| PB 0x0000000711c00000| Untracked 
| 116|0x0000000711e00000, 0x0000000711e00000, 0x0000000712000000|  0%| F|  |TAMS 0x0000000711e00000| PB 0x0000000711e00000| Untracked 
| 117|0x0000000712000000, 0x00000007121565b8, 0x0000000712200000| 66%| E|  |TAMS 0x0000000712000000| PB 0x0000000712000000| Complete 
| 118|0x0000000712200000, 0x0000000712400000, 0x0000000712400000|100%| E|CS|TAMS 0x0000000712200000| PB 0x0000000712200000| Complete 
| 119|0x0000000712400000, 0x0000000712600000, 0x0000000712600000|100%| E|CS|TAMS 0x0000000712400000| PB 0x0000000712400000| Complete 
| 120|0x0000000712600000, 0x0000000712800000, 0x0000000712800000|100%| E|CS|TAMS 0x0000000712600000| PB 0x0000000712600000| Complete 
| 121|0x0000000712800000, 0x0000000712a00000, 0x0000000712a00000|100%| E|CS|TAMS 0x0000000712800000| PB 0x0000000712800000| Complete 
| 122|0x0000000712a00000, 0x0000000712c00000, 0x0000000712c00000|100%| E|CS|TAMS 0x0000000712a00000| PB 0x0000000712a00000| Complete 
| 123|0x0000000712c00000, 0x0000000712e00000, 0x0000000712e00000|100%| E|  |TAMS 0x0000000712c00000| PB 0x0000000712c00000| Complete 
| 124|0x0000000712e00000, 0x0000000713000000, 0x0000000713000000|100%| E|CS|TAMS 0x0000000712e00000| PB 0x0000000712e00000| Complete 
| 125|0x0000000713000000, 0x0000000713200000, 0x0000000713200000|100%| E|CS|TAMS 0x0000000713000000| PB 0x0000000713000000| Complete 
| 126|0x0000000713200000, 0x0000000713400000, 0x0000000713400000|100%| E|CS|TAMS 0x0000000713200000| PB 0x0000000713200000| Complete 

Card table byte_map: [0x000001d294970000,0x000001d295160000] _byte_map_base: 0x000001d291155000

Marking Bits: (CMBitMap*) 0x000001d281cb3e80
 Bits: [0x000001d295160000, 0x000001d299088000)

Polling page: 0x000001d281410000

Metaspace:

Usage:
  Non-class:      5.17 MB used.
      Class:    615.40 KB used.
       Both:      5.77 MB used.

Virtual space:
  Non-class space:       64.00 MB reserved,       5.19 MB (  8%) committed,  1 nodes.
      Class space:        1.00 GB reserved,     704.00 KB ( <1%) committed,  1 nodes.
             Both:        1.06 GB reserved,       5.88 MB ( <1%) committed. 

Chunk freelists:
   Non-Class:  7.92 MB
       Class:  15.22 MB
        Both:  23.14 MB

MaxMetaspaceSize: unlimited
CompressedClassSpaceSize: 1.00 GB
Initial GC threshold: 21.00 MB
Current GC threshold: 21.00 MB
CDS: on
 - commit_granule_bytes: 65536.
 - commit_granule_words: 8192.
 - virtual_space_node_default_size: 8388608.
 - enlarge_chunks_in_place: 1.
 - use_allocation_guard: 0.


Internal statistics:

num_allocs_failed_limit: 0.
num_arena_births: 46.
num_arena_deaths: 0.
num_vsnodes_births: 2.
num_vsnodes_deaths: 0.
num_space_committed: 94.
num_space_uncommitted: 0.
num_chunks_returned_to_freelist: 0.
num_chunks_taken_from_freelist: 230.
num_chunk_merges: 0.
num_chunk_splits: 179.
num_chunks_enlarged: 157.
num_inconsistent_stats: 0.

CodeHeap 'non-profiled nmethods': size=120000Kb used=249Kb max_used=249Kb free=119751Kb
 bounds [0x000001d28c920000, 0x000001d28cb90000, 0x000001d293e50000]
CodeHeap 'profiled nmethods': size=120000Kb used=1291Kb max_used=1291Kb free=118708Kb
 bounds [0x000001d284e50000, 0x000001d2850c0000, 0x000001d28c380000]
CodeHeap 'non-nmethods': size=5760Kb used=1289Kb max_used=1301Kb free=4470Kb
 bounds [0x000001d28c380000, 0x000001d28c5f0000, 0x000001d28c920000]
CodeCache: size=245760Kb, used=2829Kb, max_used=2841Kb, free=242929Kb
 total_blobs=1227, nmethods=771, adapters=361, full_count=0
Compilation: enabled, stopped_count=0, restarted_count=0

Compilation events (20 events):
Event: 4.261 Thread 0x000001d29bacfd50  762       4       sun.net.www.ParseUtil::firstEncodeIndex (86 bytes)
Event: 4.264 Thread 0x000001d29bacfd50 nmethod 762 0x000001d28c95d190 code [0x000001d28c95d340, 0x000001d28c95d5d0]
Event: 4.275 Thread 0x000001d29bad7f60  763       3       java.util.ArrayList::<init> (61 bytes)
Event: 4.276 Thread 0x000001d29bad7f60 nmethod 763 0x000001d284f90d90 code [0x000001d284f91000, 0x000001d284f918e8]
Event: 4.276 Thread 0x000001d29bad7f60  764       1       java.util.Collections$1::hasNext (5 bytes)
Event: 4.276 Thread 0x000001d29bad7f60 nmethod 764 0x000001d28c95d810 code [0x000001d28c95d9a0, 0x000001d28c95da70]
Event: 4.276 Thread 0x000001d29bad7f60  767       3       java.util.Arrays::copyOf (10 bytes)
Event: 4.276 Thread 0x000001d29bad7f60 nmethod 767 0x000001d284f91c10 code [0x000001d284f91dc0, 0x000001d284f91f10]
Event: 4.276 Thread 0x000001d29bad7f60  765       1       java.util.Collections$SingletonList::size (2 bytes)
Event: 4.276 Thread 0x000001d29bad7f60 nmethod 765 0x000001d28c95db10 code [0x000001d28c95dca0, 0x000001d28c95dd68]
Event: 4.276 Thread 0x000001d29bad7f60  766       1       kotlin.collections.EmptyList::getSize (2 bytes)
Event: 4.276 Thread 0x000001d29bad7f60 nmethod 766 0x000001d28c95de10 code [0x000001d28c95dfa0, 0x000001d28c95e068]
Event: 4.276 Thread 0x000001d29bad7f60  768       1       org.jetbrains.kotlin.backend.common.phaser.AbstractNamedCompilerPhase::getName (5 bytes)
Event: 4.276 Thread 0x000001d29bad7f60 nmethod 768 0x000001d28c95e110 code [0x000001d28c95e2a0, 0x000001d28c95e370]
Event: 4.277 Thread 0x000001d29bad7f60  769       3       java.util.LinkedHashMap$LinkedHashIterator::hasNext (13 bytes)
Event: 4.277 Thread 0x000001d29bad7f60 nmethod 769 0x000001d284f92010 code [0x000001d284f921a0, 0x000001d284f92308]
Event: 4.277 Thread 0x000001d29bad7f60  770       3       java.util.LinkedHashMap$LinkedHashIterator::nextNode (68 bytes)
Event: 4.277 Thread 0x000001d29bad7f60 nmethod 770 0x000001d284f92390 code [0x000001d284f92580, 0x000001d284f929e0]
Event: 4.302 Thread 0x000001d29bad7f60  771       3       java.util.LinkedHashMap$LinkedKeyIterator::next (8 bytes)
Event: 4.303 Thread 0x000001d29bad7f60 nmethod 771 0x000001d284f92b90 code [0x000001d284f92d40, 0x000001d284f92e98]

GC Heap History (0 events):
No events

Dll operation events (12 events):
Event: 0.061 Attempting to load shared library C:\Users\USER\.antigravity-ide\extensions\redhat.java-1.56.0-win32-x64\jre\21.0.12.1-win32-x86_64\bin\java.dll
Event: 0.062 Loaded shared library C:\Users\USER\.antigravity-ide\extensions\redhat.java-1.56.0-win32-x64\jre\21.0.12.1-win32-x86_64\bin\java.dll
Event: 0.729 Attempting to load shared library C:\Users\USER\.antigravity-ide\extensions\redhat.java-1.56.0-win32-x64\jre\21.0.12.1-win32-x86_64\bin\net.dll
Event: 0.886 Loaded shared library C:\Users\USER\.antigravity-ide\extensions\redhat.java-1.56.0-win32-x64\jre\21.0.12.1-win32-x86_64\bin\net.dll
Event: 0.888 Attempting to load shared library C:\Users\USER\.antigravity-ide\extensions\redhat.java-1.56.0-win32-x64\jre\21.0.12.1-win32-x86_64\bin\nio.dll
Event: 0.888 Loaded shared library C:\Users\USER\.antigravity-ide\extensions\redhat.java-1.56.0-win32-x64\jre\21.0.12.1-win32-x86_64\bin\nio.dll
Event: 0.918 Attempting to load shared library C:\Users\USER\.antigravity-ide\extensions\redhat.java-1.56.0-win32-x64\jre\21.0.12.1-win32-x86_64\bin\zip.dll
Event: 0.954 Loaded shared library C:\Users\USER\.antigravity-ide\extensions\redhat.java-1.56.0-win32-x64\jre\21.0.12.1-win32-x86_64\bin\zip.dll
Event: 1.002 Attempting to load shared library C:\Users\USER\.antigravity-ide\extensions\redhat.java-1.56.0-win32-x64\jre\21.0.12.1-win32-x86_64\bin\zip.dll
Event: 1.002 Loaded shared library C:\Users\USER\.antigravity-ide\extensions\redhat.java-1.56.0-win32-x64\jre\21.0.12.1-win32-x86_64\bin\zip.dll
Event: 1.017 Attempting to load shared library C:\Users\USER\.antigravity-ide\extensions\redhat.java-1.56.0-win32-x64\jre\21.0.12.1-win32-x86_64\bin\jimage.dll
Event: 1.017 Loaded shared library C:\Users\USER\.antigravity-ide\extensions\redhat.java-1.56.0-win32-x64\jre\21.0.12.1-win32-x86_64\bin\jimage.dll

Deoptimization events (20 events):
Event: 1.397 Thread 0x000001d2ff704ba0 DEOPT PACKING pc=0x000001d28c92de2c sp=0x00000072a74fc230
Event: 1.397 Thread 0x000001d2ff704ba0 DEOPT UNPACKING pc=0x000001d28c3d4422 sp=0x00000072a74fc168 mode 2
Event: 1.565 Thread 0x000001d2ff704ba0 DEOPT PACKING pc=0x000001d284e672fc sp=0x00000072a74f93e0
Event: 1.565 Thread 0x000001d2ff704ba0 DEOPT UNPACKING pc=0x000001d28c3d4bc2 sp=0x00000072a74f8800 mode 0
Event: 1.598 Thread 0x000001d2ff704ba0 DEOPT PACKING pc=0x000001d284e672fc sp=0x00000072a74fe210
Event: 1.598 Thread 0x000001d2ff704ba0 DEOPT UNPACKING pc=0x000001d28c3d4bc2 sp=0x00000072a74fd630 mode 0
Event: 3.143 Thread 0x000001d2ff704ba0 Uncommon trap: trap_request=0xffffff6e fr.pc=0x000001d28c934d5c relative=0x00000000000001bc
Event: 3.143 Thread 0x000001d2ff704ba0 Uncommon trap: reason=loop_limit_check action=maybe_recompile pc=0x000001d28c934d5c method=java.lang.StringLatin1.lastIndexOf([BII)I @ 19 c2
Event: 3.143 Thread 0x000001d2ff704ba0 DEOPT PACKING pc=0x000001d28c934d5c sp=0x00000072a74fc9c0
Event: 3.143 Thread 0x000001d2ff704ba0 DEOPT UNPACKING pc=0x000001d28c3d4422 sp=0x00000072a74fc940 mode 2
Event: 3.485 Thread 0x000001d2ff704ba0 Uncommon trap: trap_request=0xffffff45 fr.pc=0x000001d28c93ec94 relative=0x0000000000000174
Event: 3.485 Thread 0x000001d2ff704ba0 Uncommon trap: reason=unstable_if action=reinterpret pc=0x000001d28c93ec94 method=java.util.concurrent.locks.ReentrantLock$NonfairSync.initialTryLock()Z @ 10 c2
Event: 3.485 Thread 0x000001d2ff704ba0 DEOPT PACKING pc=0x000001d28c93ec94 sp=0x00000072a74fe860
Event: 3.485 Thread 0x000001d2ff704ba0 DEOPT UNPACKING pc=0x000001d28c3d4422 sp=0x00000072a74fe808 mode 2
Event: 3.485 Thread 0x000001d2ff704ba0 Uncommon trap: trap_request=0xffffff45 fr.pc=0x000001d28c93e578 relative=0x00000000000000d8
Event: 3.485 Thread 0x000001d2ff704ba0 Uncommon trap: reason=unstable_if action=reinterpret pc=0x000001d28c93e578 method=java.util.concurrent.locks.ReentrantLock$Sync.tryRelease(I)Z @ 26 c2
Event: 3.485 Thread 0x000001d2ff704ba0 DEOPT PACKING pc=0x000001d28c93e578 sp=0x00000072a74fe860
Event: 3.485 Thread 0x000001d2ff704ba0 DEOPT UNPACKING pc=0x000001d28c3d4422 sp=0x00000072a74fe800 mode 2
Event: 4.264 Thread 0x000001d2ff704ba0 DEOPT PACKING pc=0x000001d284e9d4c5 sp=0x00000072a74fcfb0
Event: 4.264 Thread 0x000001d2ff704ba0 DEOPT UNPACKING pc=0x000001d28c3d4bc2 sp=0x00000072a74fc4b8 mode 0

Classes loaded (20 events):
Event: 3.886 Loading class java/lang/invoke/DirectMethodHandle$Special
Event: 3.886 Loading class java/lang/invoke/DirectMethodHandle$Special done
Event: 3.919 Loading class java/lang/ThreadLocal$SuppliedThreadLocal
Event: 3.919 Loading class java/lang/ThreadLocal$SuppliedThreadLocal done
Event: 4.165 Loading class java/util/concurrent/atomic/AtomicReferenceFieldUpdater
Event: 4.165 Loading class java/util/concurrent/atomic/AtomicReferenceFieldUpdater done
Event: 4.165 Loading class java/util/concurrent/atomic/AtomicReferenceFieldUpdater$AtomicReferenceFieldUpdaterImpl
Event: 4.166 Loading class java/util/concurrent/atomic/AtomicReferenceFieldUpdater$AtomicReferenceFieldUpdaterImpl done
Event: 4.166 Loading class java/util/concurrent/atomic/AtomicReferenceFieldUpdater$AtomicReferenceFieldUpdaterImpl$1
Event: 4.166 Loading class java/util/concurrent/atomic/AtomicReferenceFieldUpdater$AtomicReferenceFieldUpdaterImpl$1 done
Event: 4.166 Loading class sun/reflect/misc/ReflectUtil
Event: 4.166 Loading class sun/reflect/misc/ReflectUtil done
Event: 4.273 Loading class java/util/AbstractList$RandomAccessSubList
Event: 4.273 Loading class java/util/AbstractList$SubList
Event: 4.273 Loading class java/util/AbstractList$SubList done
Event: 4.273 Loading class java/util/AbstractList$RandomAccessSubList done
Event: 4.276 Loading class java/util/LinkedHashMap$LinkedKeySet
Event: 4.277 Loading class java/util/LinkedHashMap$LinkedKeySet done
Event: 4.277 Loading class java/util/LinkedHashMap$LinkedKeyIterator
Event: 4.277 Loading class java/util/LinkedHashMap$LinkedKeyIterator done

Classes unloaded (0 events):
No events

Classes redefined (0 events):
No events

Internal exceptions (7 events):
Event: 2.538 Thread 0x000001d2ff704ba0 Exception <a 'java/lang/NoSuchMethodError'{0x00000007128aec70}: 'void java.lang.invoke.DirectMethodHandle$Holder.invokeSpecial(java.lang.Object, java.lang.Object, int)'> (0x00000007128aec70) 
thrown [s\src\hotspot\share\interpreter\linkResolver.cpp, line 773]
Event: 2.539 Thread 0x000001d2ff704ba0 Exception <a 'java/lang/NoSuchMethodError'{0x00000007128b39d8}: 'int java.lang.invoke.DirectMethodHandle$Holder.invokeSpecial(java.lang.Object, java.lang.Object, java.lang.Object, int)'> (0x00000007128b39d8) 
thrown [s\src\hotspot\share\interpreter\linkResolver.cpp, line 773]
Event: 2.541 Thread 0x000001d2ff704ba0 Exception <a 'java/lang/NoSuchMethodError'{0x00000007128c6320}: 'java.lang.Object java.lang.invoke.DirectMethodHandle$Holder.invokeStatic(java.lang.Object, java.lang.Object, java.lang.Object, java.lang.Object, int)'> (0x00000007128c6320) 
thrown [s\src\hotspot\share\interpreter\linkResolver.cpp, line 773]
Event: 2.543 Thread 0x000001d2ff704ba0 Exception <a 'java/lang/NoSuchMethodError'{0x00000007128d1438}: 'void java.lang.invoke.DelegatingMethodHandle$Holder.reinvoke_L(java.lang.Object, java.lang.Object, int)'> (0x00000007128d1438) 
thrown [s\src\hotspot\share\interpreter\linkResolver.cpp, line 773]
Event: 2.546 Thread 0x000001d2ff704ba0 Exception <a 'java/lang/NoSuchMethodError'{0x00000007128d94a8}: 'int java.lang.invoke.DirectMethodHandle$Holder.invokeSpecial(java.lang.Object, java.lang.Object, java.lang.Object)'> (0x00000007128d94a8) 
thrown [s\src\hotspot\share\interpreter\linkResolver.cpp, line 773]
Event: 2.803 Thread 0x000001d2ff704ba0 Exception <a 'java/lang/NoSuchMethodError'{0x00000007128e4480}: 'void java.lang.invoke.DirectMethodHandle$Holder.invokeSpecial(java.lang.Object, java.lang.Object, java.lang.Object)'> (0x00000007128e4480) 
thrown [s\src\hotspot\share\interpreter\linkResolver.cpp, line 773]
Event: 3.882 Thread 0x000001d2ff704ba0 Exception <a 'java/lang/NoSuchMethodError'{0x00000007124e76d0}: 'int java.lang.invoke.DirectMethodHandle$Holder.invokeVirtual(java.lang.Object, java.lang.Object, java.lang.Object)'> (0x00000007124e76d0) 
thrown [s\src\hotspot\share\interpreter\linkResolver.cpp, line 773]

ZGC Phase Switch (0 events):
No events

VM Operations (10 events):
Event: 0.956 Executing non-safepoint VM operation: HandshakeAllThreads (Deoptimize)
Event: 0.956 Executing non-safepoint VM operation: HandshakeAllThreads (Deoptimize) done
Event: 1.968 Executing safepoint VM operation: Cleanup
Event: 2.031 Executing safepoint VM operation: Cleanup done
Event: 3.034 Executing safepoint VM operation: Cleanup
Event: 3.050 Executing safepoint VM operation: Cleanup done
Event: 3.132 Executing non-safepoint VM operation: HandshakeAllThreads (Deoptimize)
Event: 3.132 Executing non-safepoint VM operation: HandshakeAllThreads (Deoptimize) done
Event: 4.146 Executing safepoint VM operation: Cleanup
Event: 4.146 Executing safepoint VM operation: Cleanup done

Memory protections (0 events):
No events

Nmethod flushes (0 events):
No events

Events (17 events):
Event: 0.079 Thread 0x000001d2ff704ba0 Thread added: 0x000001d2ff704ba0
Event: 0.314 Thread 0x000001d2ff704ba0 Thread added: 0x000001d29bac5170
Event: 0.314 Thread 0x000001d2ff704ba0 Thread added: 0x000001d29bac7900
Event: 0.314 Thread 0x000001d2ff704ba0 Thread added: 0x000001d29bacd0a0
Event: 0.314 Thread 0x000001d2ff704ba0 Thread added: 0x000001d29bacdb00
Event: 0.314 Thread 0x000001d2ff704ba0 Thread added: 0x000001d29bace560
Event: 0.314 Thread 0x000001d2ff704ba0 Thread added: 0x000001d29bacefc0
Event: 0.355 Thread 0x000001d2ff704ba0 Thread added: 0x000001d29bacfd50
Event: 0.411 Thread 0x000001d2ff704ba0 Thread added: 0x000001d29bad7f60
Event: 0.617 Thread 0x000001d2ff704ba0 Thread added: 0x000001d29bb69010
Event: 0.691 Thread 0x000001d2ff704ba0 Thread added: 0x000001d29bb74c60
Event: 0.907 Thread 0x000001d29bacfd50 Thread added: 0x000001d29bca2110
Event: 0.907 Thread 0x000001d29bacfd50 Thread added: 0x000001d29bca4be0
Event: 1.055 Thread 0x000001d29bca4be0 Thread exited: 0x000001d29bca4be0
Event: 1.126 Thread 0x000001d29bca2110 Thread exited: 0x000001d29bca2110
Event: 2.088 Thread 0x000001d29bacfd50 Thread added: 0x000001d2e101f4b0
Event: 2.305 Thread 0x000001d2e101f4b0 Thread exited: 0x000001d2e101f4b0


Dynamic libraries:
0x00007ff7d2e90000 - 0x00007ff7d2e9e000 	C:\Users\USER\.antigravity-ide\extensions\redhat.java-1.56.0-win32-x64\jre\21.0.12.1-win32-x86_64\bin\java.exe
0x00007ff995f60000 - 0x00007ff9961c7000 	C:\WINDOWS\SYSTEM32\ntdll.dll
0x00007ff995170000 - 0x00007ff995239000 	C:\WINDOWS\System32\KERNEL32.DLL
0x00007ff992e80000 - 0x00007ff993277000 	C:\WINDOWS\System32\KERNELBASE.dll
0x00007ff992d30000 - 0x00007ff992e7b000 	C:\WINDOWS\System32\ucrtbase.dll
0x00007ff96f100000 - 0x00007ff96f118000 	C:\Users\USER\.antigravity-ide\extensions\redhat.java-1.56.0-win32-x64\jre\21.0.12.1-win32-x86_64\bin\jli.dll
0x00007ff993db0000 - 0x00007ff993f76000 	C:\WINDOWS\System32\USER32.dll
0x00007ff992c70000 - 0x00007ff992c97000 	C:\WINDOWS\System32\win32u.dll
0x00007ff995a90000 - 0x00007ff995abb000 	C:\WINDOWS\System32\GDI32.dll
0x00007ff993280000 - 0x00007ff9933ac000 	C:\WINDOWS\System32\gdi32full.dll
0x00007ff992bc0000 - 0x00007ff992c63000 	C:\WINDOWS\System32\msvcp_win.dll
0x00007ff974d30000 - 0x00007ff974d4e000 	C:\Users\USER\.antigravity-ide\extensions\redhat.java-1.56.0-win32-x64\jre\21.0.12.1-win32-x86_64\bin\VCRUNTIME140.dll
0x00007ff980750000 - 0x00007ff9809e2000 	C:\WINDOWS\WinSxS\amd64_microsoft.windows.common-controls_6595b64144ccf1df_6.0.26100.8457_none_3e0b2faee331e92d\COMCTL32.dll
0x00007ff9959e0000 - 0x00007ff995a89000 	C:\WINDOWS\System32\msvcrt.dll
0x00007ff995ac0000 - 0x00007ff995af2000 	C:\WINDOWS\System32\IMM32.DLL
0x00007ff98ed30000 - 0x00007ff98ed3c000 	C:\Users\USER\.antigravity-ide\extensions\redhat.java-1.56.0-win32-x64\jre\21.0.12.1-win32-x86_64\bin\vcruntime140_1.dll
0x00007ff968700000 - 0x00007ff96878d000 	C:\Users\USER\.antigravity-ide\extensions\redhat.java-1.56.0-win32-x64\jre\21.0.12.1-win32-x86_64\bin\msvcp140.dll
0x00007ff8d3000000 - 0x00007ff8d3da2000 	C:\Users\USER\.antigravity-ide\extensions\redhat.java-1.56.0-win32-x64\jre\21.0.12.1-win32-x86_64\bin\server\jvm.dll
0x00007ff993ce0000 - 0x00007ff993d96000 	C:\WINDOWS\System32\ADVAPI32.dll
0x00007ff995c00000 - 0x00007ff995ca7000 	C:\WINDOWS\System32\sechost.dll
0x00007ff9952d0000 - 0x00007ff9953e8000 	C:\WINDOWS\System32\RPCRT4.dll
0x00007ff995240000 - 0x00007ff9952c0000 	C:\WINDOWS\System32\WS2_32.dll
0x00007ff9927f0000 - 0x00007ff99284e000 	C:\WINDOWS\SYSTEM32\POWRPROF.dll
0x00007ff977860000 - 0x00007ff977896000 	C:\WINDOWS\SYSTEM32\WINMM.dll
0x00007ff987410000 - 0x00007ff98741b000 	C:\WINDOWS\SYSTEM32\VERSION.dll
0x00007ff9927d0000 - 0x00007ff9927e4000 	C:\WINDOWS\SYSTEM32\UMPDC.dll
0x00007ff9916e0000 - 0x00007ff9916fb000 	C:\WINDOWS\SYSTEM32\kernel.appcore.dll
0x00007ff97d550000 - 0x00007ff97d55a000 	C:\Users\USER\.antigravity-ide\extensions\redhat.java-1.56.0-win32-x64\jre\21.0.12.1-win32-x86_64\bin\jimage.dll
0x00007ff9778a0000 - 0x00007ff977ae2000 	C:\WINDOWS\SYSTEM32\DBGHELP.DLL
0x00007ff9949d0000 - 0x00007ff994d53000 	C:\WINDOWS\System32\combase.dll
0x00007ff994d60000 - 0x00007ff994e39000 	C:\WINDOWS\System32\OLEAUT32.dll
0x00007ff98ed80000 - 0x00007ff98edbb000 	C:\WINDOWS\SYSTEM32\dbgcore.DLL
0x00007ff992b10000 - 0x00007ff992bb8000 	C:\WINDOWS\System32\bcryptPrimitives.dll
0x00007ff96b550000 - 0x00007ff96b570000 	C:\Users\USER\.antigravity-ide\extensions\redhat.java-1.56.0-win32-x64\jre\21.0.12.1-win32-x86_64\bin\java.dll
0x00007ff994150000 - 0x00007ff9948be000 	C:\WINDOWS\System32\SHELL32.dll
0x00007ff9933b0000 - 0x00007ff993c1c000 	C:\WINDOWS\System32\windows.storage.dll
0x00007ff9948d0000 - 0x00007ff9949c6000 	C:\WINDOWS\System32\SHCORE.dll
0x00007ff995440000 - 0x00007ff9954a6000 	C:\WINDOWS\System32\shlwapi.dll
0x00007ff9928b0000 - 0x00007ff9928d9000 	C:\WINDOWS\SYSTEM32\profapi.dll
0x00007ff977af0000 - 0x00007ff977b00000 	C:\Users\USER\.antigravity-ide\extensions\redhat.java-1.56.0-win32-x64\jre\21.0.12.1-win32-x86_64\bin\net.dll
0x00007ff98cc30000 - 0x00007ff98cd59000 	C:\WINDOWS\SYSTEM32\WINHTTP.dll
0x00007ff991c30000 - 0x00007ff991c9c000 	C:\WINDOWS\system32\mswsock.dll
0x00007ff9630b0000 - 0x00007ff9630c6000 	C:\Users\USER\.antigravity-ide\extensions\redhat.java-1.56.0-win32-x64\jre\21.0.12.1-win32-x86_64\bin\nio.dll
0x00007ff969240000 - 0x00007ff969258000 	C:\Users\USER\.antigravity-ide\extensions\redhat.java-1.56.0-win32-x64\jre\21.0.12.1-win32-x86_64\bin\zip.dll

JVMTI agents: none

dbghelp: loaded successfully - version: 4.0.5 - missing functions: none
symbol engine: initialized successfully - sym options: 0x614 - pdb path: .;C:\Users\USER\.antigravity-ide\extensions\redhat.java-1.56.0-win32-x64\jre\21.0.12.1-win32-x86_64\bin;C:\WINDOWS\SYSTEM32;C:\WINDOWS\WinSxS\amd64_microsoft.windows.common-controls_6595b64144ccf1df_6.0.26100.8457_none_3e0b2faee331e92d;C:\Users\USER\.antigravity-ide\extensions\redhat.java-1.56.0-win32-x64\jre\21.0.12.1-win32-x86_64\bin\server

VM Arguments:
java_command: org.jetbrains.kotlin.cli.jvm.K2JVMCompiler @D:\flutter\packages\flutter_tools\gradle\build\20260908_15068966865132869976.compiler.options
java_class_path (initial): D:\gradle_cache\caches\modules-2\files-2.1\org.jetbrains.kotlin\kotlin-compiler-embeddable\1.9.22\9cd4dc7773cf2a99ecd961a88fbbc9a2da3fb5e1\kotlin-compiler-embeddable-1.9.22.jar;D:\gradle_cache\caches\modules-2\files-2.1\org.jetbrains.kotlin\kotlin-stdlib\1.9.22\d6c44cd08d8f3f9bece8101216dbe6553365c6e3\kotlin-stdlib-1.9.22.jar;D:\gradle_cache\caches\modules-2\files-2.1\org.jetbrains.kotlin\kotlin-script-runtime\1.9.22\f8139a46fc677ec9badc49ae954392f4f5e7e7c7\kotlin-script-runtime-1.9.22.jar;D:\gradle_cache\caches\modules-2\files-2.1\org.jetbrains.kotlin\kotlin-reflect\1.6.10\1cbe9c92c12a94eea200d23c2bbaedaf3daf5132\kotlin-reflect-1.6.10.jar;D:\gradle_cache\caches\modules-2\files-2.1\org.jetbrains.kotlin\kotlin-daemon-embeddable\1.9.22\20e2c5df715f3240c765cfc222530e2796542021\kotlin-daemon-embeddable-1.9.22.jar;D:\gradle_cache\caches\modules-2\files-2.1\org.jetbrains.intellij.deps\trove4j\1.0.20200330\3afb14d5f9ceb459d724e907a21145e8ff394f02\trove4j-1.0.20200330.jar;D:\gradle_cache\caches\modules-2\files-2.1\org.jetbrains\annotations\13.0\919f0dfe192fb4e063e7dacadee7f8bb9a2672a9\annotations-13.0.jar
Launcher Type: SUN_STANDARD

[Global flags]
     intx CICompilerCount                          = 4                                         {product} {ergonomic}
     uint ConcGCThreads                            = 2                                         {product} {ergonomic}
     uint G1ConcRefinementThreads                  = 8                                         {product} {ergonomic}
   size_t G1HeapRegionSize                         = 2097152                                   {product} {ergonomic}
    uintx GCDrainStackTargetSize                   = 64                                        {product} {ergonomic}
   size_t InitialHeapSize                          = 266338304                                 {product} {ergonomic}
   size_t MarkStackSize                            = 4194304                                   {product} {ergonomic}
   size_t MaxHeapSize                              = 4238344192                                {product} {ergonomic}
   size_t MaxNewSize                               = 2541748224                                {product} {ergonomic}
   size_t MinHeapDeltaBytes                        = 2097152                                   {product} {ergonomic}
   size_t MinHeapSize                              = 8388608                                   {product} {ergonomic}
    uintx NonNMethodCodeHeapSize                   = 5839372                                {pd product} {ergonomic}
    uintx NonProfiledCodeHeapSize                  = 122909434                              {pd product} {ergonomic}
    uintx ProfiledCodeHeapSize                     = 122909434                              {pd product} {ergonomic}
    uintx ReservedCodeCacheSize                    = 251658240                              {pd product} {ergonomic}
     bool SegmentedCodeCache                       = true                                      {product} {ergonomic}
   size_t SoftMaxHeapSize                          = 4238344192                             {manageable} {ergonomic}
     bool UseCompressedOops                        = true                           {product lp64_product} {ergonomic}
     bool UseG1GC                                  = true                                      {product} {ergonomic}
     bool UseLargePagesIndividualAllocation        = false                                  {pd product} {ergonomic}

Logging:
Log output configuration:
 #0: stdout all=warning uptime,level,tags foldmultilines=false
 #1: stderr all=off uptime,level,tags foldmultilines=false

Release file:
JAVA_VERSION="21.0.12.1" 
MODULES="java.base java.compiler java.datatransfer java.xml java.prefs java.desktop java.instrument java.logging java.management java.security.sasl java.naming java.rmi java.management.rmi java.net.http java.scripting java.security.jgss java.transaction.xa java.sql java.sql.rowset java.xml.crypto java.se java.smartcardio jdk.accessibility jdk.internal.jvmstat jdk.attach jdk.charsets jdk.internal.opt jdk.zipfs jdk.compiler jdk.crypto.ec jdk.crypto.cryptoki jdk.crypto.mscapi jdk.dynalink jdk.internal.ed jdk.editpad jdk.hotspot.agent jdk.httpserver jdk.internal.le jdk.internal.vm.ci jdk.internal.vm.compiler jdk.internal.vm.compiler.management jdk.jartool jdk.javadoc jdk.jcmd jdk.management jdk.management.agent jdk.jconsole jdk.jdeps jdk.jdwp.agent jdk.jdi jdk.jfr jdk.jshell jdk.jsobject jdk.jstatd jdk.localedata jdk.management.jfr jdk.naming.dns jdk.naming.rmi jdk.net jdk.nio.mapmode jdk.random jdk.sctp jdk.security.auth jdk.security.jgss jdk.unsupported jdk.unsupported.desktop jdk.xml.dom" 

Environment Variables:
PATH=C:\Program Files\Common Files\Oracle\Java\javapath;C:\Program Files (x86)\Common Files\Intel\Shared Libraries\redist\intel64\compiler;C:\WINDOWS\system32;C:\WINDOWS;C:\WINDOWS\System32\Wbem;C:\WINDOWS\System32\WindowsPowerShell\v1.0\;C:\WINDOWS\System32\OpenSSH\;C:\ProgramData\chocolatey\bin;C:\Program Files\Git\cmd;C:\Users\USER\AppData\Roaming\nvm;C:\Program Files\nodejs;C:\Program Files\nodejs\;D:\flutter\bin;C:\Users\USER\AppData\Local\Android\Sdk\platform-tools;D:\Java;C:\Users\USER\AppData\Local\Android\Sdk\tools\bin;C:\Users\USER\AppData\Local\Microsoft\WindowsApps;C:\Users\USER\AppData\Local\Programs\Microsoft VS Code\bin;C:\Program Files\Git\bin;C:\Users\USER\AppData\Roaming\npm;C:\Users\USER\AppData\Local\Pub\Cache\bin;C:\Program Files\Android\Android Studio\bin;D:\cursor\resources\app\bin;C:\Users\USER\AppData\Local\PowerToys\;C:\Users\USER\AppData\Local\Programs\Antigravity IDE\bin
USERNAME=USER
OS=Windows_NT
PROCESSOR_IDENTIFIER=Intel64 Family 6 Model 165 Stepping 3, GenuineIntel
TMP=C:\Users\USER\AppData\Local\Temp
TEMP=C:\Users\USER\AppData\Local\Temp




Periodic native trim disabled

---------------  S Y S T E M  ---------------

OS:
 Windows 11 , 64 bit Build 26100 (10.0.26100.8328)
OS uptime: 0 days 5:52 hours
Hyper-V role detected

CPU: total 8 (initial active 8) (4 cores per cpu, 2 threads per core) family 6 model 165 stepping 3 microcode 0xea, cx8, cmov, fxsr, ht, mmx, 3dnowpref, sse, sse2, sse3, ssse3, sse4.1, sse4.2, popcnt, lzcnt, tsc, tscinvbit, avx, avx2, aes, erms, clmul, bmi1, bmi2, adx, fma, vzeroupper, clflush, clflushopt, hv, rdtscp, f16c
Processor Information for the first 8 processors :
  Max Mhz: 3696, Current Mhz: 3696, Mhz Limit: 3696

Memory: 4k page, system-wide physical 16165M (721M free)
TotalPageFile size 28450M (AvailPageFile size 0M)
current process WorkingSet (physical memory assigned to process): 71M, peak: 71M
current process commit charge ("private bytes"): 348M, peak: 348M

vm_info: OpenJDK 64-Bit Server VM (21.0.12.1+1-LTS) for windows-amd64 JRE (21.0.12.1+1-LTS), built on 2026-08-18T00:00:00Z by "admin" with MS VC++ 17.12 (VS2022)

END.
